
 Start         Length     Name                   Class
 0001:00401000 000285F4H .text                   CODE
 0002:0042A000 00000194H .itext                  ICODE
 0003:0042B000 000001D8H .data                   DATA
 0004:0042C000 000001A8H .bss                    BSS
 0005:00000000 00000000H .tls                    TLS
 0006:00400000 00000000H .pdata                  PDATA


Detailed map of segments

 0001:00000000 00000288 C=CODE     S=.text    G=(none)   M=System   ACBP=A9
 0001:00000288 000007CC C=CODE     S=.text    G=(none)   M=SysInit  ACBP=A9
 0001:00000A54 000000F8 C=CODE     S=.text    G=(none)   M=Winapi.Windows ACBP=A9
 0001:00000B4C 00000008 C=CODE     S=.text    G=(none)   M=System.Internal.ExcUtils ACBP=A9
 0001:00000B54 000000F8 C=CODE     S=.text    G=(none)   M=System.SysUtils ACBP=A9
 0001:00000C4C 00000008 C=CODE     S=.text    G=(none)   M=System.VarUtils ACBP=A9
 0001:00000C54 00000138 C=CODE     S=.text    G=(none)   M=System.Variants ACBP=A9
 0001:00000D8C 00000008 C=CODE     S=.text    G=(none)   M=System.TypInfo ACBP=A9
 0001:00000D94 00000128 C=CODE     S=.text    G=(none)   M=System.Classes ACBP=A9
 0001:00000EBC 00002BC8 C=CODE     S=.text    G=(none)   M=SQLite3  ACBP=A9
 0001:00003A84 00000008 C=CODE     S=.text    G=(none)   M=System.Math ACBP=A9
 0001:00003A8C 00000008 C=CODE     S=.text    G=(none)   M=System.TimeSpan ACBP=A9
 0001:00003A94 00000008 C=CODE     S=.text    G=(none)   M=System.SyncObjs ACBP=A9
 0001:00003A9C 00000008 C=CODE     S=.text    G=(none)   M=System.StrUtils ACBP=A9
 0001:00003AA4 00000008 C=CODE     S=.text    G=(none)   M=System.Generics.Defaults ACBP=A9
 0001:00003AAC 00000008 C=CODE     S=.text    G=(none)   M=System.Generics.Collections ACBP=A9
 0001:00003AB4 00000008 C=CODE     S=.text    G=(none)   M=System.DateUtils ACBP=A9
 0001:00003ABC 00000008 C=CODE     S=.text    G=(none)   M=Data.SqlTimSt ACBP=A9
 0001:00003AC4 00000008 C=CODE     S=.text    G=(none)   M=Data.FmtBcd ACBP=A9
 0001:00003ACC 00000388 C=CODE     S=.text    G=(none)   M=Data.DB  ACBP=A9
 0001:00003E54 00000008 C=CODE     S=.text    G=(none)   M=System.Rtti ACBP=A9
 0001:00003E5C 0001EF50 C=CODE     S=.text    G=(none)   M=SQLiteTable3 ACBP=A9
 0001:00022DAC 00000010 C=CODE     S=.text    G=(none)   M=System.Win.ComObj ACBP=A9
 0001:00022DBC 00000008 C=CODE     S=.text    G=(none)   M=Datasnap.DSIntf ACBP=A9
 0001:00022DC4 00000008 C=CODE     S=.text    G=(none)   M=Datasnap.Provider ACBP=A9
 0001:00022DCC 000003A0 C=CODE     S=.text    G=(none)   M=Datasnap.DBClient ACBP=A9
 0001:0002316C 00004FC8 C=CODE     S=.text    G=(none)   M=SQLite3Dataset ACBP=A9
 0001:00028134 00000058 C=CODE     S=.text    G=(none)   M=SQLite3Register ACBP=A9
 0001:0002818C 00000468 C=CODE     S=.text    G=(none)   M=.pck_SQLite3 ACBP=A9
 0002:00000000 00000008 C=ICODE    S=.itext   G=(none)   M=System   ACBP=A9
 0002:00000008 00000008 C=ICODE    S=.itext   G=(none)   M=SysInit  ACBP=A9
 0002:00000010 00000018 C=ICODE    S=.itext   G=(none)   M=Winapi.Windows ACBP=A9
 0002:00000028 00000008 C=ICODE    S=.itext   G=(none)   M=System.Internal.ExcUtils ACBP=A9
 0002:00000030 00000028 C=ICODE    S=.itext   G=(none)   M=System.SysUtils ACBP=A9
 0002:00000058 00000008 C=ICODE    S=.itext   G=(none)   M=System.VarUtils ACBP=A9
 0002:00000060 00000008 C=ICODE    S=.itext   G=(none)   M=System.Variants ACBP=A9
 0002:00000068 00000008 C=ICODE    S=.itext   G=(none)   M=System.TypInfo ACBP=A9
 0002:00000070 00000028 C=ICODE    S=.itext   G=(none)   M=System.Classes ACBP=A9
 0002:00000098 0000003C C=ICODE    S=.itext   G=(none)   M=SQLite3  ACBP=A9
 0002:000000D4 00000008 C=ICODE    S=.itext   G=(none)   M=System.Math ACBP=A9
 0002:000000DC 00000008 C=ICODE    S=.itext   G=(none)   M=System.TimeSpan ACBP=A9
 0002:000000E4 00000008 C=ICODE    S=.itext   G=(none)   M=System.SyncObjs ACBP=A9
 0002:000000EC 00000008 C=ICODE    S=.itext   G=(none)   M=System.DateUtils ACBP=A9
 0002:000000F4 00000008 C=ICODE    S=.itext   G=(none)   M=Data.SqlTimSt ACBP=A9
 0002:000000FC 00000008 C=ICODE    S=.itext   G=(none)   M=Data.FmtBcd ACBP=A9
 0002:00000104 00000008 C=ICODE    S=.itext   G=(none)   M=Data.DB  ACBP=A9
 0002:0000010C 00000008 C=ICODE    S=.itext   G=(none)   M=System.Rtti ACBP=A9
 0002:00000114 00000040 C=ICODE    S=.itext   G=(none)   M=SQLiteTable3 ACBP=A9
 0002:00000154 00000010 C=ICODE    S=.itext   G=(none)   M=System.Win.ComObj ACBP=A9
 0002:00000164 00000008 C=ICODE    S=.itext   G=(none)   M=Datasnap.DSIntf ACBP=A9
 0002:0000016C 00000008 C=ICODE    S=.itext   G=(none)   M=Datasnap.Provider ACBP=A9
 0002:00000174 00000008 C=ICODE    S=.itext   G=(none)   M=Datasnap.DBClient ACBP=A9
 0002:0000017C 00000008 C=ICODE    S=.itext   G=(none)   M=SQLite3Dataset ACBP=A9
 0002:00000184 00000008 C=ICODE    S=.itext   G=(none)   M=SQLite3Register ACBP=A9
 0002:0000018C 00000008 C=ICODE    S=.itext   G=(none)   M=.pck_SQLite3 ACBP=A9
 0003:00000000 00000088 C=DATA     S=.data    G=DGROUP   M=SysInit  ACBP=A9
 0003:00000088 0000000C C=DATA     S=.data    G=DGROUP   M=Winapi.Windows ACBP=A9
 0003:00000094 00000004 C=DATA     S=.data    G=DGROUP   M=SQLite3  ACBP=A9
 0003:00000098 0000004C C=DATA     S=.data    G=DGROUP   M=SQLiteTable3 ACBP=A9
 0004:00000000 0000001C C=BSS      S=.bss     G=DGROUP   M=SysInit  ACBP=A9
 0004:0000001C 00000008 C=BSS      S=.bss     G=DGROUP   M=Winapi.Windows ACBP=A9
 0004:00000024 00000174 C=BSS      S=.bss     G=DGROUP   M=SQLite3  ACBP=A9
 0004:00000198 00000008 C=BSS      S=.bss     G=DGROUP   M=SQLiteTable3 ACBP=A9
 0004:000001A0 00000004 C=BSS      S=.bss     G=DGROUP   M=SQLite3Dataset ACBP=A9
 0004:000001A4 00000004 C=BSS      S=.bss     G=DGROUP   M=SQLite3Register ACBP=A9


  Address             Publics by Name

 0002:0000018C       .pck_SQLite3..pck_SQLite3
 0001:000285D4       .pck_SQLite3.@GetPackageInfoTable
 0001:000285DC       .pck_SQLite3.@PackageLoad
 0001:000285E8       .pck_SQLite3.@PackageUnload
 0002:00000104       Data.DB.Data.DB
 0001:00003E4C       Data.DB.Finalization
 0001:00003C4C       Data.DB.TDataSet.ActivateBuffers
 0001:00003CAC       Data.DB.TDataSet.Append
 0001:00003B74       Data.DB.TDataSet.BindFields
 0001:00003C94       Data.DB.TDataSet.BlockReadNext
 0001:00003C74       Data.DB.TDataSet.CalculateFields
 0001:00003B0C       Data.DB.TDataSet.CheckActive
 0001:00003B6C       Data.DB.TDataSet.CheckFieldCompatibility
 0001:00003B04       Data.DB.TDataSet.CheckInactive
 0001:00003C44       Data.DB.TDataSet.ClearBuffers
 0001:00003BC4       Data.DB.TDataSet.CloseBlob
 0001:00003B5C       Data.DB.TDataSet.CreateFields
 0001:00003AFC       Data.DB.TDataSet.CreateNestedDataSet
 0001:00003CB4       Data.DB.TDataSet.Delete
 0001:00003B64       Data.DB.TDataSet.DestroyFields
 0001:00003C0C       Data.DB.TDataSet.DisableControls
 0001:00003CFC       Data.DB.TDataSet.DoAfterCancel
 0001:00003D04       Data.DB.TDataSet.DoAfterClose
 0001:00003D0C       Data.DB.TDataSet.DoAfterDelete
 0001:00003D14       Data.DB.TDataSet.DoAfterEdit
 0001:00003D1C       Data.DB.TDataSet.DoAfterInsert
 0001:00003D24       Data.DB.TDataSet.DoAfterOpen
 0001:00003D2C       Data.DB.TDataSet.DoAfterPost
 0001:00003D34       Data.DB.TDataSet.DoAfterRefresh
 0001:00003D3C       Data.DB.TDataSet.DoAfterScroll
 0001:00003D44       Data.DB.TDataSet.DoBeforeCancel
 0001:00003D4C       Data.DB.TDataSet.DoBeforeClose
 0001:00003D54       Data.DB.TDataSet.DoBeforeDelete
 0001:00003D5C       Data.DB.TDataSet.DoBeforeEdit
 0001:00003D64       Data.DB.TDataSet.DoBeforeOpen
 0001:00003D6C       Data.DB.TDataSet.DoBeforePost
 0001:00003D74       Data.DB.TDataSet.DoBeforeRefresh
 0001:00003D7C       Data.DB.TDataSet.DoBeforeScroll
 0001:00003D84       Data.DB.TDataSet.DoOnCalcFields
 0001:00003CA4       Data.DB.TDataSet.Edit
 0001:00003C14       Data.DB.TDataSet.EnableControls
 0001:00003B9C       Data.DB.TDataSet.FieldByName
 0001:00003BA4       Data.DB.TDataSet.FindField
 0001:00003C7C       Data.DB.TDataSet.First
 0001:00003CCC       Data.DB.TDataSet.FreeBookmark
 0001:00003B7C       Data.DB.TDataSet.FreeFieldBuffers
 0001:00003B14       Data.DB.TDataSet.GetActive
 0001:00003BDC       Data.DB.TDataSet.GetAggFieldsClass
 0001:00003CEC       Data.DB.TDataSet.GetAggRecordCount
 0001:00003B84       Data.DB.TDataSet.GetBlobFieldData
 0001:00003CC4       Data.DB.TDataSet.GetBookmark
 0001:00003CD4       Data.DB.TDataSet.GetBookmarkStr
 0001:00003C6C       Data.DB.TDataSet.GetCalcFields
 0001:00003C04       Data.DB.TDataSet.GetCheckConstraintsClass
 0001:00003B24       Data.DB.TDataSet.GetDetailDataSets
 0001:00003B2C       Data.DB.TDataSet.GetDetailLinkFields
 0001:00003B44       Data.DB.TDataSet.GetFieldClass
 0001:00003B4C       Data.DB.TDataSet.GetFieldClass
 0001:00003B8C       Data.DB.TDataSet.GetFieldData
 0001:00003BFC       Data.DB.TDataSet.GetFieldDefListClass
 0001:00003BEC       Data.DB.TDataSet.GetFieldDefsClass
 0001:00003B54       Data.DB.TDataSet.GetFieldFullName
 0001:00003BE4       Data.DB.TDataSet.GetFieldListClass
 0001:00003BB4       Data.DB.TDataSet.GetFieldNames
 0001:00003BAC       Data.DB.TDataSet.GetFieldNames
 0001:00003BD4       Data.DB.TDataSet.GetFieldsClass
 0001:00003BF4       Data.DB.TDataSet.GetIndexDefsClass
 0001:00003B34       Data.DB.TDataSet.GetLookupListClass
 0001:00003C2C       Data.DB.TDataSet.GetNextRecord
 0001:00003C5C       Data.DB.TDataSet.GetNextRecords
 0001:00003BCC       Data.DB.TDataSet.GetParamsClass
 0001:00003C34       Data.DB.TDataSet.GetPriorRecord
 0001:00003C64       Data.DB.TDataSet.GetPriorRecords
 0001:00003CE4       Data.DB.TDataSet.GotoBookmark
 0001:00003B3C       Data.DB.TDataSet.InitFieldDefs
 0001:00003CF4       Data.DB.TDataSet.IsSequenced
 0001:00003C84       Data.DB.TDataSet.MoveBy
 0001:00003C8C       Data.DB.TDataSet.Next
 0001:00003D8C       Data.DB.TDataSet.PSEndTransaction
 0001:00003D94       Data.DB.TDataSet.PSExecute
 0001:00003D9C       Data.DB.TDataSet.PSExecuteStatement
 0001:00003DA4       Data.DB.TDataSet.PSExecuteStatement
 0001:00003DAC       Data.DB.TDataSet.PSGetAttributes
 0001:00003DB4       Data.DB.TDataSet.PSGetCommandTextW
 0001:00003DBC       Data.DB.TDataSet.PSGetDefaultOrder
 0001:00003DC4       Data.DB.TDataSet.PSGetKeyFields
 0001:00003DCC       Data.DB.TDataSet.PSGetKeyFieldsW
 0001:00003DD4       Data.DB.TDataSet.PSGetParams
 0001:00003DDC       Data.DB.TDataSet.PSGetQuoteChar
 0001:00003DE4       Data.DB.TDataSet.PSGetQuoteCharW
 0001:00003DEC       Data.DB.TDataSet.PSGetTableName
 0001:00003DF4       Data.DB.TDataSet.PSGetTableNameW
 0001:00003DFC       Data.DB.TDataSet.PSGetUpdateException
 0001:00003E04       Data.DB.TDataSet.PSInTransaction
 0001:00003E0C       Data.DB.TDataSet.PSIsSQLBased
 0001:00003E14       Data.DB.TDataSet.PSIsSQLSupported
 0001:00003E1C       Data.DB.TDataSet.PSReset
 0001:00003E24       Data.DB.TDataSet.PSSetCommandText
 0001:00003E2C       Data.DB.TDataSet.PSSetCommandText
 0001:00003E34       Data.DB.TDataSet.PSSetParams
 0001:00003E3C       Data.DB.TDataSet.PSStartTransaction
 0001:00003E44       Data.DB.TDataSet.PSUpdateRecord
 0001:00003C3C       Data.DB.TDataSet.Resync
 0001:00003B1C       Data.DB.TDataSet.SetActive
 0001:00003C9C       Data.DB.TDataSet.SetBlockReadSize
 0001:00003CDC       Data.DB.TDataSet.SetBookmarkStr
 0001:00003C1C       Data.DB.TDataSet.SetBufListSize
 0001:00003C24       Data.DB.TDataSet.SetCurrentRecord
 0001:00003B94       Data.DB.TDataSet.SetFieldData
 0001:00003AF4       Data.DB.TDataSet.SetName
 0001:00003BBC       Data.DB.TDataSet.SetStateFieldValue
 0001:00003CBC       Data.DB.TDataSet.Translate
 0001:00003C54       Data.DB.TDataSet.UpdateCursorPos
 0001:00003ADC       Data.DB.TField.GetOldValue
 0001:00003ACC       Data.DB.TFieldDefs.Add
 0001:00003AD4       Data.DB.TFields.GetField
 0001:00003AEC       Data.DB.TParam.GetAsVariant
 0001:00003AE4       Data.DB.TParams.GetItem
 0002:000000FC       Data.FmtBcd.Data.FmtBcd
 0001:00003AC4       Data.FmtBcd.Finalization
 0002:000000F4       Data.SqlTimSt.Data.SqlTimSt
 0001:00003ABC       Data.SqlTimSt.Finalization
 0002:00000174       Datasnap.DBClient.Datasnap.DBClient
 0001:00023164       Datasnap.DBClient.Finalization
 0001:00022E54       Datasnap.DBClient.TCustomClientDataSet.AddDataPacket
 0001:00022EF4       Datasnap.DBClient.TCustomClientDataSet.AllocRecordBuffer
 0001:00022EB4       Datasnap.DBClient.TCustomClientDataSet.ApplyUpdates
 0001:0002302C       Datasnap.DBClient.TCustomClientDataSet.BookmarkValid
 0001:00022FE4       Datasnap.DBClient.TCustomClientDataSet.Cancel
 0001:00023034       Datasnap.DBClient.TCustomClientDataSet.CancelUpdates
 0001:00023054       Datasnap.DBClient.TCustomClientDataSet.CheckDetailRecords
 0001:00022E4C       Datasnap.DBClient.TCustomClientDataSet.CheckProviderEOF
 0001:00022F0C       Datasnap.DBClient.TCustomClientDataSet.ClearCalcFields
 0001:00022EC4       Datasnap.DBClient.TCustomClientDataSet.CloneCursor
 0001:00022E04       Datasnap.DBClient.TCustomClientDataSet.CloseCursor
 0001:00023024       Datasnap.DBClient.TCustomClientDataSet.CompareBookmarks
 0001:00022DCC       Datasnap.DBClient.TCustomClientDataSet.Create
 0001:00022F84       Datasnap.DBClient.TCustomClientDataSet.CreateBlobStream
 0001:00022ECC       Datasnap.DBClient.TCustomClientDataSet.CreateDataSet
 0001:00022F94       Datasnap.DBClient.TCustomClientDataSet.DataConvert
 0001:00022E94       Datasnap.DBClient.TCustomClientDataSet.DataEvent
 0001:00022EAC       Datasnap.DBClient.TCustomClientDataSet.DataRequest
 0001:00022E0C       Datasnap.DBClient.TCustomClientDataSet.DefChanged
 0001:0002307C       Datasnap.DBClient.TCustomClientDataSet.DefineProperties
 0001:00022DD4       Datasnap.DBClient.TCustomClientDataSet.Destroy
 0001:000230B4       Datasnap.DBClient.TCustomClientDataSet.DestroyLookupCursor
 0001:000230E4       Datasnap.DBClient.TCustomClientDataSet.DoAfterApplyUpdates
 0001:0002312C       Datasnap.DBClient.TCustomClientDataSet.DoAfterExecute
 0001:00022DF4       Datasnap.DBClient.TCustomClientDataSet.DoAfterGetParams
 0001:00023104       Datasnap.DBClient.TCustomClientDataSet.DoAfterGetRecords
 0001:00023114       Datasnap.DBClient.TCustomClientDataSet.DoAfterRowRequest
 0001:000230F4       Datasnap.DBClient.TCustomClientDataSet.DoApplyUpdates
 0001:000230EC       Datasnap.DBClient.TCustomClientDataSet.DoBeforeApplyUpdates
 0001:00023134       Datasnap.DBClient.TCustomClientDataSet.DoBeforeExecute
 0001:00022DFC       Datasnap.DBClient.TCustomClientDataSet.DoBeforeGetParams
 0001:000230FC       Datasnap.DBClient.TCustomClientDataSet.DoBeforeGetRecords
 0001:00022FCC       Datasnap.DBClient.TCustomClientDataSet.DoBeforeInsert
 0001:0002311C       Datasnap.DBClient.TCustomClientDataSet.DoBeforeRowRequest
 0001:0002313C       Datasnap.DBClient.TCustomClientDataSet.DoExecute
 0001:0002310C       Datasnap.DBClient.TCustomClientDataSet.DoGetRecords
 0001:00023074       Datasnap.DBClient.TCustomClientDataSet.DoOnNewRecord
 0001:00023124       Datasnap.DBClient.TCustomClientDataSet.DoRowRequest
 0001:00022ED4       Datasnap.DBClient.TCustomClientDataSet.EmptyDataSet
 0001:00022E9C       Datasnap.DBClient.TCustomClientDataSet.Execute
 0001:00022EA4       Datasnap.DBClient.TCustomClientDataSet.ExecuteCommand
 0001:00022E44       Datasnap.DBClient.TCustomClientDataSet.FetchMoreData
 0001:0002304C       Datasnap.DBClient.TCustomClientDataSet.FindKey
 0001:000230AC       Datasnap.DBClient.TCustomClientDataSet.FindRecord
 0001:00022EFC       Datasnap.DBClient.TCustomClientDataSet.FreeRecordBuffer
 0001:000230D4       Datasnap.DBClient.TCustomClientDataSet.GetAggregateValue
 0001:00022E64       Datasnap.DBClient.TCustomClientDataSet.GetAppServer
 0001:00023014       Datasnap.DBClient.TCustomClientDataSet.GetBookmarkData
 0001:00023004       Datasnap.DBClient.TCustomClientDataSet.GetBookmarkFlag
 0001:00022EEC       Datasnap.DBClient.TCustomClientDataSet.GetCanModify
 0001:00022F4C       Datasnap.DBClient.TCustomClientDataSet.GetChangeCount
 0001:00022F54       Datasnap.DBClient.TCustomClientDataSet.GetCommandStates
 0001:00022F24       Datasnap.DBClient.TCustomClientDataSet.GetCurrentRecord
 0001:0002306C       Datasnap.DBClient.TCustomClientDataSet.GetDataSource
 0001:00022F64       Datasnap.DBClient.TCustomClientDataSet.GetFieldData
 0001:00022F6C       Datasnap.DBClient.TCustomClientDataSet.GetFieldData
 0001:0002315C       Datasnap.DBClient.TCustomClientDataSet.GetIsClone
 0001:00023044       Datasnap.DBClient.TCustomClientDataSet.GetIsIndexField
 0001:00022EE4       Datasnap.DBClient.TCustomClientDataSet.GetLogChanges
 0001:00022E5C       Datasnap.DBClient.TCustomClientDataSet.GetNextPacket
 0001:00022F34       Datasnap.DBClient.TCustomClientDataSet.GetRecNo
 0001:00022F1C       Datasnap.DBClient.TCustomClientDataSet.GetRecord
 0001:00022F2C       Datasnap.DBClient.TCustomClientDataSet.GetRecordCount
 0001:00022F44       Datasnap.DBClient.TCustomClientDataSet.GetRecordSize
 0001:00022E7C       Datasnap.DBClient.TCustomClientDataSet.GetRemoteServer
 0001:00022F74       Datasnap.DBClient.TCustomClientDataSet.GetStateFieldValue
 0001:00022F14       Datasnap.DBClient.TCustomClientDataSet.InitRecord
 0001:00022FEC       Datasnap.DBClient.TCustomClientDataSet.InternalAddRecord
 0001:00022FB4       Datasnap.DBClient.TCustomClientDataSet.InternalCancel
 0001:00022E24       Datasnap.DBClient.TCustomClientDataSet.InternalClose
 0001:00022FBC       Datasnap.DBClient.TCustomClientDataSet.InternalDelete
 0001:00022FC4       Datasnap.DBClient.TCustomClientDataSet.InternalEdit
 0001:00022F9C       Datasnap.DBClient.TCustomClientDataSet.InternalFirst
 0001:00022FF4       Datasnap.DBClient.TCustomClientDataSet.InternalGotoBookmark
 0001:00022E3C       Datasnap.DBClient.TCustomClientDataSet.InternalHandleException
 0001:00022E14       Datasnap.DBClient.TCustomClientDataSet.InternalInitFieldDefs
 0001:00022F04       Datasnap.DBClient.TCustomClientDataSet.InternalInitRecord
 0001:00022FD4       Datasnap.DBClient.TCustomClientDataSet.InternalInsert
 0001:00022FA4       Datasnap.DBClient.TCustomClientDataSet.InternalLast
 0001:00022E1C       Datasnap.DBClient.TCustomClientDataSet.InternalOpen
 0001:00022FAC       Datasnap.DBClient.TCustomClientDataSet.InternalPost
 0001:00022E2C       Datasnap.DBClient.TCustomClientDataSet.InternalRefresh
 0001:00022FFC       Datasnap.DBClient.TCustomClientDataSet.InternalSetToRecord
 0001:00022E34       Datasnap.DBClient.TCustomClientDataSet.IsCursorOpen
 0001:00023064       Datasnap.DBClient.TCustomClientDataSet.Loaded
 0001:000230C4       Datasnap.DBClient.TCustomClientDataSet.Locate
 0001:000230BC       Datasnap.DBClient.TCustomClientDataSet.Lookup
 0001:00022EBC       Datasnap.DBClient.TCustomClientDataSet.MergeChangeLog
 0001:00022E8C       Datasnap.DBClient.TCustomClientDataSet.Notification
 0001:00022DEC       Datasnap.DBClient.TCustomClientDataSet.OpenCursor
 0001:00022FDC       Datasnap.DBClient.TCustomClientDataSet.Post
 0001:0002314C       Datasnap.DBClient.TCustomClientDataSet.PSGetCommandText
 0001:00023154       Datasnap.DBClient.TCustomClientDataSet.PSGetCommandType
 0001:00023144       Datasnap.DBClient.TCustomClientDataSet.PSGetIndexDefs
 0001:00022F8C       Datasnap.DBClient.TCustomClientDataSet.RefreshInternalCalcFields
 0001:000230DC       Datasnap.DBClient.TCustomClientDataSet.ResetAggField
 0001:000230CC       Datasnap.DBClient.TCustomClientDataSet.SetAggregates
 0001:00022E6C       Datasnap.DBClient.TCustomClientDataSet.SetAppServer
 0001:0002301C       Datasnap.DBClient.TCustomClientDataSet.SetBookmarkData
 0001:0002300C       Datasnap.DBClient.TCustomClientDataSet.SetBookmarkFlag
 0001:00022DDC       Datasnap.DBClient.TCustomClientDataSet.SetCommandText
 0001:0002305C       Datasnap.DBClient.TCustomClientDataSet.SetDataSetField
 0001:00022F7C       Datasnap.DBClient.TCustomClientDataSet.SetFieldData
 0001:0002309C       Datasnap.DBClient.TCustomClientDataSet.SetFiltered
 0001:0002308C       Datasnap.DBClient.TCustomClientDataSet.SetFilterOptions
 0001:00023084       Datasnap.DBClient.TCustomClientDataSet.SetFilterText
 0001:00022EDC       Datasnap.DBClient.TCustomClientDataSet.SetLogChanges
 0001:00023094       Datasnap.DBClient.TCustomClientDataSet.SetOnFilterRecord
 0001:00022DE4       Datasnap.DBClient.TCustomClientDataSet.SetOptionalParam
 0001:00022E74       Datasnap.DBClient.TCustomClientDataSet.SetProviderEOF
 0001:00022F3C       Datasnap.DBClient.TCustomClientDataSet.SetRecNo
 0001:00022E84       Datasnap.DBClient.TCustomClientDataSet.SetRemoteServer
 0001:000230A4       Datasnap.DBClient.TCustomClientDataSet.SetStatusFilter
 0001:0002303C       Datasnap.DBClient.TCustomClientDataSet.UpdateIndexDefs
 0001:00022F5C       Datasnap.DBClient.TCustomClientDataSet.UpdateStatus
 0002:00000164       Datasnap.DSIntf.Datasnap.DSIntf
 0001:00022DBC       Datasnap.DSIntf.Finalization
 0002:0000016C       Datasnap.Provider.Datasnap.Provider
 0001:00022DC4       Datasnap.Provider.Finalization
 0004:00000194       SQLite3..1
 0001:00003A70       SQLite3.Finalization
 0001:00002024       SQLite3.LoadProc
 0001:00002110       SQLite3.LoadProcSilent
 0001:00002138       SQLite3.LoadSQLite
 0002:00000098       SQLite3.SQLite3
 0004:00000158       SQLite3.sqlite3_aggregate_context
 0004:000000E8       SQLite3.SQLite3_Backup_Finish
 0004:000000E0       SQLite3.SQLite3_Backup_Init
 0004:000000F0       SQLite3.SQLite3_Backup_Pagecount
 0004:000000EC       SQLite3.SQLite3_Backup_Remaining
 0004:000000E4       SQLite3.SQLite3_Backup_Step
 0004:000000F4       SQLite3.sqlite3_bind_blob
 0004:00000100       SQLite3.sqlite3_bind_double
 0004:00000104       SQLite3.sqlite3_bind_int
 0004:00000108       SQLite3.sqlite3_bind_int64
 0004:0000010C       SQLite3.sqlite3_bind_null
 0004:0000011C       SQLite3.sqlite3_bind_parameter_count
 0004:00000114       SQLite3.sqlite3_bind_parameter_index
 0004:00000118       SQLite3.sqlite3_bind_parameter_name
 0004:000000F8       SQLite3.sqlite3_bind_text
 0004:000000FC       SQLite3.sqlite3_bind_text16
 0004:00000058       SQLite3.SQLite3_BusyHandler
 0004:0000005C       SQLite3.SQLite3_BusyTimeout
 0004:00000060       SQLite3.SQLite3_Changes
 0004:00000110       SQLite3.sqlite3_clear_bindings
 0004:0000002C       SQLite3.SQLite3_Close
 0004:000000B4       SQLite3.SQLite3_ColumnBlob
 0004:000000B8       SQLite3.SQLite3_ColumnBytes
 0004:000000BC       SQLite3.SQLite3_ColumnBytes16
 0004:00000078       SQLite3.SQLite3_ColumnCount
 0004:00000084       SQLite3.SQLite3_ColumnDeclType
 0004:00000088       SQLite3.SQLite3_ColumnDeclType16
 0004:000000C0       SQLite3.SQLite3_ColumnDouble
 0004:000000C4       SQLite3.SQLite3_ColumnInt
 0004:000000D4       SQLite3.SQLite3_ColumnInt64
 0004:0000007C       SQLite3.SQLite3_ColumnName
 0004:00000080       SQLite3.SQLite3_ColumnName16
 0004:000000C8       SQLite3.SQLite3_ColumnText
 0004:000000CC       SQLite3.SQLite3_ColumnText16
 0004:000000D0       SQLite3.SQLite3_ColumnType
 0004:0000004C       SQLite3.SQLite3_Complete
 0004:0000018C       SQLite3.SQLite3_create_collation
 0004:00000190       SQLite3.SQLite3_create_collation16
 0004:00000120       SQLite3.sqlite3_create_function
 0004:00000090       SQLite3.SQLite3_DataCount
 0004:000000AC       SQLite3.sqlite3_enable_load_extension
 0004:00000188       SQLite3.sqlite3_enable_shared_cache
 0004:0000003C       SQLite3.SQLite3_ErrCode
 0004:00000038       SQLite3.SQLite3_ErrMsg
 0004:00000030       SQLite3.SQLite3_Exec
 0004:000000D8       SQLite3.SQLite3_Finalize
 0004:00000040       SQLite3.SQlite3_Free
 0004:00000048       SQLite3.SQLite3_FreeTable
 0004:00000044       SQLite3.SQLite3_GetTable
 0004:00000054       SQLite3.SQLite3_Interrupt
 0004:00000098       SQLite3.sqlite3_key
 0004:00000050       SQLite3.SQLite3_LastInsertRowID
 0004:000000B0       SQLite3.sqlite3_load_extension
 0004:00000094       SQLite3.sqlite3_memory_used
 0004:00000024       SQLite3.sqlite3_open
 0004:00000028       SQLite3.sqlite3_open16
 0004:00000068       SQLite3.SQLite3_Prepare
 0004:00000070       SQLite3.SQLite3_Prepare16
 0004:00000074       SQLite3.SQLite3_Prepare16_v2
 0004:0000006C       SQLite3.SQLite3_Prepare_v2
 0004:0000009C       SQLite3.sqlite3_rekey
 0004:000000DC       SQLite3.SQLite3_Reset
 0004:00000124       SQLite3.sqlite3_result_blob
 0004:00000128       SQLite3.sqlite3_result_double
 0004:0000012C       SQLite3.sqlite3_result_error
 0004:00000130       SQLite3.sqlite3_result_error16
 0004:00000134       SQLite3.sqlite3_result_int
 0004:00000138       SQLite3.sqlite3_result_int64
 0004:0000013C       SQLite3.sqlite3_result_null
 0004:00000140       SQLite3.sqlite3_result_text
 0004:00000144       SQLite3.sqlite3_result_text16
 0004:00000148       SQLite3.sqlite3_result_text16be
 0004:0000014C       SQLite3.sqlite3_result_text16le
 0004:00000150       SQLite3.sqlite3_result_value
 0004:000000A0       SQLite3.sqlite3_set_authorizer
 0004:0000008C       SQLite3.SQLite3_Step
 0004:000000A8       SQLite3.sqlite3_table_column_metadata
 0004:00000064       SQLite3.SQLite3_TotalChanges
 0004:000000A4       SQLite3.sqlite3_update_hook
 0004:00000154       SQLite3.sqlite3_user_data
 0004:0000015C       SQLite3.sqlite3_value_blob
 0004:00000160       SQLite3.sqlite3_value_bytes
 0004:00000164       SQLite3.sqlite3_value_bytes16
 0004:00000168       SQLite3.sqlite3_value_double
 0004:0000016C       SQLite3.sqlite3_value_int
 0004:00000170       SQLite3.sqlite3_value_int64
 0004:00000174       SQLite3.sqlite3_value_text
 0004:00000178       SQLite3.sqlite3_value_text16
 0004:0000017C       SQLite3.sqlite3_value_text16be
 0004:00000180       SQLite3.sqlite3_value_text16le
 0004:00000184       SQLite3.sqlite3_value_type
 0004:00000034       SQLite3.SQLite3_Version
 0001:000013B8       SQLite3.SQLiteErrorStr
 0001:00001204       SQLite3.SQLiteFieldType
 0003:00000094       SQLite3.SQLite_Handle
 0001:00003A50       SQLite3.UnloadSQLite
 0004:000001A0       SQLite3Dataset..3
 0001:000233D0       SQLite3Dataset..TSQLiteDataset
 0001:0002316C       SQLite3Dataset..TSQLiteUpdateSQL
 0001:00023D30       SQLite3Dataset..{System.Generics.Collections}TEnumerable<SQLite3Dataset.T3<System.string,System.Boolean,Data.DB.TField>>
 0001:00023BA4       SQLite3Dataset..{System.Generics.Collections}TEnumerator<SQLite3Dataset.T3<System.string,System.Boolean,Data.DB.TField>>
 0001:000243DC       SQLite3Dataset..{System.Generics.Collections}TList<SQLite3Dataset.T3<System.string,System.Boolean,Data.DB.TField>>
 0001:000241DC       SQLite3Dataset..{System.Generics.Collections}TList<SQLite3Dataset.T3<System.string,System.Boolean,Data.DB.TField>>.TEnumerator
 0001:00027CA4       SQLite3Dataset..{System.Generics.Defaults}TComparer<SQLite3Dataset.T3<System.string,System.Boolean,Data.DB.TField>>
 0001:00027F40       SQLite3Dataset..{System.Generics.Defaults}TDelegatedComparer<SQLite3Dataset.T3<System.string,System.Boolean,Data.DB.TField>>
 0001:00025174       SQLite3Dataset.DoApplyUpdate
 0001:0002535C       SQLite3Dataset.FillParams
 0001:00026164       SQLite3Dataset.Finalization
 0002:0000017C       SQLite3Dataset.SQLite3Dataset
 0001:000278BC       SQLite3Dataset.TArray.BinarySearch<SQLite3Dataset.T3<System.string,System.Boolean,Data.DB.TField>>
 0001:00027A1C       SQLite3Dataset.TArray.QuickSort<SQLite3Dataset.T3<System.string,System.Boolean,Data.DB.TField>>
 0001:00027838       SQLite3Dataset.TArray.Sort<SQLite3Dataset.T3<System.string,System.Boolean,Data.DB.TField>>
 0001:000258B4       SQLite3Dataset.TSQLiteDataset.ApplyUpdates
 0001:000253B8       SQLite3Dataset.TSQLiteDataset.ApplyUpdates
 0001:000258D4       SQLite3Dataset.TSQLiteDataset.Create
 0001:00025974       SQLite3Dataset.TSQLiteDataset.Destroy
 0001:000259D4       SQLite3Dataset.TSQLiteDataset.DoInitFields
 0001:00025B5C       SQLite3Dataset.TSQLiteDataset.DoInternalOpen
 0001:00025C70       SQLite3Dataset.TSQLiteDataset.DoInternalRefreshRecord
 0001:00024E64       SQLite3Dataset.TSQLiteDataset.GetPair
 0001:00025118       SQLite3Dataset.TSQLiteDataset.Notification
 0001:00025E80       SQLite3Dataset.TSQLiteDataset.RefreshRecord
 0001:00025ED0       SQLite3Dataset.TSQLiteDataset.SetActive
 0001:00026010       SQLite3Dataset.TSQLiteUpdateSQL.Create
 0001:000260A0       SQLite3Dataset.TSQLiteUpdateSQL.Destroy
 0001:00026100       SQLite3Dataset.TSQLiteUpdateSQL.SetSQL
 0001:000261A4       SQLite3Dataset.{SQLite3Dataset}T3<System.string,System.Boolean,Data.DB.TField>.Create
 0001:000262C8       SQLite3Dataset.{System.Generics.Collections}TEnumerable<SQLite3Dataset.T3<System.string,System.Boolean,Data.DB.TField>>.GetEnumerator
 0001:000262E4       SQLite3Dataset.{System.Generics.Collections}TEnumerable<SQLite3Dataset.T3<System.string,System.Boolean,Data.DB.TField>>.ToArray
 0001:000261DC       SQLite3Dataset.{System.Generics.Collections}TEnumerable<SQLite3Dataset.T3<System.string,System.Boolean,Data.DB.TField>>.ToArrayImpl
 0001:000263E0       SQLite3Dataset.{System.Generics.Collections}TEnumerator<SQLite3Dataset.T3<System.string,System.Boolean,Data.DB.TField>>.MoveNext
 0001:00026A08       SQLite3Dataset.{System.Generics.Collections}TList<SQLite3Dataset.T3<System.string,System.Boolean,Data.DB.TField>>.Add
 0001:00026A68       SQLite3Dataset.{System.Generics.Collections}TList<SQLite3Dataset.T3<System.string,System.Boolean,Data.DB.TField>>.AddRange
 0001:00026A90       SQLite3Dataset.{System.Generics.Collections}TList<SQLite3Dataset.T3<System.string,System.Boolean,Data.DB.TField>>.AddRange
 0001:00026AB4       SQLite3Dataset.{System.Generics.Collections}TList<SQLite3Dataset.T3<System.string,System.Boolean,Data.DB.TField>>.AddRange
 0001:00027554       SQLite3Dataset.{System.Generics.Collections}TList<SQLite3Dataset.T3<System.string,System.Boolean,Data.DB.TField>>.BinarySearch
 0001:000275A4       SQLite3Dataset.{System.Generics.Collections}TList<SQLite3Dataset.T3<System.string,System.Boolean,Data.DB.TField>>.BinarySearch
 0001:00027300       SQLite3Dataset.{System.Generics.Collections}TList<SQLite3Dataset.T3<System.string,System.Boolean,Data.DB.TField>>.Clear
 0001:00027320       SQLite3Dataset.{System.Generics.Collections}TList<SQLite3Dataset.T3<System.string,System.Boolean,Data.DB.TField>>.Contains
 0001:0002692C       SQLite3Dataset.{System.Generics.Collections}TList<SQLite3Dataset.T3<System.string,System.Boolean,Data.DB.TField>>.Create
 0001:00026884       SQLite3Dataset.{System.Generics.Collections}TList<SQLite3Dataset.T3<System.string,System.Boolean,Data.DB.TField>>.Create
 0001:00026800       SQLite3Dataset.{System.Generics.Collections}TList<SQLite3Dataset.T3<System.string,System.Boolean,Data.DB.TField>>.Create
 0001:00026E78       SQLite3Dataset.{System.Generics.Collections}TList<SQLite3Dataset.T3<System.string,System.Boolean,Data.DB.TField>>.Delete
 0001:00026E98       SQLite3Dataset.{System.Generics.Collections}TList<SQLite3Dataset.T3<System.string,System.Boolean,Data.DB.TField>>.DeleteRange
 0001:000269CC       SQLite3Dataset.{System.Generics.Collections}TList<SQLite3Dataset.T3<System.string,System.Boolean,Data.DB.TField>>.Destroy
 0001:00026684       SQLite3Dataset.{System.Generics.Collections}TList<SQLite3Dataset.T3<System.string,System.Boolean,Data.DB.TField>>.DoDelete
 0001:000267B0       SQLite3Dataset.{System.Generics.Collections}TList<SQLite3Dataset.T3<System.string,System.Boolean,Data.DB.TField>>.DoGetEnumerator
 0001:0002709C       SQLite3Dataset.{System.Generics.Collections}TList<SQLite3Dataset.T3<System.string,System.Boolean,Data.DB.TField>>.Exchange
 0001:00027030       SQLite3Dataset.{System.Generics.Collections}TList<SQLite3Dataset.T3<System.string,System.Boolean,Data.DB.TField>>.Extract
 0001:000272BC       SQLite3Dataset.{System.Generics.Collections}TList<SQLite3Dataset.T3<System.string,System.Boolean,Data.DB.TField>>.First
 0001:000263FC       SQLite3Dataset.{System.Generics.Collections}TList<SQLite3Dataset.T3<System.string,System.Boolean,Data.DB.TField>>.GetCapacity
 0001:000276C0       SQLite3Dataset.{System.Generics.Collections}TList<SQLite3Dataset.T3<System.string,System.Boolean,Data.DB.TField>>.GetEnumerator
 0001:000264D0       SQLite3Dataset.{System.Generics.Collections}TList<SQLite3Dataset.T3<System.string,System.Boolean,Data.DB.TField>>.GetItem
 0001:000265F8       SQLite3Dataset.{System.Generics.Collections}TList<SQLite3Dataset.T3<System.string,System.Boolean,Data.DB.TField>>.Grow
 0001:0002664C       SQLite3Dataset.{System.Generics.Collections}TList<SQLite3Dataset.T3<System.string,System.Boolean,Data.DB.TField>>.GrowCheck
 0001:00027344       SQLite3Dataset.{System.Generics.Collections}TList<SQLite3Dataset.T3<System.string,System.Boolean,Data.DB.TField>>.IndexOf
 0001:00026AD8       SQLite3Dataset.{System.Generics.Collections}TList<SQLite3Dataset.T3<System.string,System.Boolean,Data.DB.TField>>.Insert
 0001:00026D84       SQLite3Dataset.{System.Generics.Collections}TList<SQLite3Dataset.T3<System.string,System.Boolean,Data.DB.TField>>.InsertRange
 0001:00026CE4       SQLite3Dataset.{System.Generics.Collections}TList<SQLite3Dataset.T3<System.string,System.Boolean,Data.DB.TField>>.InsertRange
 0001:00026BB0       SQLite3Dataset.{System.Generics.Collections}TList<SQLite3Dataset.T3<System.string,System.Boolean,Data.DB.TField>>.InsertRange
 0001:000272DC       SQLite3Dataset.{System.Generics.Collections}TList<SQLite3Dataset.T3<System.string,System.Boolean,Data.DB.TField>>.Last
 0001:000273A8       SQLite3Dataset.{System.Generics.Collections}TList<SQLite3Dataset.T3<System.string,System.Boolean,Data.DB.TField>>.LastIndexOf
 0001:00027154       SQLite3Dataset.{System.Generics.Collections}TList<SQLite3Dataset.T3<System.string,System.Boolean,Data.DB.TField>>.Move
 0001:000267CC       SQLite3Dataset.{System.Generics.Collections}TList<SQLite3Dataset.T3<System.string,System.Boolean,Data.DB.TField>>.Notify
 0001:00026E44       SQLite3Dataset.{System.Generics.Collections}TList<SQLite3Dataset.T3<System.string,System.Boolean,Data.DB.TField>>.Remove
 0001:00027408       SQLite3Dataset.{System.Generics.Collections}TList<SQLite3Dataset.T3<System.string,System.Boolean,Data.DB.TField>>.Reverse
 0001:0002641C       SQLite3Dataset.{System.Generics.Collections}TList<SQLite3Dataset.T3<System.string,System.Boolean,Data.DB.TField>>.SetCapacity
 0001:00026460       SQLite3Dataset.{System.Generics.Collections}TList<SQLite3Dataset.T3<System.string,System.Boolean,Data.DB.TField>>.SetCount
 0001:00026528       SQLite3Dataset.{System.Generics.Collections}TList<SQLite3Dataset.T3<System.string,System.Boolean,Data.DB.TField>>.SetItem
 0001:000274DC       SQLite3Dataset.{System.Generics.Collections}TList<SQLite3Dataset.T3<System.string,System.Boolean,Data.DB.TField>>.Sort
 0001:00027518       SQLite3Dataset.{System.Generics.Collections}TList<SQLite3Dataset.T3<System.string,System.Boolean,Data.DB.TField>>.Sort
 0001:00027740       SQLite3Dataset.{System.Generics.Collections}TList<SQLite3Dataset.T3<System.string,System.Boolean,Data.DB.TField>>.TEnumerator.Create
 0001:00027708       SQLite3Dataset.{System.Generics.Collections}TList<SQLite3Dataset.T3<System.string,System.Boolean,Data.DB.TField>>.TEnumerator.DoGetCurrent
 0001:00027724       SQLite3Dataset.{System.Generics.Collections}TList<SQLite3Dataset.T3<System.string,System.Boolean,Data.DB.TField>>.TEnumerator.DoMoveNext
 0001:000276E4       SQLite3Dataset.{System.Generics.Collections}TList<SQLite3Dataset.T3<System.string,System.Boolean,Data.DB.TField>>.TEnumerator.GetCurrent
 0001:00027798       SQLite3Dataset.{System.Generics.Collections}TList<SQLite3Dataset.T3<System.string,System.Boolean,Data.DB.TField>>.TEnumerator.MoveNext
 0001:0002760C       SQLite3Dataset.{System.Generics.Collections}TList<SQLite3Dataset.T3<System.string,System.Boolean,Data.DB.TField>>.ToArray
 0001:000275F4       SQLite3Dataset.{System.Generics.Collections}TList<SQLite3Dataset.T3<System.string,System.Boolean,Data.DB.TField>>.TrimExcess
 0001:00027E28       SQLite3Dataset.{System.Generics.Defaults}TComparer<SQLite3Dataset.T3<System.string,System.Boolean,Data.DB.TField>>.Compare
 0001:00027804       SQLite3Dataset.{System.Generics.Defaults}TComparer<SQLite3Dataset.T3<System.string,System.Boolean,Data.DB.TField>>.Construct
 0001:000277D8       SQLite3Dataset.{System.Generics.Defaults}TComparer<SQLite3Dataset.T3<System.string,System.Boolean,Data.DB.TField>>.Default
 0001:000279F0       SQLite3Dataset.{System.Generics.Defaults}TDelegatedComparer<SQLite3Dataset.T3<System.string,System.Boolean,Data.DB.TField>>.Compare
 0001:000279A8       SQLite3Dataset.{System.Generics.Defaults}TDelegatedComparer<SQLite3Dataset.T3<System.string,System.Boolean,Data.DB.TField>>.Create
 0004:000001A4       SQLite3Register..1
 0001:00028184       SQLite3Register.Finalization
 0001:00028134       SQLite3Register.Register
 0002:00000184       SQLite3Register.SQLite3Register
 0004:0000019C       SQLiteTable3..01
 0001:00003EA0       SQLiteTable3..ESQLiteException
 0001:00004960       SQLiteTable3..TSQLiteDatabase
 0001:00007120       SQLiteTable3..TSQLiteField
 0001:0000447C       SQLiteTable3..TSQLiteFunctions
 0001:00003F50       SQLiteTable3..TSQliteParam
 0001:00006594       SQLiteTable3..TSQLitePreparedStatement
 0001:00005C84       SQLiteTable3..TSQLiteTable
 0001:000079CC       SQLiteTable3..TSQLiteUniTable
 0001:00007608       SQLiteTable3..TUniTableEnumerator
 0001:0000D75C       SQLiteTable3..TVarDataRecordType
 0001:0000A9C8       SQLiteTable3..{System.Generics.Collections}TDictionary<System.string,System.Integer>
 0001:00009F50       SQLiteTable3..{System.Generics.Collections}TDictionary<System.string,System.Integer>.TKeyCollection
 0001:00009D74       SQLiteTable3..{System.Generics.Collections}TDictionary<System.string,System.Integer>.TKeyEnumerator
 0001:0000A7EC       SQLiteTable3..{System.Generics.Collections}TDictionary<System.string,System.Integer>.TPairEnumerator
 0001:0000A5E0       SQLiteTable3..{System.Generics.Collections}TDictionary<System.string,System.Integer>.TValueCollection
 0001:0000A400       SQLiteTable3..{System.Generics.Collections}TDictionary<System.string,System.Integer>.TValueEnumerator
 0001:000084F4       SQLiteTable3..{System.Generics.Collections}TEnumerable<SQLiteTable3.PSQLiteFuncs>
 0001:000096A0       SQLiteTable3..{System.Generics.Collections}TEnumerable<SQLiteTable3.TPair<System.string,System.Integer>>
 0001:0000C5E4       SQLiteTable3..{System.Generics.Collections}TEnumerable<SQLiteTable3.TSQLiteField>
 0001:0000B2E4       SQLiteTable3..{System.Generics.Collections}TEnumerable<SQLiteTable3.TSQliteParam>
 0001:0000A2BC       SQLiteTable3..{System.Generics.Collections}TEnumerable<System.Integer>
 0001:00009C34       SQLiteTable3..{System.Generics.Collections}TEnumerable<System.string>
 0001:000083B0       SQLiteTable3..{System.Generics.Collections}TEnumerator<SQLiteTable3.PSQLiteFuncs>
 0001:00009530       SQLiteTable3..{System.Generics.Collections}TEnumerator<SQLiteTable3.TPair<System.string,System.Integer>>
 0001:0000C4A0       SQLiteTable3..{System.Generics.Collections}TEnumerator<SQLiteTable3.TSQLiteField>
 0001:0000B1A0       SQLiteTable3..{System.Generics.Collections}TEnumerator<SQLiteTable3.TSQliteParam>
 0001:0000A190       SQLiteTable3..{System.Generics.Collections}TEnumerator<System.Integer>
 0001:00009B08       SQLiteTable3..{System.Generics.Collections}TEnumerator<System.string>
 0001:00008A30       SQLiteTable3..{System.Generics.Collections}TList<SQLiteTable3.PSQLiteFuncs>
 0001:00008878       SQLiteTable3..{System.Generics.Collections}TList<SQLiteTable3.PSQLiteFuncs>.TEnumerator
 0001:0001F154       SQLiteTable3..{System.Generics.Collections}TList<SQLiteTable3.TPair<System.string,System.Integer>>
 0001:0001EF70       SQLiteTable3..{System.Generics.Collections}TList<SQLiteTable3.TPair<System.string,System.Integer>>.TEnumerator
 0001:0000CB20       SQLiteTable3..{System.Generics.Collections}TList<SQLiteTable3.TSQLiteField>
 0001:0000C968       SQLiteTable3..{System.Generics.Collections}TList<SQLiteTable3.TSQLiteField>.TEnumerator
 0001:0000B820       SQLiteTable3..{System.Generics.Collections}TList<SQLiteTable3.TSQliteParam>
 0001:0000B668       SQLiteTable3..{System.Generics.Collections}TList<SQLiteTable3.TSQliteParam>.TEnumerator
 0001:00020B10       SQLiteTable3..{System.Generics.Collections}TList<System.Integer>
 0001:00020970       SQLiteTable3..{System.Generics.Collections}TList<System.Integer>.TEnumerator
 0001:0001FE54       SQLiteTable3..{System.Generics.Collections}TList<System.string>
 0001:0001FCB4       SQLiteTable3..{System.Generics.Collections}TList<System.string>.TEnumerator
 0001:0000D530       SQLiteTable3..{System.Generics.Collections}TObjectList<SQLiteTable3.TSQLiteField>
 0001:0000C230       SQLiteTable3..{System.Generics.Collections}TObjectList<SQLiteTable3.TSQliteParam>
 0001:0001EAF4       SQLiteTable3..{System.Generics.Defaults}TComparer<SQLiteTable3.PSQLiteFuncs>
 0001:00021D68       SQLiteTable3..{System.Generics.Defaults}TComparer<SQLiteTable3.TPair<System.string,System.Integer>>
 0001:000218B8       SQLiteTable3..{System.Generics.Defaults}TComparer<SQLiteTable3.TSQLiteField>
 0001:000215CC       SQLiteTable3..{System.Generics.Defaults}TComparer<SQLiteTable3.TSQliteParam>
 0001:00022348       SQLiteTable3..{System.Generics.Defaults}TComparer<System.Integer>
 0001:00022088       SQLiteTable3..{System.Generics.Defaults}TComparer<System.string>
 0001:00021AE4       SQLiteTable3..{System.Generics.Defaults}TDelegatedComparer<SQLiteTable3.PSQLiteFuncs>
 0001:000228A8       SQLiteTable3..{System.Generics.Defaults}TDelegatedComparer<SQLiteTable3.TPair<System.string,System.Integer>>
 0001:000226FC       SQLiteTable3..{System.Generics.Defaults}TDelegatedComparer<SQLiteTable3.TSQLiteField>
 0001:00022550       SQLiteTable3..{System.Generics.Defaults}TDelegatedComparer<SQLiteTable3.TSQliteParam>
 0001:00022C18       SQLiteTable3..{System.Generics.Defaults}TDelegatedComparer<System.Integer>
 0001:00022A84       SQLiteTable3..{System.Generics.Defaults}TDelegatedComparer<System.string>
 0001:0000DCEC       SQLiteTable3.AggFinalDefFunc
 0001:0000DD5C       SQLiteTable3.AggStepDefFunc
 0003:000000C0       SQLiteTable3.DEF_COLTYPES
 0003:0000009C       SQLiteTable3.DEF_COLTYPES_NAMES
 0001:0000DCD8       SQLiteTable3.DisposePointer
 0001:0000DE88       SQLiteTable3.DoAuthorize
 0001:0000DF48       SQLiteTable3.DoUpdateHook
 0001:00014CC0       SQLiteTable3.Finalization
 0001:0000DDD8       SQLiteTable3.ScalarDefFunc
 0001:0000E000       SQLiteTable3.SQLiteDataTypeToDelphiFieldType
 0002:00000114       SQLiteTable3.SQLiteTable3
 0001:0000DFD4       SQLiteTable3.SystemCollate
 0001:0001A05C       SQLiteTable3.TArray.BinarySearch<SQLiteTable3.PSQLiteFuncs>
 0001:0001DD74       SQLiteTable3.TArray.BinarySearch<SQLiteTable3.TPair<System.string,System.Integer>>
 0001:0001DA2C       SQLiteTable3.TArray.BinarySearch<SQLiteTable3.TSQLiteField>
 0001:0001D860       SQLiteTable3.TArray.BinarySearch<SQLiteTable3.TSQliteParam>
 0001:0001E10C       SQLiteTable3.TArray.BinarySearch<System.Integer>
 0001:0001DF40       SQLiteTable3.TArray.BinarySearch<System.string>
 0001:0001DB88       SQLiteTable3.TArray.QuickSort<SQLiteTable3.PSQLiteFuncs>
 0001:0001E560       SQLiteTable3.TArray.QuickSort<SQLiteTable3.TPair<System.string,System.Integer>>
 0001:0001E3E4       SQLiteTable3.TArray.QuickSort<SQLiteTable3.TSQLiteField>
 0001:0001E268       SQLiteTable3.TArray.QuickSort<SQLiteTable3.TSQliteParam>
 0001:0001E92C       SQLiteTable3.TArray.QuickSort<System.Integer>
 0001:0001E760       SQLiteTable3.TArray.QuickSort<System.string>
 0001:00019FD8       SQLiteTable3.TArray.Sort<SQLiteTable3.PSQLiteFuncs>
 0001:0001DCF0       SQLiteTable3.TArray.Sort<SQLiteTable3.TPair<System.string,System.Integer>>
 0001:0001D9A8       SQLiteTable3.TArray.Sort<SQLiteTable3.TSQLiteField>
 0001:0001D7DC       SQLiteTable3.TArray.Sort<SQLiteTable3.TSQliteParam>
 0001:0001E088       SQLiteTable3.TArray.Sort<System.Integer>
 0001:0001DEBC       SQLiteTable3.TArray.Sort<System.string>
 0001:000102A4       SQLiteTable3.TSQLiteDatabase.AddCustomCollate
 0001:000104AC       SQLiteTable3.TSQLiteDatabase.AddNewSupportedColumnType
 0001:00010518       SQLiteTable3.TSQLiteDatabase.AddParamFloat
 0001:00010454       SQLiteTable3.TSQLiteDatabase.AddParamInt
 0001:000105C8       SQLiteTable3.TSQLiteDatabase.AddParamNull
 0001:00010570       SQLiteTable3.TSQLiteDatabase.AddParamText
 0001:000102DC       SQLiteTable3.TSQLiteDatabase.AddSystemCollate
 0001:00010318       SQLiteTable3.TSQLiteDatabase.Analyze
 0001:0001034C       SQLiteTable3.TSQLiteDatabase.Attach
 0001:000109F4       SQLiteTable3.TSQLiteDatabase.Backup
 0001:00010B40       SQLiteTable3.TSQLiteDatabase.Backup
 0001:0000FDC4       SQLiteTable3.TSQLiteDatabase.BeginTransaction
 0001:0000ED74       SQLiteTable3.TSQLiteDatabase.BindSQL
 0001:0000EE70       SQLiteTable3.TSQLiteDatabase.BindSQL
 0001:0000FE74       SQLiteTable3.TSQLiteDatabase.ChangePassword
 0001:0000FFCC       SQLiteTable3.TSQLiteDatabase.Close
 0001:00010034       SQLiteTable3.TSQLiteDatabase.Commit
 0001:0000E254       SQLiteTable3.TSQLiteDatabase.Create
 0001:0000E078       SQLiteTable3.TSQLiteDatabase.Create
 0001:0000E2A0       SQLiteTable3.TSQLiteDatabase.Destroy
 0001:000109C8       SQLiteTable3.TSQLiteDatabase.DoQuery
 0001:0000EB9C       SQLiteTable3.TSQLiteDatabase.ExecSQL
 0001:0000E8E8       SQLiteTable3.TSQLiteDatabase.ExecSQL
 0001:0000EA94       SQLiteTable3.TSQLiteDatabase.ExecSQL
 0001:0000EBC8       SQLiteTable3.TSQLiteDatabase.ExecSQL
 0001:0000EC3C       SQLiteTable3.TSQLiteDatabase.ExecSQL
 0004:00000198       SQLiteTable3.TSQLiteDatabase.FColumnTypes
 0001:0000E41C       SQLiteTable3.TSQLiteDatabase.GetLastChangedRows
 0001:0000E300       SQLiteTable3.TSQLiteDatabase.GetLastInsertRowID
 0001:0000E32C       SQLiteTable3.TSQLiteDatabase.GetMemoryUsed
 0001:0000E3F0       SQLiteTable3.TSQLiteDatabase.GetPreparedStatement
 0001:0000E350       SQLiteTable3.TSQLiteDatabase.GetPreparedStatement
 0001:0000E3B8       SQLiteTable3.TSQLiteDatabase.GetPreparedStatementIntf
 0001:0000E388       SQLiteTable3.TSQLiteDatabase.GetPreparedStatementIntf
 0001:00010990       SQLiteTable3.TSQLiteDatabase.GetRowsChanged
 0001:0000F3F0       SQLiteTable3.TSQLiteDatabase.GetTable
 0001:0000F41C       SQLiteTable3.TSQLiteDatabase.GetTableColumnMetadata
 0001:0000FC54       SQLiteTable3.TSQLiteDatabase.GetTableString
 0001:0000FCE0       SQLiteTable3.TSQLiteDatabase.GetTableStrings
 0001:0000FBBC       SQLiteTable3.TSQLiteDatabase.GetTableValue
 0001:0000F5AC       SQLiteTable3.TSQLiteDatabase.GetUniTable
 0001:0000F5D4       SQLiteTable3.TSQLiteDatabase.GetUniTable
 0001:0000F6B4       SQLiteTable3.TSQLiteDatabase.GetUniTableIntf
 0001:0000F640       SQLiteTable3.TSQLiteDatabase.GetUniTableIntf
 0001:0000F718       SQLiteTable3.TSQLiteDatabase.InitDefaultColumnTypes
 0001:0000F75C       SQLiteTable3.TSQLiteDatabase.LoadExtension
 0001:0000F838       SQLiteTable3.TSQLiteDatabase.Open
 0001:00010404       SQLiteTable3.TSQLiteDatabase.ParamsClear
 0001:0000EC64       SQLiteTable3.TSQLiteDatabase.PrepareSQL
 0001:0000E5C0       SQLiteTable3.TSQLiteDatabase.RaiseError
 0001:0000E440       SQLiteTable3.TSQLiteDatabase.RaiseError
 0001:0000EF7C       SQLiteTable3.TSQLiteDatabase.Reindex
 0001:0000EFB0       SQLiteTable3.TSQLiteDatabase.ReleaseSQL
 0001:00010070       SQLiteTable3.TSQLiteDatabase.Rollback
 0001:00010610       SQLiteTable3.TSQLiteDatabase.SetConnected
 0001:0001066C       SQLiteTable3.TSQLiteDatabase.SetEvents
 0001:000106A4       SQLiteTable3.TSQLiteDatabase.SetExtEnabled
 0001:000106F4       SQLiteTable3.TSQLiteDatabase.SetFilename
 0001:00010728       SQLiteTable3.TSQLiteDatabase.SetOnAuthorize
 0001:00010798       SQLiteTable3.TSQLiteDatabase.SetOnUpdate
 0001:00010808       SQLiteTable3.TSQLiteDatabase.SetParams
 0001:0000E7B8       SQLiteTable3.TSQLiteDatabase.SetReadUncommitted
 0001:0000E6E4       SQLiteTable3.TSQLiteDatabase.SetSynchronised
 0001:00010224       SQLiteTable3.TSQLiteDatabase.SetTimeout
 0001:000100B0       SQLiteTable3.TSQLiteDatabase.TableExists
 0001:0000F094       SQLiteTable3.TSQLiteDatabase.UpdateBlob
 0001:0001024C       SQLiteTable3.TSQLiteDatabase.Vacuum
 0001:00010280       SQLiteTable3.TSQLiteDatabase.Version
 0001:00014190       SQLiteTable3.TSQLiteField.AsBlob
 0001:000141B4       SQLiteTable3.TSQLiteField.AsBlobPtr
 0001:000141E0       SQLiteTable3.TSQLiteField.AsBlobText
 0001:00014204       SQLiteTable3.TSQLiteField.AsBlobTextDef
 0001:00014264       SQLiteTable3.TSQLiteField.AsDateTime
 0001:000142C4       SQLiteTable3.TSQLiteField.AsDateTimeDef
 0001:00014324       SQLiteTable3.TSQLiteField.AsDouble
 0001:0001434C       SQLiteTable3.TSQLiteField.AsDoubleDef
 0001:000143AC       SQLiteTable3.TSQLiteField.AsInteger
 0001:000143D8       SQLiteTable3.TSQLiteField.AsIntegerDef
 0001:0001443C       SQLiteTable3.TSQLiteField.AsString
 0001:00014460       SQLiteTable3.TSQLiteField.AsStringDef
 0001:000144C0       SQLiteTable3.TSQLiteField.Create
 0001:00014504       SQLiteTable3.TSQLiteField.Destroy
 0001:00014540       SQLiteTable3.TSQLiteField.IsNull
 0001:00014564       SQLiteTable3.TSQLiteField.Value
 0001:0001458C       SQLiteTable3.TSQLiteField.ValueDef
 0001:000145EC       SQLiteTable3.TSQLiteFunctions.AddAggregateFunction
 0001:00014794       SQLiteTable3.TSQLiteFunctions.AddScalarFunction
 0001:0001491C       SQLiteTable3.TSQLiteFunctions.Clear
 0001:000149A4       SQLiteTable3.TSQLiteFunctions.Create
 0001:00014A04       SQLiteTable3.TSQLiteFunctions.Destroy
 0001:00014A50       SQLiteTable3.TSQLiteFunctions.GetValueType
 0001:00014A78       SQLiteTable3.TSQLiteFunctions.ResultAsFloat
 0001:00014AA0       SQLiteTable3.TSQLiteFunctions.ResultAsInteger
 0001:00014AC8       SQLiteTable3.TSQLiteFunctions.ResultAsNull
 0001:00014AE8       SQLiteTable3.TSQLiteFunctions.ResultAsString
 0001:00014B4C       SQLiteTable3.TSQLiteFunctions.ValueAsFloat
 0001:00014B74       SQLiteTable3.TSQLiteFunctions.ValueAsInteger
 0001:00014BA0       SQLiteTable3.TSQLiteFunctions.ValueAsString
 0001:00012B08       SQLiteTable3.TSQliteParam.Create
 0001:00013E84       SQLiteTable3.TSQLitePreparedStatement.BindParameterCount
 0001:00013EB8       SQLiteTable3.TSQLitePreparedStatement.BindParameterName
 0001:00013EFC       SQLiteTable3.TSQLitePreparedStatement.BindParams
 0001:000136E4       SQLiteTable3.TSQLitePreparedStatement.ClearParams
 0001:00013884       SQLiteTable3.TSQLitePreparedStatement.Create
 0001:00013724       SQLiteTable3.TSQLitePreparedStatement.Create
 0001:000138D8       SQLiteTable3.TSQLitePreparedStatement.Create
 0001:0001395C       SQLiteTable3.TSQLitePreparedStatement.Destroy
 0001:000139CC       SQLiteTable3.TSQLitePreparedStatement.ExecQuery
 0001:000139F0       SQLiteTable3.TSQLitePreparedStatement.ExecQuery
 0001:00013A18       SQLiteTable3.TSQLitePreparedStatement.ExecQuery
 0001:00013A7C       SQLiteTable3.TSQLitePreparedStatement.ExecQueryIntf
 0001:00013AE0       SQLiteTable3.TSQLitePreparedStatement.ExecQueryIntf
 0001:00013AB4       SQLiteTable3.TSQLitePreparedStatement.ExecQueryIntf
 0001:00013CA0       SQLiteTable3.TSQLitePreparedStatement.ExecSQL
 0001:00013CC8       SQLiteTable3.TSQLitePreparedStatement.ExecSQL
 0001:00013B10       SQLiteTable3.TSQLitePreparedStatement.ExecSQL
 0001:00013C38       SQLiteTable3.TSQLitePreparedStatement.ExecSQL
 0001:00013C5C       SQLiteTable3.TSQLitePreparedStatement.ExecSQL
 0001:00013CEC       SQLiteTable3.TSQLitePreparedStatement.ExecSQLAndMapData
 0001:00013CEC       SQLiteTable3.TSQLitePreparedStatement.GetParamCount
 0001:00013D08       SQLiteTable3.TSQLitePreparedStatement.GetParams
 0001:00013D5C       SQLiteTable3.TSQLitePreparedStatement.PrepareStatement
 0001:00013D2C       SQLiteTable3.TSQLitePreparedStatement.PrepareStatement
 0001:00012C3C       SQLiteTable3.TSQLitePreparedStatement.SetParamBlob
 0001:00012C60       SQLiteTable3.TSQLitePreparedStatement.SetParamBlob
 0001:00012C84       SQLiteTable3.TSQLitePreparedStatement.SetParamBlobInternal
 0001:00012DE0       SQLiteTable3.TSQLitePreparedStatement.SetParamDate
 0001:00012BD4       SQLiteTable3.TSQLitePreparedStatement.SetParamDate
 0001:00012E48       SQLiteTable3.TSQLitePreparedStatement.SetParamDateTime
 0001:00012B6C       SQLiteTable3.TSQLitePreparedStatement.SetParamDateTime
 0001:00012EB0       SQLiteTable3.TSQLitePreparedStatement.SetParamFloat
 0001:00012F3C       SQLiteTable3.TSQLitePreparedStatement.SetParamFloat
 0001:00012ED8       SQLiteTable3.TSQLitePreparedStatement.SetParamFloatInternal
 0001:00012F64       SQLiteTable3.TSQLitePreparedStatement.SetParamInt
 0001:00012F8C       SQLiteTable3.TSQLitePreparedStatement.SetParamInt
 0001:00012FB4       SQLiteTable3.TSQLitePreparedStatement.SetParamIntInternal
 0001:00013038       SQLiteTable3.TSQLitePreparedStatement.SetParamNull
 0001:00013018       SQLiteTable3.TSQLitePreparedStatement.SetParamNull
 0001:00013058       SQLiteTable3.TSQLitePreparedStatement.SetParamNullInternal
 0001:000130AC       SQLiteTable3.TSQLitePreparedStatement.SetParams
 0001:00013394       SQLiteTable3.TSQLitePreparedStatement.SetParamText
 0001:000133B8       SQLiteTable3.TSQLitePreparedStatement.SetParamText
 0001:000133DC       SQLiteTable3.TSQLitePreparedStatement.SetParamTextInternal
 0001:00013440       SQLiteTable3.TSQLitePreparedStatement.SetParamVariant
 0001:00013464       SQLiteTable3.TSQLitePreparedStatement.SetParamVariant
 0001:00013488       SQLiteTable3.TSQLitePreparedStatement.SetParamVariantInternal
 0001:00013668       SQLiteTable3.TSQLitePreparedStatement.SetSQL
 0001:00010B84       SQLiteTable3.TSQLiteTable.Create
 0001:00011198       SQLiteTable3.TSQLiteTable.Destroy
 0001:00011714       SQLiteTable3.TSQLiteTable.FieldAsBlob
 0001:00011824       SQLiteTable3.TSQLiteTable.FieldAsBlobText
 0001:00011A64       SQLiteTable3.TSQLiteTable.FieldAsDouble
 0001:000118DC       SQLiteTable3.TSQLiteTable.FieldAsInteger
 0001:00011BD4       SQLiteTable3.TSQLiteTable.FieldAsString
 0001:00011C7C       SQLiteTable3.TSQLiteTable.FieldIsNull
 0001:000113F4       SQLiteTable3.TSQLiteTable.GetBOF
 0001:00011300       SQLiteTable3.TSQLiteTable.GetColumns
 0001:00011394       SQLiteTable3.TSQLiteTable.GetCount
 0001:00011328       SQLiteTable3.TSQLiteTable.GetCountResult
 0001:000113B0       SQLiteTable3.TSQLiteTable.GetEOF
 0001:0001143C       SQLiteTable3.TSQLiteTable.GetFieldIndex
 0001:000115EC       SQLiteTable3.TSQLiteTable.GetFields
 0001:00011410       SQLiteTable3.TSQLiteTable.GetFieldValByName
 0001:000113D0       SQLiteTable3.TSQLiteTable.GetIsLastRow
 0001:00011D6C       SQLiteTable3.TSQLiteTable.MoveFirst
 0001:00011D98       SQLiteTable3.TSQLiteTable.MoveLast
 0001:00011DC8       SQLiteTable3.TSQLiteTable.MoveTo
 0001:00011D14       SQLiteTable3.TSQLiteTable.Next
 0001:00011D40       SQLiteTable3.TSQLiteTable.Previous
 0001:00011E00       SQLiteTable3.TSQLiteUniTable.Create
 0001:00011EF0       SQLiteTable3.TSQLiteUniTable.Create
 0001:00011E5C       SQLiteTable3.TSQLiteUniTable.Create
 0001:00011F4C       SQLiteTable3.TSQLiteUniTable.Destroy
 0001:00012228       SQLiteTable3.TSQLiteUniTable.FieldAsBlob
 0001:000122C0       SQLiteTable3.TSQLiteUniTable.FieldAsBlobPtr
 0001:0001230C       SQLiteTable3.TSQLiteUniTable.FieldAsBlobText
 0001:000123F0       SQLiteTable3.TSQLiteUniTable.FieldAsDouble
 0001:00012420       SQLiteTable3.TSQLiteUniTable.FieldAsInteger
 0001:00012454       SQLiteTable3.TSQLiteUniTable.FieldAsString
 0001:00012478       SQLiteTable3.TSQLiteUniTable.FieldIsNull
 0001:000124A8       SQLiteTable3.TSQLiteUniTable.FindField
 0001:00012524       SQLiteTable3.TSQLiteUniTable.GetColumns
 0001:0001254C       SQLiteTable3.TSQLiteUniTable.GetCurrentRec
 0001:00011FB8       SQLiteTable3.TSQLiteUniTable.GetDataTypes
 0001:000121E8       SQLiteTable3.TSQLiteUniTable.GetEnumerator
 0001:0001220C       SQLiteTable3.TSQLiteUniTable.GetEOF
 0001:00012568       SQLiteTable3.TSQLiteUniTable.GetField
 0001:0001258C       SQLiteTable3.TSQLiteUniTable.GetFieldByName
 0001:000125B8       SQLiteTable3.TSQLiteUniTable.GetFieldByNameAsString
 0001:000125E4       SQLiteTable3.TSQLiteUniTable.GetFieldCount
 0001:00012600       SQLiteTable3.TSQLiteUniTable.GetFieldIndex
 0001:000127B0       SQLiteTable3.TSQLiteUniTable.GetFieldsAsString
 0001:000127E4       SQLiteTable3.TSQLiteUniTable.GetFieldsVal
 0001:000129F8       SQLiteTable3.TSQLiteUniTable.GetRow
 0001:00012A14       SQLiteTable3.TSQLiteUniTable.Next
 0001:00012ACC       SQLiteTable3.TSQLiteUniTable.SetField
 0001:00012AE0       SQLiteTable3.TSQLiteUniTable.SetFieldByName
 0001:00012AF4       SQLiteTable3.TSQLiteUniTable.SetFields
 0001:00014BD0       SQLiteTable3.TUniTableEnumerator.Create
 0001:00014C24       SQLiteTable3.TUniTableEnumerator.Destroy
 0001:00014C60       SQLiteTable3.TUniTableEnumerator.GetCurrent
 0001:00014C80       SQLiteTable3.TUniTableEnumerator.MoveNext
 0001:0000D9E4       SQLiteTable3.TVarDataRecordType.Clear
 0001:0000DA00       SQLiteTable3.TVarDataRecordType.Copy
 0001:0000DA28       SQLiteTable3.TVarDataRecordType.GetProperty
 0001:0000DAB0       SQLiteTable3.TVarDataRecordType.SetProperty
 0001:0000D9A0       SQLiteTable3.VarDataRecord
 0001:0000D9B8       SQLiteTable3.VarDataRecordCreate
 0003:00000098       SQLiteTable3.VarDataRecordType
 0001:00016BEC       SQLiteTable3.{System.Generics.Collections}TDictionary<System.string,System.Integer>.Add
 0001:00016E64       SQLiteTable3.{System.Generics.Collections}TDictionary<System.string,System.Integer>.AddOrSetValue
 0001:00016CFC       SQLiteTable3.{System.Generics.Collections}TDictionary<System.string,System.Integer>.Clear
 0001:00016EDC       SQLiteTable3.{System.Generics.Collections}TDictionary<System.string,System.Integer>.ContainsKey
 0001:00016F10       SQLiteTable3.{System.Generics.Collections}TDictionary<System.string,System.Integer>.ContainsValue
 0001:000169B8       SQLiteTable3.{System.Generics.Collections}TDictionary<System.string,System.Integer>.Create
 0001:000168E8       SQLiteTable3.{System.Generics.Collections}TDictionary<System.string,System.Integer>.Create
 0001:00016AA8       SQLiteTable3.{System.Generics.Collections}TDictionary<System.string,System.Integer>.Create
 0001:00016850       SQLiteTable3.{System.Generics.Collections}TDictionary<System.string,System.Integer>.Create
 0001:0001689C       SQLiteTable3.{System.Generics.Collections}TDictionary<System.string,System.Integer>.Create
 0001:00016B9C       SQLiteTable3.{System.Generics.Collections}TDictionary<System.string,System.Integer>.Destroy
 0001:000165A0       SQLiteTable3.{System.Generics.Collections}TDictionary<System.string,System.Integer>.DoAdd
 0001:000167CC       SQLiteTable3.{System.Generics.Collections}TDictionary<System.string,System.Integer>.DoGetEnumerator
 0001:0001666C       SQLiteTable3.{System.Generics.Collections}TDictionary<System.string,System.Integer>.DoRemove
 0001:00016614       SQLiteTable3.{System.Generics.Collections}TDictionary<System.string,System.Integer>.DoSetValue
 0001:00016C98       SQLiteTable3.{System.Generics.Collections}TDictionary<System.string,System.Integer>.ExtractPair
 0001:00016364       SQLiteTable3.{System.Generics.Collections}TDictionary<System.string,System.Integer>.GetBucketIndex
 0001:00017050       SQLiteTable3.{System.Generics.Collections}TDictionary<System.string,System.Integer>.GetEnumerator
 0001:00016448       SQLiteTable3.{System.Generics.Collections}TDictionary<System.string,System.Integer>.GetItem
 0001:00016FE0       SQLiteTable3.{System.Generics.Collections}TDictionary<System.string,System.Integer>.GetKeys
 0001:00017018       SQLiteTable3.{System.Generics.Collections}TDictionary<System.string,System.Integer>.GetValues
 0001:0001632C       SQLiteTable3.{System.Generics.Collections}TDictionary<System.string,System.Integer>.Grow
 0001:00016418       SQLiteTable3.{System.Generics.Collections}TDictionary<System.string,System.Integer>.Hash
 0001:000167E8       SQLiteTable3.{System.Generics.Collections}TDictionary<System.string,System.Integer>.KeyNotify
 0001:000161DC       SQLiteTable3.{System.Generics.Collections}TDictionary<System.string,System.Integer>.Rehash
 0001:00016538       SQLiteTable3.{System.Generics.Collections}TDictionary<System.string,System.Integer>.RehashAdd
 0001:00016C6C       SQLiteTable3.{System.Generics.Collections}TDictionary<System.string,System.Integer>.Remove
 0001:00016170       SQLiteTable3.{System.Generics.Collections}TDictionary<System.string,System.Integer>.SetCapacity
 0001:000164A8       SQLiteTable3.{System.Generics.Collections}TDictionary<System.string,System.Integer>.SetItem
 0001:000172A8       SQLiteTable3.{System.Generics.Collections}TDictionary<System.string,System.Integer>.TKeyCollection.Create
 0001:0001728C       SQLiteTable3.{System.Generics.Collections}TDictionary<System.string,System.Integer>.TKeyCollection.DoGetEnumerator
 0001:00017270       SQLiteTable3.{System.Generics.Collections}TDictionary<System.string,System.Integer>.TKeyCollection.GetCount
 0001:000172F8       SQLiteTable3.{System.Generics.Collections}TDictionary<System.string,System.Integer>.TKeyCollection.GetEnumerator
 0001:00017320       SQLiteTable3.{System.Generics.Collections}TDictionary<System.string,System.Integer>.TKeyCollection.ToArray
 0001:000173AC       SQLiteTable3.{System.Generics.Collections}TDictionary<System.string,System.Integer>.TKeyEnumerator.Create
 0001:00017374       SQLiteTable3.{System.Generics.Collections}TDictionary<System.string,System.Integer>.TKeyEnumerator.DoGetCurrent
 0001:00017390       SQLiteTable3.{System.Generics.Collections}TDictionary<System.string,System.Integer>.TKeyEnumerator.DoMoveNext
 0001:00017344       SQLiteTable3.{System.Generics.Collections}TDictionary<System.string,System.Integer>.TKeyEnumerator.GetCurrent
 0001:00017404       SQLiteTable3.{System.Generics.Collections}TDictionary<System.string,System.Integer>.TKeyEnumerator.MoveNext
 0001:00016FBC       SQLiteTable3.{System.Generics.Collections}TDictionary<System.string,System.Integer>.ToArray
 0001:00017854       SQLiteTable3.{System.Generics.Collections}TDictionary<System.string,System.Integer>.TPairEnumerator.Create
 0001:0001781C       SQLiteTable3.{System.Generics.Collections}TDictionary<System.string,System.Integer>.TPairEnumerator.DoGetCurrent
 0001:00017838       SQLiteTable3.{System.Generics.Collections}TDictionary<System.string,System.Integer>.TPairEnumerator.DoMoveNext
 0001:000177D0       SQLiteTable3.{System.Generics.Collections}TDictionary<System.string,System.Integer>.TPairEnumerator.GetCurrent
 0001:000178AC       SQLiteTable3.{System.Generics.Collections}TDictionary<System.string,System.Integer>.TPairEnumerator.MoveNext
 0001:00016DE8       SQLiteTable3.{System.Generics.Collections}TDictionary<System.string,System.Integer>.TrimExcess
 0001:00016E04       SQLiteTable3.{System.Generics.Collections}TDictionary<System.string,System.Integer>.TryGetValue
 0001:00017624       SQLiteTable3.{System.Generics.Collections}TDictionary<System.string,System.Integer>.TValueCollection.Create
 0001:00017608       SQLiteTable3.{System.Generics.Collections}TDictionary<System.string,System.Integer>.TValueCollection.DoGetEnumerator
 0001:000175EC       SQLiteTable3.{System.Generics.Collections}TDictionary<System.string,System.Integer>.TValueCollection.GetCount
 0001:00017674       SQLiteTable3.{System.Generics.Collections}TDictionary<System.string,System.Integer>.TValueCollection.GetEnumerator
 0001:0001769C       SQLiteTable3.{System.Generics.Collections}TDictionary<System.string,System.Integer>.TValueCollection.ToArray
 0001:00017724       SQLiteTable3.{System.Generics.Collections}TDictionary<System.string,System.Integer>.TValueEnumerator.Create
 0001:000176EC       SQLiteTable3.{System.Generics.Collections}TDictionary<System.string,System.Integer>.TValueEnumerator.DoGetCurrent
 0001:00017708       SQLiteTable3.{System.Generics.Collections}TDictionary<System.string,System.Integer>.TValueEnumerator.DoMoveNext
 0001:000176C0       SQLiteTable3.{System.Generics.Collections}TDictionary<System.string,System.Integer>.TValueEnumerator.GetCurrent
 0001:0001777C       SQLiteTable3.{System.Generics.Collections}TDictionary<System.string,System.Integer>.TValueEnumerator.MoveNext
 0001:0001681C       SQLiteTable3.{System.Generics.Collections}TDictionary<System.string,System.Integer>.ValueNotify
 0001:00014DBC       SQLiteTable3.{System.Generics.Collections}TEnumerable<SQLiteTable3.PSQLiteFuncs>.GetEnumerator
 0001:00014DD8       SQLiteTable3.{System.Generics.Collections}TEnumerable<SQLiteTable3.PSQLiteFuncs>.ToArray
 0001:00014D1C       SQLiteTable3.{System.Generics.Collections}TEnumerable<SQLiteTable3.PSQLiteFuncs>.ToArrayImpl
 0001:0001603C       SQLiteTable3.{System.Generics.Collections}TEnumerable<SQLiteTable3.TPair<System.string,System.Integer>>.GetEnumerator
 0001:00016058       SQLiteTable3.{System.Generics.Collections}TEnumerable<SQLiteTable3.TPair<System.string,System.Integer>>.ToArray
 0001:00015F54       SQLiteTable3.{System.Generics.Collections}TEnumerable<SQLiteTable3.TPair<System.string,System.Integer>>.ToArrayImpl
 0001:00018CDC       SQLiteTable3.{System.Generics.Collections}TEnumerable<SQLiteTable3.TSQLiteField>.GetEnumerator
 0001:00018CF8       SQLiteTable3.{System.Generics.Collections}TEnumerable<SQLiteTable3.TSQLiteField>.ToArray
 0001:00018C3C       SQLiteTable3.{System.Generics.Collections}TEnumerable<SQLiteTable3.TSQLiteField>.ToArrayImpl
 0001:000179A0       SQLiteTable3.{System.Generics.Collections}TEnumerable<SQLiteTable3.TSQliteParam>.GetEnumerator
 0001:000179BC       SQLiteTable3.{System.Generics.Collections}TEnumerable<SQLiteTable3.TSQliteParam>.ToArray
 0001:00017900       SQLiteTable3.{System.Generics.Collections}TEnumerable<SQLiteTable3.TSQliteParam>.ToArrayImpl
 0001:000174F8       SQLiteTable3.{System.Generics.Collections}TEnumerable<System.Integer>.GetEnumerator
 0001:00017514       SQLiteTable3.{System.Generics.Collections}TEnumerable<System.Integer>.ToArray
 0001:00017458       SQLiteTable3.{System.Generics.Collections}TEnumerable<System.Integer>.ToArrayImpl
 0001:0001714C       SQLiteTable3.{System.Generics.Collections}TEnumerable<System.string>.GetEnumerator
 0001:00017168       SQLiteTable3.{System.Generics.Collections}TEnumerable<System.string>.ToArray
 0001:00017074       SQLiteTable3.{System.Generics.Collections}TEnumerable<System.string>.ToArrayImpl
 0001:00014E94       SQLiteTable3.{System.Generics.Collections}TEnumerator<SQLiteTable3.PSQLiteFuncs>.MoveNext
 0001:00016154       SQLiteTable3.{System.Generics.Collections}TEnumerator<SQLiteTable3.TPair<System.string,System.Integer>>.MoveNext
 0001:00018DB4       SQLiteTable3.{System.Generics.Collections}TEnumerator<SQLiteTable3.TSQLiteField>.MoveNext
 0001:00017A78       SQLiteTable3.{System.Generics.Collections}TEnumerator<SQLiteTable3.TSQliteParam>.MoveNext
 0001:000175D0       SQLiteTable3.{System.Generics.Collections}TEnumerator<System.Integer>.MoveNext
 0001:00017254       SQLiteTable3.{System.Generics.Collections}TEnumerator<System.string>.MoveNext
 0001:000153EC       SQLiteTable3.{System.Generics.Collections}TList<SQLiteTable3.PSQLiteFuncs>.Add
 0001:00015468       SQLiteTable3.{System.Generics.Collections}TList<SQLiteTable3.PSQLiteFuncs>.AddRange
 0001:00015440       SQLiteTable3.{System.Generics.Collections}TList<SQLiteTable3.PSQLiteFuncs>.AddRange
 0001:0001548C       SQLiteTable3.{System.Generics.Collections}TList<SQLiteTable3.PSQLiteFuncs>.AddRange
 0001:00015CF4       SQLiteTable3.{System.Generics.Collections}TList<SQLiteTable3.PSQLiteFuncs>.BinarySearch
 0001:00015D44       SQLiteTable3.{System.Generics.Collections}TList<SQLiteTable3.PSQLiteFuncs>.BinarySearch
 0001:00015B14       SQLiteTable3.{System.Generics.Collections}TList<SQLiteTable3.PSQLiteFuncs>.Clear
 0001:00015B34       SQLiteTable3.{System.Generics.Collections}TList<SQLiteTable3.PSQLiteFuncs>.Contains
 0001:000151E4       SQLiteTable3.{System.Generics.Collections}TList<SQLiteTable3.PSQLiteFuncs>.Create
 0001:00015268       SQLiteTable3.{System.Generics.Collections}TList<SQLiteTable3.PSQLiteFuncs>.Create
 0001:00015310       SQLiteTable3.{System.Generics.Collections}TList<SQLiteTable3.PSQLiteFuncs>.Create
 0001:000157B8       SQLiteTable3.{System.Generics.Collections}TList<SQLiteTable3.PSQLiteFuncs>.Delete
 0001:000157D8       SQLiteTable3.{System.Generics.Collections}TList<SQLiteTable3.PSQLiteFuncs>.DeleteRange
 0001:000153B0       SQLiteTable3.{System.Generics.Collections}TList<SQLiteTable3.PSQLiteFuncs>.Destroy
 0001:000150D4       SQLiteTable3.{System.Generics.Collections}TList<SQLiteTable3.PSQLiteFuncs>.DoDelete
 0001:00015194       SQLiteTable3.{System.Generics.Collections}TList<SQLiteTable3.PSQLiteFuncs>.DoGetEnumerator
 0001:0001599C       SQLiteTable3.{System.Generics.Collections}TList<SQLiteTable3.PSQLiteFuncs>.Exchange
 0001:00015950       SQLiteTable3.{System.Generics.Collections}TList<SQLiteTable3.PSQLiteFuncs>.Extract
 0001:00015AD0       SQLiteTable3.{System.Generics.Collections}TList<SQLiteTable3.PSQLiteFuncs>.First
 0001:00014EB0       SQLiteTable3.{System.Generics.Collections}TList<SQLiteTable3.PSQLiteFuncs>.GetCapacity
 0001:00015E10       SQLiteTable3.{System.Generics.Collections}TList<SQLiteTable3.PSQLiteFuncs>.GetEnumerator
 0001:00014F84       SQLiteTable3.{System.Generics.Collections}TList<SQLiteTable3.PSQLiteFuncs>.GetItem
 0001:00015048       SQLiteTable3.{System.Generics.Collections}TList<SQLiteTable3.PSQLiteFuncs>.Grow
 0001:0001509C       SQLiteTable3.{System.Generics.Collections}TList<SQLiteTable3.PSQLiteFuncs>.GrowCheck
 0001:00015B58       SQLiteTable3.{System.Generics.Collections}TList<SQLiteTable3.PSQLiteFuncs>.IndexOf
 0001:000154B0       SQLiteTable3.{System.Generics.Collections}TList<SQLiteTable3.PSQLiteFuncs>.Insert
 0001:00015704       SQLiteTable3.{System.Generics.Collections}TList<SQLiteTable3.PSQLiteFuncs>.InsertRange
 0001:00015570       SQLiteTable3.{System.Generics.Collections}TList<SQLiteTable3.PSQLiteFuncs>.InsertRange
 0001:00015680       SQLiteTable3.{System.Generics.Collections}TList<SQLiteTable3.PSQLiteFuncs>.InsertRange
 0001:00015AF0       SQLiteTable3.{System.Generics.Collections}TList<SQLiteTable3.PSQLiteFuncs>.Last
 0001:00015BB8       SQLiteTable3.{System.Generics.Collections}TList<SQLiteTable3.PSQLiteFuncs>.LastIndexOf
 0001:000159E8       SQLiteTable3.{System.Generics.Collections}TList<SQLiteTable3.PSQLiteFuncs>.Move
 0001:000151B0       SQLiteTable3.{System.Generics.Collections}TList<SQLiteTable3.PSQLiteFuncs>.Notify
 0001:00015784       SQLiteTable3.{System.Generics.Collections}TList<SQLiteTable3.PSQLiteFuncs>.Remove
 0001:00015C14       SQLiteTable3.{System.Generics.Collections}TList<SQLiteTable3.PSQLiteFuncs>.Reverse
 0001:00014ED0       SQLiteTable3.{System.Generics.Collections}TList<SQLiteTable3.PSQLiteFuncs>.SetCapacity
 0001:00014F14       SQLiteTable3.{System.Generics.Collections}TList<SQLiteTable3.PSQLiteFuncs>.SetCount
 0001:00014FD0       SQLiteTable3.{System.Generics.Collections}TList<SQLiteTable3.PSQLiteFuncs>.SetItem
 0001:00015C7C       SQLiteTable3.{System.Generics.Collections}TList<SQLiteTable3.PSQLiteFuncs>.Sort
 0001:00015CB8       SQLiteTable3.{System.Generics.Collections}TList<SQLiteTable3.PSQLiteFuncs>.Sort
 0001:00015E90       SQLiteTable3.{System.Generics.Collections}TList<SQLiteTable3.PSQLiteFuncs>.TEnumerator.Create
 0001:00015E58       SQLiteTable3.{System.Generics.Collections}TList<SQLiteTable3.PSQLiteFuncs>.TEnumerator.DoGetCurrent
 0001:00015E74       SQLiteTable3.{System.Generics.Collections}TList<SQLiteTable3.PSQLiteFuncs>.TEnumerator.DoMoveNext
 0001:00015E34       SQLiteTable3.{System.Generics.Collections}TList<SQLiteTable3.PSQLiteFuncs>.TEnumerator.GetCurrent
 0001:00015EE8       SQLiteTable3.{System.Generics.Collections}TList<SQLiteTable3.PSQLiteFuncs>.TEnumerator.MoveNext
 0001:00015DAC       SQLiteTable3.{System.Generics.Collections}TList<SQLiteTable3.PSQLiteFuncs>.ToArray
 0001:00015D94       SQLiteTable3.{System.Generics.Collections}TList<SQLiteTable3.PSQLiteFuncs>.TrimExcess
 0001:0001A73C       SQLiteTable3.{System.Generics.Collections}TList<SQLiteTable3.TPair<System.string,System.Integer>>.Add
 0001:0001A7C4       SQLiteTable3.{System.Generics.Collections}TList<SQLiteTable3.TPair<System.string,System.Integer>>.AddRange
 0001:0001A79C       SQLiteTable3.{System.Generics.Collections}TList<SQLiteTable3.TPair<System.string,System.Integer>>.AddRange
 0001:0001A7E8       SQLiteTable3.{System.Generics.Collections}TList<SQLiteTable3.TPair<System.string,System.Integer>>.AddRange
 0001:0001B250       SQLiteTable3.{System.Generics.Collections}TList<SQLiteTable3.TPair<System.string,System.Integer>>.BinarySearch
 0001:0001B200       SQLiteTable3.{System.Generics.Collections}TList<SQLiteTable3.TPair<System.string,System.Integer>>.BinarySearch
 0001:0001AFC0       SQLiteTable3.{System.Generics.Collections}TList<SQLiteTable3.TPair<System.string,System.Integer>>.Clear
 0001:0001AFE0       SQLiteTable3.{System.Generics.Collections}TList<SQLiteTable3.TPair<System.string,System.Integer>>.Contains
 0001:0001A534       SQLiteTable3.{System.Generics.Collections}TList<SQLiteTable3.TPair<System.string,System.Integer>>.Create
 0001:0001A5B8       SQLiteTable3.{System.Generics.Collections}TList<SQLiteTable3.TPair<System.string,System.Integer>>.Create
 0001:0001A660       SQLiteTable3.{System.Generics.Collections}TList<SQLiteTable3.TPair<System.string,System.Integer>>.Create
 0001:0001AB84       SQLiteTable3.{System.Generics.Collections}TList<SQLiteTable3.TPair<System.string,System.Integer>>.Delete
 0001:0001ABA4       SQLiteTable3.{System.Generics.Collections}TList<SQLiteTable3.TPair<System.string,System.Integer>>.DeleteRange
 0001:0001A700       SQLiteTable3.{System.Generics.Collections}TList<SQLiteTable3.TPair<System.string,System.Integer>>.Destroy
 0001:0001A3C8       SQLiteTable3.{System.Generics.Collections}TList<SQLiteTable3.TPair<System.string,System.Integer>>.DoDelete
 0001:0001A4E4       SQLiteTable3.{System.Generics.Collections}TList<SQLiteTable3.TPair<System.string,System.Integer>>.DoGetEnumerator
 0001:0001AD84       SQLiteTable3.{System.Generics.Collections}TList<SQLiteTable3.TPair<System.string,System.Integer>>.Exchange
 0001:0001AD1C       SQLiteTable3.{System.Generics.Collections}TList<SQLiteTable3.TPair<System.string,System.Integer>>.Extract
 0001:0001AF7C       SQLiteTable3.{System.Generics.Collections}TList<SQLiteTable3.TPair<System.string,System.Integer>>.First
 0001:0001A144       SQLiteTable3.{System.Generics.Collections}TList<SQLiteTable3.TPair<System.string,System.Integer>>.GetCapacity
 0001:0001B364       SQLiteTable3.{System.Generics.Collections}TList<SQLiteTable3.TPair<System.string,System.Integer>>.GetEnumerator
 0001:0001A218       SQLiteTable3.{System.Generics.Collections}TList<SQLiteTable3.TPair<System.string,System.Integer>>.GetItem
 0001:0001A33C       SQLiteTable3.{System.Generics.Collections}TList<SQLiteTable3.TPair<System.string,System.Integer>>.Grow
 0001:0001A390       SQLiteTable3.{System.Generics.Collections}TList<SQLiteTable3.TPair<System.string,System.Integer>>.GrowCheck
 0001:0001B004       SQLiteTable3.{System.Generics.Collections}TList<SQLiteTable3.TPair<System.string,System.Integer>>.IndexOf
 0001:0001A80C       SQLiteTable3.{System.Generics.Collections}TList<SQLiteTable3.TPair<System.string,System.Integer>>.Insert
 0001:0001A8D4       SQLiteTable3.{System.Generics.Collections}TList<SQLiteTable3.TPair<System.string,System.Integer>>.InsertRange
 0001:0001A9F0       SQLiteTable3.{System.Generics.Collections}TList<SQLiteTable3.TPair<System.string,System.Integer>>.InsertRange
 0001:0001AA90       SQLiteTable3.{System.Generics.Collections}TList<SQLiteTable3.TPair<System.string,System.Integer>>.InsertRange
 0001:0001AF9C       SQLiteTable3.{System.Generics.Collections}TList<SQLiteTable3.TPair<System.string,System.Integer>>.Last
 0001:0001B064       SQLiteTable3.{System.Generics.Collections}TList<SQLiteTable3.TPair<System.string,System.Integer>>.LastIndexOf
 0001:0001AE30       SQLiteTable3.{System.Generics.Collections}TList<SQLiteTable3.TPair<System.string,System.Integer>>.Move
 0001:0001A500       SQLiteTable3.{System.Generics.Collections}TList<SQLiteTable3.TPair<System.string,System.Integer>>.Notify
 0001:0001AB50       SQLiteTable3.{System.Generics.Collections}TList<SQLiteTable3.TPair<System.string,System.Integer>>.Remove
 0001:0001B0C0       SQLiteTable3.{System.Generics.Collections}TList<SQLiteTable3.TPair<System.string,System.Integer>>.Reverse
 0001:0001A164       SQLiteTable3.{System.Generics.Collections}TList<SQLiteTable3.TPair<System.string,System.Integer>>.SetCapacity
 0001:0001A1A8       SQLiteTable3.{System.Generics.Collections}TList<SQLiteTable3.TPair<System.string,System.Integer>>.SetCount
 0001:0001A270       SQLiteTable3.{System.Generics.Collections}TList<SQLiteTable3.TPair<System.string,System.Integer>>.SetItem
 0001:0001B188       SQLiteTable3.{System.Generics.Collections}TList<SQLiteTable3.TPair<System.string,System.Integer>>.Sort
 0001:0001B1C4       SQLiteTable3.{System.Generics.Collections}TList<SQLiteTable3.TPair<System.string,System.Integer>>.Sort
 0001:0001B3E4       SQLiteTable3.{System.Generics.Collections}TList<SQLiteTable3.TPair<System.string,System.Integer>>.TEnumerator.Create
 0001:0001B3AC       SQLiteTable3.{System.Generics.Collections}TList<SQLiteTable3.TPair<System.string,System.Integer>>.TEnumerator.DoGetCurrent
 0001:0001B3C8       SQLiteTable3.{System.Generics.Collections}TList<SQLiteTable3.TPair<System.string,System.Integer>>.TEnumerator.DoMoveNext
 0001:0001B388       SQLiteTable3.{System.Generics.Collections}TList<SQLiteTable3.TPair<System.string,System.Integer>>.TEnumerator.GetCurrent
 0001:0001B43C       SQLiteTable3.{System.Generics.Collections}TList<SQLiteTable3.TPair<System.string,System.Integer>>.TEnumerator.MoveNext
 0001:0001B2B8       SQLiteTable3.{System.Generics.Collections}TList<SQLiteTable3.TPair<System.string,System.Integer>>.ToArray
 0001:0001B2A0       SQLiteTable3.{System.Generics.Collections}TList<SQLiteTable3.TPair<System.string,System.Integer>>.TrimExcess
 0001:0001930C       SQLiteTable3.{System.Generics.Collections}TList<SQLiteTable3.TSQLiteField>.Add
 0001:00019360       SQLiteTable3.{System.Generics.Collections}TList<SQLiteTable3.TSQLiteField>.AddRange
 0001:000193AC       SQLiteTable3.{System.Generics.Collections}TList<SQLiteTable3.TSQLiteField>.AddRange
 0001:00019388       SQLiteTable3.{System.Generics.Collections}TList<SQLiteTable3.TSQLiteField>.AddRange
 0001:00019C64       SQLiteTable3.{System.Generics.Collections}TList<SQLiteTable3.TSQLiteField>.BinarySearch
 0001:00019C14       SQLiteTable3.{System.Generics.Collections}TList<SQLiteTable3.TSQLiteField>.BinarySearch
 0001:00019A34       SQLiteTable3.{System.Generics.Collections}TList<SQLiteTable3.TSQLiteField>.Clear
 0001:00019A54       SQLiteTable3.{System.Generics.Collections}TList<SQLiteTable3.TSQLiteField>.Contains
 0001:00019188       SQLiteTable3.{System.Generics.Collections}TList<SQLiteTable3.TSQLiteField>.Create
 0001:00019104       SQLiteTable3.{System.Generics.Collections}TList<SQLiteTable3.TSQLiteField>.Create
 0001:00019230       SQLiteTable3.{System.Generics.Collections}TList<SQLiteTable3.TSQLiteField>.Create
 0001:000196D8       SQLiteTable3.{System.Generics.Collections}TList<SQLiteTable3.TSQLiteField>.Delete
 0001:000196F8       SQLiteTable3.{System.Generics.Collections}TList<SQLiteTable3.TSQLiteField>.DeleteRange
 0001:000192D0       SQLiteTable3.{System.Generics.Collections}TList<SQLiteTable3.TSQLiteField>.Destroy
 0001:00018FF4       SQLiteTable3.{System.Generics.Collections}TList<SQLiteTable3.TSQLiteField>.DoDelete
 0001:000190B4       SQLiteTable3.{System.Generics.Collections}TList<SQLiteTable3.TSQLiteField>.DoGetEnumerator
 0001:000198BC       SQLiteTable3.{System.Generics.Collections}TList<SQLiteTable3.TSQLiteField>.Exchange
[...]

   533 0001:0001E560   534 0001:0001E59A   537 0001:0001E5B4   538 0001:0001E5BA
   539 0001:0001E5C0   542 0001:0001E5E1   541 0001:0001E5E4   544 0001:0001E5FE
   543 0001:0001E601   545 0001:0001E619   547 0001:0001E621   549 0001:0001E629
   550 0001:0001E640   551 0001:0001E65D   553 0001:0001E674   554 0001:0001E677
   556 0001:0001E67A   557 0001:0001E686   558 0001:0001E68E   559 0001:0001E6A8
   560 0001:0001E6AE   561 0001:0001E6BA

Line numbers for SQLiteTable3(System.Generics.Defaults.pas) segment .text

  1497 0001:0001E6EC  1498 0001:0001E707  1499 0001:0001E715

Line numbers for SQLiteTable3(System.Generics.Defaults.pas) segment .text

  1502 0001:0001E734  1503 0001:0001E744  1504 0001:0001E758

Line numbers for SQLiteTable3(System.Generics.Collections.pas) segment .text

   533 0001:0001E760   534 0001:0001E786   537 0001:0001E7A0   538 0001:0001E7A6
   539 0001:0001E7AC   542 0001:0001E7C7   541 0001:0001E7CA   544 0001:0001E7E4
   543 0001:0001E7E7   545 0001:0001E7FF   547 0001:0001E807   549 0001:0001E80F
   550 0001:0001E820   551 0001:0001E837   553 0001:0001E848   554 0001:0001E84B
   556 0001:0001E84E   557 0001:0001E85A   558 0001:0001E862   559 0001:0001E87C
   560 0001:0001E882   561 0001:0001E88E

Line numbers for SQLiteTable3(System.Generics.Defaults.pas) segment .text

  1497 0001:0001E8B8  1498 0001:0001E8D3  1499 0001:0001E8E1

Line numbers for SQLiteTable3(System.Generics.Defaults.pas) segment .text

  1502 0001:0001E900  1503 0001:0001E910  1504 0001:0001E924

Line numbers for SQLiteTable3(System.Generics.Collections.pas) segment .text

   533 0001:0001E92C   534 0001:0001E93C   537 0001:0001E956   538 0001:0001E95C
   539 0001:0001E962   542 0001:0001E978   541 0001:0001E97B   544 0001:0001E995
   543 0001:0001E998   545 0001:0001E9B0   547 0001:0001E9B8   549 0001:0001E9C0
   550 0001:0001E9CC   551 0001:0001E9DE   553 0001:0001E9EA   554 0001:0001E9ED
   556 0001:0001E9F0   557 0001:0001E9F8   558 0001:0001EA00   559 0001:0001EA1A
   560 0001:0001EA20   561 0001:0001EA2C

Line numbers for SQLite3Dataset(SQLite3Dataset.pas) segment .text

   121 0001:00024E64   122 0001:00024EA7   124 0001:00024EC1   125 0001:00024EDA
   128 0001:00024EDE   131 0001:00024EEA   135 0001:00024F08   138 0001:00024F2C
   139 0001:00024F3A   142 0001:00024F44   143 0001:00024F59   145 0001:00024F5F
   147 0001:00024F85   149 0001:00024F8B   154 0001:00024FC7   156 0001:00024FCD
   157 0001:00024FD3   161 0001:00024FE0   163 0001:00025008   122 0001:0002500B
   164 0001:00025014   167 0001:00025118   168 0001:00025127   169 0001:00025135
   171 0001:0002513B   172 0001:00025149   173 0001:00025156   174 0001:00025164
   176 0001:0002516F   200 0001:00025174   201 0001:000251A5   204 0001:000251A9
   207 0001:000251BD   208 0001:000251C6   212 0001:000251D7   213 0001:000251E0
   217 0001:000251F1   218 0001:000251FA   226 0001:00025209   228 0001:0002521D
   230 0001:0002522C   231 0001:00025232   233 0001:0002524D   234 0001:00025269
   226 0001:0002526C   236 0001:00025271   237 0001:0002527F   238 0001:0002528A
   240 0001:00025290   242 0001:0002529F   244 0001:000252B6   246 0001:000252C2
   248 0001:000252CD   250 0001:000252F4   259 0001:00025311   262 0001:0002531A
   265 0001:0002535C   266 0001:0002535F   267 0001:0002537C   268 0001:00025399
   269 0001:000253B6   271 0001:000253B8   272 0001:000253E6   273 0001:000253EB
   275 0001:000253F0   276 0001:000253FF   278 0001:0002540A   281 0001:0002543C
   283 0001:00025456   285 0001:00025464   286 0001:00025470   287 0001:00025478
   289 0001:00025486   291 0001:000254A6   292 0001:000254DC   293 0001:00025512
   297 0001:00025548   298 0001:00025557   299 0001:00025566   301 0001:00025575
   302 0001:0002557B   303 0001:00025589   304 0001:00025597   308 0001:0002559E
   310 0001:000255AC   314 0001:000255B6   315 0001:000255C4   317 0001:000255CA
   318 0001:000255D2   321 0001:000255D4   322 0001:000255E2   324 0001:000255E7
   326 0001:000255EA   312 0001:000255F2   329 0001:000255FE   331 0001:0002560C
   335 0001:00025616   336 0001:00025624   338 0001:0002562A   339 0001:00025632
   342 0001:00025634   343 0001:00025642   345 0001:00025647   347 0001:0002564A
   333 0001:00025652   350 0001:0002565E   353 0001:00025673   354 0001:00025681
   355 0001:0002568F   356 0001:0002569D   357 0001:000256A5   358 0001:000256AD
   360 0001:000256B5   362 0001:000256BB   363 0001:000256C9   365 0001:000256D9
   368 0001:000256E7   370 0001:000256F2   371 0001:00025700   372 0001:00025712
   375 0001:0002571F   379 0001:0002573C   380 0001:00025741   382 0001:00025754
   385 0001:000258B4   386 0001:000258BD   387 0001:000258CC   390 0001:000258D4
   391 0001:000258EF   392 0001:000258FC   393 0001:00025907   394 0001:00025912
   395 0001:0002591D   396 0001:00025928   397 0001:00025933   398 0001:0002593E
   399 0001:0002594B   400 0001:00025955   403 0001:00025974   404 0001:00025985
   405 0001:00025990   406 0001:0002599B   407 0001:000259A6   408 0001:000259B3
   409 0001:000259C1   415 0001:000259D4   416 0001:000259FC   417 0001:00025A01
   418 0001:00025A09   419 0001:00025A13   420 0001:00025A21   422 0001:00025A3D
   423 0001:00025A65   420 0001:00025A68   425 0001:00025A6D   427 0001:00025A78
   428 0001:00025A83   430 0001:00025A9B   431 0001:00025AB1   435 0001:00025ABC
   439 0001:00025AE1   443 0001:00025B01   428 0001:00025B04   445 0001:00025B09
   448 0001:00025B1E   449 0001:00025B26   451 0001:00025B38   456 0001:00025B5C
   457 0001:00025B84   460 0001:00025B9A   461 0001:00025BA2   464 0001:00025BB2
   466 0001:00025BBA   468 0001:00025BD2   469 0001:00025C00   466 0001:00025C03
   471 0001:00025C08   473 0001:00025C13   462 0001:00025C1B   476 0001:00025C27
   479 0001:00025C3C   481 0001:00025C4C   490 0001:00025C70   491 0001:00025C9E
   492 0001:00025CCE   493 0001:00025CDD   494 0001:00025CEB   496 0001:00025CF9
   498 0001:00025D0D   500 0001:00025D1C   501 0001:00025D22   503 0001:00025D3D
   504 0001:00025D59   496 0001:00025D5C   506 0001:00025D61   507 0001:00025D6C
   508 0001:00025D7A   510 0001:00025D86   511 0001:00025D8E   513 0001:00025DA6
   514 0001:00025DDC   511 0001:00025DDF   516 0001:00025DE4   521 0001:00025DF1
   524 0001:00025E06   528 0001:00025E23   529 0001:00025E2B   531 0001:00025E3B
   534 0001:00025E80   535 0001:00025E87   537 0001:00025E92   540 0001:00025E9F
   541 0001:00025EAC   543 0001:00025EB7   545 0001:00025EBF   546 0001:00025ECA
   553 0001:00025ED0   554 0001:00025EEF   556 0001:00025F1D   557 0001:00025F22
   558 0001:00025F27   560 0001:00025F2D   561 0001:00025F5A   565 0001:00025F6A
   570 0001:00025F72   572 0001:00025F7D   574 0001:00025F83   575 0001:00025F8E
   576 0001:00025F98   577 0001:00025FA6   579 0001:00025FBE   584 0001:00025FD1
   585 0001:00025FD7   587 0001:00025FDF   588 0001:00025FE5   590 0001:00025FED
   595 0001:00026010   596 0001:0002602B   597 0001:00026038   598 0001:0002604A
   599 0001:0002605C   600 0001:0002606E   601 0001:00026080   604 0001:000260A0
   605 0001:000260B1   606 0001:000260BC   607 0001:000260C7   608 0001:000260D2
   609 0001:000260DD   610 0001:000260EB   613 0001:00026100   614 0001:0002610F
   615 0001:00026115   616 0001:00026123   617 0001:00026129   618 0001:00026137
   619 0001:0002613D   620 0001:0002614B   621 0001:00026151   623 0001:0002615F

Line numbers for SQLite3Dataset(SQLite3Dataset.pas) segment .itext

   634 0002:0000017C

Line numbers for SQLite3Dataset(SQLite3Dataset.pas) segment .text

   628 0001:000261A4   629 0001:000261B3   630 0001:000261BE   631 0001:000261C7
   632 0001:000261D0

Line numbers for SQLite3Dataset(System.Generics.Collections.pas) segment .text

  2076 0001:000261DC  2078 0001:00026207  2079 0001:00026221  2080 0001:00026226
  2082 0001:0002624B  2083 0001:00026267  2080 0001:0002626A  2084 0001:00026283
  2085 0001:000262A0

Line numbers for SQLite3Dataset(System.Generics.Collections.pas) segment .text

  2054 0001:000262C8  2055 0001:000262D1  2056 0001:000262DB

Line numbers for SQLite3Dataset(System.Generics.Collections.pas) segment .text

  2062 0001:000262E4  2063 0001:0002630C  2064 0001:0002631B  2065 0001:00026329
  2066 0001:0002634E  2065 0001:00026359  2066 0001:00026372  2067 0001:0002638F
  2069 0001:000263A7  2071 0001:000263B7

Line numbers for SQLite3Dataset(System.Generics.Collections.pas) segment .text

  2047 0001:000263E0  2048 0001:000263E9  2049 0001:000263F4

Line numbers for SQLite3Dataset(System.Generics.Collections.pas) segment .text

   588 0001:000263FC   589 0001:00026405   590 0001:00026413

Line numbers for SQLite3Dataset(System.Generics.Collections.pas) segment .text

   593 0001:0002641C   594 0001:00026428   595 0001:00026433   596 0001:0002643E
   597 0001:0002645B

Line numbers for SQLite3Dataset(System.Generics.Collections.pas) segment .text

   600 0001:00026460   601 0001:0002646C   602 0001:00026472   603 0001:00026489
   604 0001:00026496   605 0001:000264A1   606 0001:000264AC   607 0001:000264C0
   608 0001:000264C9

Line numbers for SQLite3Dataset(System.Generics.Collections.pas) segment .text

   611 0001:000264D0   612 0001:000264DF   613 0001:000264F0   614 0001:00026507
   615 0001:00026524

Line numbers for SQLite3Dataset(System.Generics.Collections.pas) segment .text

   620 0001:00026528   621 0001:00026554   622 0001:00026565   624 0001:0002657C
   625 0001:00026599   627 0001:000265B6   628 0001:000265C3   629 0001:000265D0

Line numbers for SQLite3Dataset(System.Generics.Collections.pas) segment .text

   634 0001:000265F8   635 0001:00026604   636 0001:00026612   637 0001:00026618
   640 0001:00026620   641 0001:00026628   642 0001:0002662E   643 0001:00026633
   644 0001:0002663B   645 0001:00026646

Line numbers for SQLite3Dataset(System.Generics.Collections.pas) segment .text

   648 0001:0002664C   649 0001:00026658   650 0001:00026668   651 0001:00026675
   652 0001:0002667B   653 0001:00026680

Line numbers for SQLite3Dataset(System.Generics.Collections.pas) segment .text

   826 0001:00026684   827 0001:000266B1   828 0001:000266C2   829 0001:000266D9
   830 0001:000266F6   831 0001:00026717   832 0001:0002671D   834 0001:00026728
   835 0001:0002675B   837 0001:00026779   838 0001:00026787

Line numbers for SQLite3Dataset(System.Generics.Collections.pas) segment .text

   688 0001:000267B0   689 0001:000267B9   690 0001:000267C4

Line numbers for SQLite3Dataset(System.Generics.Collections.pas) segment .text

   656 0001:000267CC   657 0001:000267DC   658 0001:000267E6   659 0001:000267F9

Line numbers for SQLite3Dataset(System.Generics.Defaults.pas) segment .text

    38 0001:00027C46

Line numbers for SQLite3Dataset(System.Generics.Collections.pas) segment .text

   662 0001:00026800   663 0001:0002682B   664 0001:00026845

Line numbers for SQLite3Dataset(System.Generics.Collections.pas) segment .text

   667 0001:00026884   668 0001:000268B3   669 0001:000268BD   670 0001:000268CB
   671 0001:000268D4   672 0001:000268EF

Line numbers for SQLite3Dataset(System.Generics.Collections.pas) segment .text

   675 0001:0002692C   676 0001:0002695B   677 0001:00026965   678 0001:00026980
   679 0001:0002698D

Line numbers for SQLite3Dataset(System.Generics.Collections.pas) segment .text

   682 0001:000269CC   683 0001:000269DD   684 0001:000269E7   685 0001:000269F5

Line numbers for SQLite3Dataset(System.Generics.Collections.pas) segment .text

   693 0001:00026A08   694 0001:00026A15   695 0001:00026A24   696 0001:00026A2D
   697 0001:00026A4D   698 0001:00026A53   699 0001:00026A60

Line numbers for SQLite3Dataset(System.Generics.Collections.pas) segment .text

   702 0001:00026A68   703 0001:00026A77   704 0001:00026A8C

Line numbers for SQLite3Dataset(System.Generics.Collections.pas) segment .text

   707 0001:00026A90   708 0001:00026A9C   709 0001:00026AAD

Line numbers for SQLite3Dataset(System.Generics.Collections.pas) segment .text

   712 0001:00026AB4   713 0001:00026AC0   714 0001:00026AD1

Line numbers for SQLite3Dataset(System.Generics.Collections.pas) segment .text

   728 0001:00026AD8   729 0001:00026AE8   730 0001:00026AF9   732 0001:00026B10
   733 0001:00026B1F   735 0001:00026B2A   736 0001:00026B5D   738 0001:00026B78
   739 0001:00026B95   740 0001:00026B9B   741 0001:00026BA8

Line numbers for SQLite3Dataset(System.Generics.Collections.pas) segment .text

   746 0001:00026BB0   747 0001:00026BC0   748 0001:00026BD1   750 0001:00026BE8
   751 0001:00026BFA   753 0001:00026C05   754 0001:00026C3B   757 0001:00026C5B
   758 0001:00026C6F   757 0001:00026C9B   760 0001:00026CA0   762 0001:00026CAA
   763 0001:00026CBE   762 0001:00026CD7   764 0001:00026CDC

Line numbers for SQLite3Dataset(System.Generics.Collections.pas) segment .text

   769 0001:00026CE4   770 0001:00026D15   772 0001:00026D2D   773 0001:00026D3B
   770 0001:00026D3E   774 0001:00026D4A   775 0001:00026D52

Line numbers for SQLite3Dataset(System.Generics.Collections.pas) segment .text

   780 0001:00026D84   781 0001:00026DAF   783 0001:00026DD4   784 0001:00026DE2
   781 0001:00026DE5   785 0001:00026DFE   786 0001:00026E1B

Line numbers for SQLite3Dataset(System.Generics.Collections.pas) segment .text

   817 0001:00026E44   818 0001:00026E50   819 0001:00026E5E   820 0001:00026E64
   821 0001:00026E6F

Line numbers for SQLite3Dataset(System.Generics.Collections.pas) segment .text

   841 0001:00026E78   842 0001:00026E84   843 0001:00026E91

Line numbers for SQLite3Dataset(System.Generics.Collections.pas) segment .text

   849 0001:00026E98   850 0001:00026EBB   852 0001:00026EDF   853 0001:00026EF6
   856 0001:00026F00   857 0001:00026F1A   859 0001:00026F3A   860 0001:00026F4B
   862 0001:00026F51   863 0001:00026F80   867 0001:00026FA7   869 0001:00026FC6
   871 0001:00026FCF   872 0001:00026FE7   871 0001:00027000   873 0001:00027005

Line numbers for SQLite3Dataset(System.Generics.Collections.pas) segment .text

   800 0001:00027030   801 0001:00027040   802 0001:0002704E   803 0001:00027054
   806 0001:0002706B   807 0001:00027088   809 0001:00027095

Line numbers for SQLite3Dataset(System.Generics.Collections.pas) segment .text

   791 0001:0002709C   792 0001:000270C7   793 0001:000270E4   794 0001:0002710D
   795 0001:0002712A

Line numbers for SQLite3Dataset(System.Generics.Collections.pas) segment .text

   914 0001:00027154   915 0001:00027180   917 0001:0002718C   918 0001:0002719D
   920 0001:000271B4   921 0001:000271D1   922 0001:000271F2   923 0001:000271FA
   925 0001:0002722C   927 0001:0002725C   928 0001:00027277   929 0001:00027294

Line numbers for SQLite3Dataset(System.Generics.Collections.pas) segment .text

   812 0001:000272BC   813 0001:000272C8   814 0001:000272D5

Line numbers for SQLite3Dataset(System.Generics.Collections.pas) segment .text

   897 0001:000272DC   898 0001:000272E8   899 0001:000272FA

Line numbers for SQLite3Dataset(System.Generics.Collections.pas) segment .text

   876 0001:00027300   877 0001:00027307   878 0001:00027311   879 0001:0002731B

Line numbers for SQLite3Dataset(System.Generics.Collections.pas) segment .text

   882 0001:00027320   883 0001:0002732C   884 0001:0002733D

Line numbers for SQLite3Dataset(System.Generics.Collections.pas) segment .text

   889 0001:00027344   890 0001:00027351   891 0001:00027367   892 0001:00027388
   890 0001:00027393   893 0001:00027398   894 0001:0002739F

Line numbers for SQLite3Dataset(System.Generics.Collections.pas) segment .text

   904 0001:000273A8   905 0001:000273B5   906 0001:000273C4   907 0001:000273E5
   905 0001:000273F0   908 0001:000273F6   909 0001:000273FD

Line numbers for SQLite3Dataset(System.Generics.Collections.pas) segment .text

   935 0001:00027408   936 0001:0002742D   937 0001:00027432   938 0001:0002743C
   940 0001:00027444   941 0001:00027461   942 0001:0002748A   943 0001:000274A7
   944 0001:000274AA   938 0001:000274AD   946 0001:000274B5

Line numbers for SQLite3Dataset(System.Generics.Collections.pas) segment .text

   949 0001:000274DC   950 0001:000274E5   951 0001:00027512

Line numbers for SQLite3Dataset(System.Generics.Collections.pas) segment .text

   954 0001:00027518   955 0001:00027524   956 0001:0002754E

Line numbers for SQLite3Dataset(System.Generics.Collections.pas) segment .text

   717 0001:00027554   718 0001:00027563   719 0001:0002759B

Line numbers for SQLite3Dataset(System.Generics.Collections.pas) segment .text

   723 0001:000275A4   724 0001:000275B3   725 0001:000275E8

Line numbers for SQLite3Dataset(System.Generics.Collections.pas) segment .text

   968 0001:000275F4   969 0001:000275FB   970 0001:00027609

Line numbers for SQLite3Dataset(System.Generics.Collections.pas) segment .text

   961 0001:0002760C   962 0001:00027631   963 0001:0002764E   964 0001:00027664
   963 0001:00027691   965 0001:00027696

Line numbers for SQLite3Dataset(System.Generics.Collections.pas) segment .text

   973 0001:000276C0   974 0001:000276C9   975 0001:000276DB

Line numbers for SQLite3Dataset(System.Generics.Collections.pas) segment .text

   997 0001:000276E4   998 0001:000276F0   999 0001:00027704

Line numbers for SQLite3Dataset(System.Generics.Collections.pas) segment .text

   987 0001:00027708   988 0001:00027714   989 0001:0002771F

Line numbers for SQLite3Dataset(System.Generics.Collections.pas) segment .text

   992 0001:00027724   993 0001:0002772D   994 0001:00027738

Line numbers for SQLite3Dataset(System.Generics.Collections.pas) segment .text

   980 0001:00027740   981 0001:0002775B   982 0001:00027765   983 0001:0002776E
   984 0001:00027778

Line numbers for SQLite3Dataset(System.Generics.Collections.pas) segment .text

  1002 0001:00027798  1003 0001:000277A1  1004 0001:000277B2  1005 0001:000277B8
  1006 0001:000277BE  1007 0001:000277D1

Line numbers for SQLite3Dataset(System.Generics.Defaults.pas) segment .text

  1641 0001:000277D8  1642 0001:000277E4  1643 0001:00027800

Line numbers for SQLite3Dataset(System.Generics.Defaults.pas) segment .text

  1646 0001:00027804  1647 0001:00027813  1648 0001:00027833

Line numbers for SQLite3Dataset(System.Generics.Collections.pas) segment .text

   575 0001:00027838   576 0001:00027847   579 0001:00027879   580 0001:00027890
   582 0001:00027896   583 0001:000278B4

Line numbers for SQLite3Dataset(System.Generics.Collections.pas) segment .text

   484 0001:000278BC   485 0001:000278CC   488 0001:000278FE   489 0001:00027915
   491 0001:0002791B   492 0001:00027923   495 0001:00027929   496 0001:0002792D
   497 0001:00027933   498 0001:0002793D   500 0001:00027945   501 0001:00027953
   502 0001:0002796D   503 0001:00027973   506 0001:0002797C   507 0001:00027983
   508 0001:00027989   498 0001:0002798D   511 0001:00027995   512 0001:0002799D

Line numbers for SQLite3Dataset(System.Generics.Defaults.pas) segment .text

  1497 0001:000279A8  1498 0001:000279C3  1499 0001:000279D1

Line numbers for SQLite3Dataset(System.Generics.Defaults.pas) segment .text

  1502 0001:000279F0  1503 0001:00027A00  1504 0001:00027A14

Line numbers for SQLite3Dataset(System.Generics.Collections.pas) segment .text

   533 0001:00027A1C   534 0001:00027A56   537 0001:00027A70   538 0001:00027A76
   539 0001:00027A7C   542 0001:00027AA0   541 0001:00027AA3   544 0001:00027AC0
   543 0001:00027AC3   545 0001:00027ADE   547 0001:00027AE6   549 0001:00027AEE
   550 0001:00027B08   551 0001:00027B2B   553 0001:00027B45   554 0001:00027B48
   556 0001:00027B4B   557 0001:00027B57   558 0001:00027B5F   559 0001:00027B79
   560 0001:00027B7F   561 0001:00027B8B

Line numbers for SQLite3Register(SQLite3Register.pas) segment .text

    13 0001:00028134    14 0001:0002813A    16 0001:00028164

Line numbers for SQLite3Register(SQLite3Register.pas) segment .itext

    18 0002:00000184

Line numbers for .pck_SQLite3(pck_SQLite3.dpk) segment .itext

    38 0002:0000018C

Bound resource files

pck_SQLite3.res
pck_SQLite3.drf


Program entry point at 0002:0000018C
