
 Start         Length     Name                   Class
 0001:00401000 00028600H .text                   CODE
 0002:0042A000 00000194H .itext                  ICODE
 0003:0042B000 000001D8H .data                   DATA
 0004:0042C000 000001A8H .bss                    BSS
 0005:00000000 00000000H .tls                    TLS
 0006:00400000 00000000H .pdata                  PDATA


Detailed map of segments

 0001:00000000 00000288 C=CODE     S=.text    G=(none)   M=System   ACBP=A9
 0001:00000288 000007CC C=CODE     S=.text    G=(none)   M=SysInit  ACBP=A9
 0001:00000A54 000000F8 C=CODE     S=.text    G=(none)   M=Winapi.Windows ACBP=A9
 0001:00000B4C 00000008 C=CODE     S=.text    G=(none)   M=System.Internal.ExcUtils ACBP=A9
 0001:00000B54 000000F8 C=CODE     S=.text    G=(none)   M=System.SysUtils ACBP=A9
 0001:00000C4C 00000008 C=CODE     S=.text    G=(none)   M=System.VarUtils ACBP=A9
 0001:00000C54 00000138 C=CODE     S=.text    G=(none)   M=System.Variants ACBP=A9
 0001:00000D8C 00000008 C=CODE     S=.text    G=(none)   M=System.TypInfo ACBP=A9
 0001:00000D94 00000128 C=CODE     S=.text    G=(none)   M=System.Classes ACBP=A9
 0001:00000EBC 00002BC8 C=CODE     S=.text    G=(none)   M=SQLite3  ACBP=A9
 0001:00003A84 00000008 C=CODE     S=.text    G=(none)   M=System.Math ACBP=A9
 0001:00003A8C 00000008 C=CODE     S=.text    G=(none)   M=System.TimeSpan ACBP=A9
 0001:00003A94 00000008 C=CODE     S=.text    G=(none)   M=System.SyncObjs ACBP=A9
 0001:00003A9C 00000008 C=CODE     S=.text    G=(none)   M=System.StrUtils ACBP=A9
 0001:00003AA4 00000008 C=CODE     S=.text    G=(none)   M=System.Generics.Defaults ACBP=A9
 0001:00003AAC 00000008 C=CODE     S=.text    G=(none)   M=System.Generics.Collections ACBP=A9
 0001:00003AB4 00000008 C=CODE     S=.text    G=(none)   M=System.DateUtils ACBP=A9
 0001:00003ABC 00000008 C=CODE     S=.text    G=(none)   M=Data.SqlTimSt ACBP=A9
 0001:00003AC4 00000008 C=CODE     S=.text    G=(none)   M=Data.FmtBcd ACBP=A9
 0001:00003ACC 00000388 C=CODE     S=.text    G=(none)   M=Data.DB  ACBP=A9
 0001:00003E54 00000008 C=CODE     S=.text    G=(none)   M=System.Rtti ACBP=A9
 0001:00003E5C 0001EF58 C=CODE     S=.text    G=(none)   M=SQLiteTable3 ACBP=A9
 0001:00022DB4 00000010 C=CODE     S=.text    G=(none)   M=System.Win.ComObj ACBP=A9
 0001:00022DC4 00000008 C=CODE     S=.text    G=(none)   M=Datasnap.DSIntf ACBP=A9
 0001:00022DCC 00000008 C=CODE     S=.text    G=(none)   M=Datasnap.Provider ACBP=A9
 0001:00022DD4 000003A0 C=CODE     S=.text    G=(none)   M=Datasnap.DBClient ACBP=A9
 0001:00023174 00004FCC C=CODE     S=.text    G=(none)   M=SQLite3Dataset ACBP=A9
 0001:00028140 00000058 C=CODE     S=.text    G=(none)   M=SQLite3Register ACBP=A9
 0001:00028198 00000468 C=CODE     S=.text    G=(none)   M=.pck_SQLite3 ACBP=A9
 0002:00000000 00000008 C=ICODE    S=.itext   G=(none)   M=System   ACBP=A9
 0002:00000008 00000008 C=ICODE    S=.itext   G=(none)   M=SysInit  ACBP=A9
 0002:00000010 00000018 C=ICODE    S=.itext   G=(none)   M=Winapi.Windows ACBP=A9
 0002:00000028 00000008 C=ICODE    S=.itext   G=(none)   M=System.Internal.ExcUtils ACBP=A9
 0002:00000030 00000028 C=ICODE    S=.itext   G=(none)   M=System.SysUtils ACBP=A9
 0002:00000058 00000008 C=ICODE    S=.itext   G=(none)   M=System.VarUtils ACBP=A9
 0002:00000060 00000008 C=ICODE    S=.itext   G=(none)   M=System.Variants ACBP=A9
 0002:00000068 00000008 C=ICODE    S=.itext   G=(none)   M=System.TypInfo ACBP=A9
 0002:00000070 00000028 C=ICODE    S=.itext   G=(none)   M=System.Classes ACBP=A9
 0002:00000098 0000003C C=ICODE    S=.itext   G=(none)   M=SQLite3  ACBP=A9
 0002:000000D4 00000008 C=ICODE    S=.itext   G=(none)   M=System.Math ACBP=A9
 0002:000000DC 00000008 C=ICODE    S=.itext   G=(none)   M=System.TimeSpan ACBP=A9
 0002:000000E4 00000008 C=ICODE    S=.itext   G=(none)   M=System.SyncObjs ACBP=A9
 0002:000000EC 00000008 C=ICODE    S=.itext   G=(none)   M=System.DateUtils ACBP=A9
 0002:000000F4 00000008 C=ICODE    S=.itext   G=(none)   M=Data.SqlTimSt ACBP=A9
 0002:000000FC 00000008 C=ICODE    S=.itext   G=(none)   M=Data.FmtBcd ACBP=A9
 0002:00000104 00000008 C=ICODE    S=.itext   G=(none)   M=Data.DB  ACBP=A9
 0002:0000010C 00000008 C=ICODE    S=.itext   G=(none)   M=System.Rtti ACBP=A9
 0002:00000114 00000040 C=ICODE    S=.itext   G=(none)   M=SQLiteTable3 ACBP=A9
 0002:00000154 00000010 C=ICODE    S=.itext   G=(none)   M=System.Win.ComObj ACBP=A9
 0002:00000164 00000008 C=ICODE    S=.itext   G=(none)   M=Datasnap.DSIntf ACBP=A9
 0002:0000016C 00000008 C=ICODE    S=.itext   G=(none)   M=Datasnap.Provider ACBP=A9
 0002:00000174 00000008 C=ICODE    S=.itext   G=(none)   M=Datasnap.DBClient ACBP=A9
 0002:0000017C 00000008 C=ICODE    S=.itext   G=(none)   M=SQLite3Dataset ACBP=A9
 0002:00000184 00000008 C=ICODE    S=.itext   G=(none)   M=SQLite3Register ACBP=A9
 0002:0000018C 00000008 C=ICODE    S=.itext   G=(none)   M=.pck_SQLite3 ACBP=A9
 0003:00000000 00000088 C=DATA     S=.data    G=DGROUP   M=SysInit  ACBP=A9
 0003:00000088 0000000C C=DATA     S=.data    G=DGROUP   M=Winapi.Windows ACBP=A9
 0003:00000094 00000004 C=DATA     S=.data    G=DGROUP   M=SQLite3  ACBP=A9
 0003:00000098 0000004C C=DATA     S=.data    G=DGROUP   M=SQLiteTable3 ACBP=A9
 0004:00000000 0000001C C=BSS      S=.bss     G=DGROUP   M=SysInit  ACBP=A9
 0004:0000001C 00000008 C=BSS      S=.bss     G=DGROUP   M=Winapi.Windows ACBP=A9
 0004:00000024 00000174 C=BSS      S=.bss     G=DGROUP   M=SQLite3  ACBP=A9
 0004:00000198 00000008 C=BSS      S=.bss     G=DGROUP   M=SQLiteTable3 ACBP=A9
 0004:000001A0 00000004 C=BSS      S=.bss     G=DGROUP   M=SQLite3Dataset ACBP=A9
 0004:000001A4 00000004 C=BSS      S=.bss     G=DGROUP   M=SQLite3Register ACBP=A9


  Address             Publics by Name

 0002:0000018C       .pck_SQLite3..pck_SQLite3
 0001:000285E0       .pck_SQLite3.@GetPackageInfoTable
 0001:000285E8       .pck_SQLite3.@PackageLoad
 0001:000285F4       .pck_SQLite3.@PackageUnload
 0002:00000104       Data.DB.Data.DB
 0001:00003E4C       Data.DB.Finalization
 0001:00003C4C       Data.DB.TDataSet.ActivateBuffers
 0001:00003CAC       Data.DB.TDataSet.Append
 0001:00003B74       Data.DB.TDataSet.BindFields
 0001:00003C94       Data.DB.TDataSet.BlockReadNext
 0001:00003C74       Data.DB.TDataSet.CalculateFields
 0001:00003B0C       Data.DB.TDataSet.CheckActive
 0001:00003B6C       Data.DB.TDataSet.CheckFieldCompatibility
 0001:00003B04       Data.DB.TDataSet.CheckInactive
 0001:00003C44       Data.DB.TDataSet.ClearBuffers
 0001:00003BC4       Data.DB.TDataSet.CloseBlob
 0001:00003B5C       Data.DB.TDataSet.CreateFields
 0001:00003AFC       Data.DB.TDataSet.CreateNestedDataSet
 0001:00003CB4       Data.DB.TDataSet.Delete
 0001:00003B64       Data.DB.TDataSet.DestroyFields
 0001:00003C0C       Data.DB.TDataSet.DisableControls
 0001:00003CFC       Data.DB.TDataSet.DoAfterCancel
 0001:00003D04       Data.DB.TDataSet.DoAfterClose
 0001:00003D0C       Data.DB.TDataSet.DoAfterDelete
 0001:00003D14       Data.DB.TDataSet.DoAfterEdit
 0001:00003D1C       Data.DB.TDataSet.DoAfterInsert
 0001:00003D24       Data.DB.TDataSet.DoAfterOpen
 0001:00003D2C       Data.DB.TDataSet.DoAfterPost
 0001:00003D34       Data.DB.TDataSet.DoAfterRefresh
 0001:00003D3C       Data.DB.TDataSet.DoAfterScroll
 0001:00003D44       Data.DB.TDataSet.DoBeforeCancel
 0001:00003D4C       Data.DB.TDataSet.DoBeforeClose
 0001:00003D54       Data.DB.TDataSet.DoBeforeDelete
 0001:00003D5C       Data.DB.TDataSet.DoBeforeEdit
 0001:00003D64       Data.DB.TDataSet.DoBeforeOpen
 0001:00003D6C       Data.DB.TDataSet.DoBeforePost
 0001:00003D74       Data.DB.TDataSet.DoBeforeRefresh
 0001:00003D7C       Data.DB.TDataSet.DoBeforeScroll
 0001:00003D84       Data.DB.TDataSet.DoOnCalcFields
 0001:00003CA4       Data.DB.TDataSet.Edit
 0001:00003C14       Data.DB.TDataSet.EnableControls
 0001:00003B9C       Data.DB.TDataSet.FieldByName
 0001:00003BA4       Data.DB.TDataSet.FindField
 0001:00003C7C       Data.DB.TDataSet.First
 0001:00003CCC       Data.DB.TDataSet.FreeBookmark
 0001:00003B7C       Data.DB.TDataSet.FreeFieldBuffers
 0001:00003B14       Data.DB.TDataSet.GetActive
 0001:00003BDC       Data.DB.TDataSet.GetAggFieldsClass
 0001:00003CEC       Data.DB.TDataSet.GetAggRecordCount
 0001:00003B84       Data.DB.TDataSet.GetBlobFieldData
 0001:00003CC4       Data.DB.TDataSet.GetBookmark
 0001:00003CD4       Data.DB.TDataSet.GetBookmarkStr
 0001:00003C6C       Data.DB.TDataSet.GetCalcFields
 0001:00003C04       Data.DB.TDataSet.GetCheckConstraintsClass
 0001:00003B24       Data.DB.TDataSet.GetDetailDataSets
 0001:00003B2C       Data.DB.TDataSet.GetDetailLinkFields
 0001:00003B44       Data.DB.TDataSet.GetFieldClass
 0001:00003B4C       Data.DB.TDataSet.GetFieldClass
 0001:00003B8C       Data.DB.TDataSet.GetFieldData
 0001:00003BFC       Data.DB.TDataSet.GetFieldDefListClass
 0001:00003BEC       Data.DB.TDataSet.GetFieldDefsClass
 0001:00003B54       Data.DB.TDataSet.GetFieldFullName
 0001:00003BE4       Data.DB.TDataSet.GetFieldListClass
 0001:00003BB4       Data.DB.TDataSet.GetFieldNames
 0001:00003BAC       Data.DB.TDataSet.GetFieldNames
 0001:00003BD4       Data.DB.TDataSet.GetFieldsClass
 0001:00003BF4       Data.DB.TDataSet.GetIndexDefsClass
 0001:00003B34       Data.DB.TDataSet.GetLookupListClass
 0001:00003C2C       Data.DB.TDataSet.GetNextRecord
 0001:00003C5C       Data.DB.TDataSet.GetNextRecords
 0001:00003BCC       Data.DB.TDataSet.GetParamsClass
 0001:00003C34       Data.DB.TDataSet.GetPriorRecord
 0001:00003C64       Data.DB.TDataSet.GetPriorRecords
 0001:00003CE4       Data.DB.TDataSet.GotoBookmark
 0001:00003B3C       Data.DB.TDataSet.InitFieldDefs
 0001:00003CF4       Data.DB.TDataSet.IsSequenced
 0001:00003C84       Data.DB.TDataSet.MoveBy
 0001:00003C8C       Data.DB.TDataSet.Next
 0001:00003D8C       Data.DB.TDataSet.PSEndTransaction
 0001:00003D94       Data.DB.TDataSet.PSExecute
 0001:00003D9C       Data.DB.TDataSet.PSExecuteStatement
 0001:00003DA4       Data.DB.TDataSet.PSExecuteStatement
 0001:00003DAC       Data.DB.TDataSet.PSGetAttributes
 0001:00003DB4       Data.DB.TDataSet.PSGetCommandTextW
 0001:00003DBC       Data.DB.TDataSet.PSGetDefaultOrder
 0001:00003DC4       Data.DB.TDataSet.PSGetKeyFields
 0001:00003DCC       Data.DB.TDataSet.PSGetKeyFieldsW
 0001:00003DD4       Data.DB.TDataSet.PSGetParams
 0001:00003DDC       Data.DB.TDataSet.PSGetQuoteChar
 0001:00003DE4       Data.DB.TDataSet.PSGetQuoteCharW
 0001:00003DEC       Data.DB.TDataSet.PSGetTableName
 0001:00003DF4       Data.DB.TDataSet.PSGetTableNameW
 0001:00003DFC       Data.DB.TDataSet.PSGetUpdateException
 0001:00003E04       Data.DB.TDataSet.PSInTransaction
 0001:00003E0C       Data.DB.TDataSet.PSIsSQLBased
 0001:00003E14       Data.DB.TDataSet.PSIsSQLSupported
 0001:00003E1C       Data.DB.TDataSet.PSReset
 0001:00003E24       Data.DB.TDataSet.PSSetCommandText
 0001:00003E2C       Data.DB.TDataSet.PSSetCommandText
 0001:00003E34       Data.DB.TDataSet.PSSetParams
 0001:00003E3C       Data.DB.TDataSet.PSStartTransaction
 0001:00003E44       Data.DB.TDataSet.PSUpdateRecord
 0001:00003C3C       Data.DB.TDataSet.Resync
 0001:00003B1C       Data.DB.TDataSet.SetActive
 0001:00003C9C       Data.DB.TDataSet.SetBlockReadSize
 0001:00003CDC       Data.DB.TDataSet.SetBookmarkStr
 0001:00003C1C       Data.DB.TDataSet.SetBufListSize
 0001:00003C24       Data.DB.TDataSet.SetCurrentRecord
 0001:00003B94       Data.DB.TDataSet.SetFieldData
 0001:00003AF4       Data.DB.TDataSet.SetName
 0001:00003BBC       Data.DB.TDataSet.SetStateFieldValue
 0001:00003CBC       Data.DB.TDataSet.Translate
 0001:00003C54       Data.DB.TDataSet.UpdateCursorPos
 0001:00003ADC       Data.DB.TField.GetOldValue
 0001:00003ACC       Data.DB.TFieldDefs.Add
 0001:00003AD4       Data.DB.TFields.GetField
 0001:00003AEC       Data.DB.TParam.GetAsVariant
 0001:00003AE4       Data.DB.TParams.GetItem
 0002:000000FC       Data.FmtBcd.Data.FmtBcd
 0001:00003AC4       Data.FmtBcd.Finalization
 0002:000000F4       Data.SqlTimSt.Data.SqlTimSt
 0001:00003ABC       Data.SqlTimSt.Finalization
 0002:00000174       Datasnap.DBClient.Datasnap.DBClient
 0001:0002316C       Datasnap.DBClient.Finalization
 0001:00022E5C       Datasnap.DBClient.TCustomClientDataSet.AddDataPacket
 0001:00022EFC       Datasnap.DBClient.TCustomClientDataSet.AllocRecordBuffer
 0001:00022EBC       Datasnap.DBClient.TCustomClientDataSet.ApplyUpdates
 0001:00023034       Datasnap.DBClient.TCustomClientDataSet.BookmarkValid
 0001:00022FEC       Datasnap.DBClient.TCustomClientDataSet.Cancel
 0001:0002303C       Datasnap.DBClient.TCustomClientDataSet.CancelUpdates
 0001:0002305C       Datasnap.DBClient.TCustomClientDataSet.CheckDetailRecords
 0001:00022E54       Datasnap.DBClient.TCustomClientDataSet.CheckProviderEOF
 0001:00022F14       Datasnap.DBClient.TCustomClientDataSet.ClearCalcFields
 0001:00022ECC       Datasnap.DBClient.TCustomClientDataSet.CloneCursor
 0001:00022E0C       Datasnap.DBClient.TCustomClientDataSet.CloseCursor
 0001:0002302C       Datasnap.DBClient.TCustomClientDataSet.CompareBookmarks
 0001:00022DD4       Datasnap.DBClient.TCustomClientDataSet.Create
 0001:00022F8C       Datasnap.DBClient.TCustomClientDataSet.CreateBlobStream
 0001:00022ED4       Datasnap.DBClient.TCustomClientDataSet.CreateDataSet
 0001:00022F9C       Datasnap.DBClient.TCustomClientDataSet.DataConvert
 0001:00022E9C       Datasnap.DBClient.TCustomClientDataSet.DataEvent
 0001:00022EB4       Datasnap.DBClient.TCustomClientDataSet.DataRequest
 0001:00022E14       Datasnap.DBClient.TCustomClientDataSet.DefChanged
 0001:00023084       Datasnap.DBClient.TCustomClientDataSet.DefineProperties
 0001:00022DDC       Datasnap.DBClient.TCustomClientDataSet.Destroy
 0001:000230BC       Datasnap.DBClient.TCustomClientDataSet.DestroyLookupCursor
 0001:000230EC       Datasnap.DBClient.TCustomClientDataSet.DoAfterApplyUpdates
 0001:00023134       Datasnap.DBClient.TCustomClientDataSet.DoAfterExecute
 0001:00022DFC       Datasnap.DBClient.TCustomClientDataSet.DoAfterGetParams
 0001:0002310C       Datasnap.DBClient.TCustomClientDataSet.DoAfterGetRecords
 0001:0002311C       Datasnap.DBClient.TCustomClientDataSet.DoAfterRowRequest
 0001:000230FC       Datasnap.DBClient.TCustomClientDataSet.DoApplyUpdates
 0001:000230F4       Datasnap.DBClient.TCustomClientDataSet.DoBeforeApplyUpdates
 0001:0002313C       Datasnap.DBClient.TCustomClientDataSet.DoBeforeExecute
 0001:00022E04       Datasnap.DBClient.TCustomClientDataSet.DoBeforeGetParams
 0001:00023104       Datasnap.DBClient.TCustomClientDataSet.DoBeforeGetRecords
 0001:00022FD4       Datasnap.DBClient.TCustomClientDataSet.DoBeforeInsert
 0001:00023124       Datasnap.DBClient.TCustomClientDataSet.DoBeforeRowRequest
 0001:00023144       Datasnap.DBClient.TCustomClientDataSet.DoExecute
 0001:00023114       Datasnap.DBClient.TCustomClientDataSet.DoGetRecords
 0001:0002307C       Datasnap.DBClient.TCustomClientDataSet.DoOnNewRecord
 0001:0002312C       Datasnap.DBClient.TCustomClientDataSet.DoRowRequest
 0001:00022EDC       Datasnap.DBClient.TCustomClientDataSet.EmptyDataSet
 0001:00022EA4       Datasnap.DBClient.TCustomClientDataSet.Execute
 0001:00022EAC       Datasnap.DBClient.TCustomClientDataSet.ExecuteCommand
 0001:00022E4C       Datasnap.DBClient.TCustomClientDataSet.FetchMoreData
 0001:00023054       Datasnap.DBClient.TCustomClientDataSet.FindKey
 0001:000230B4       Datasnap.DBClient.TCustomClientDataSet.FindRecord
 0001:00022F04       Datasnap.DBClient.TCustomClientDataSet.FreeRecordBuffer
 0001:000230DC       Datasnap.DBClient.TCustomClientDataSet.GetAggregateValue
 0001:00022E6C       Datasnap.DBClient.TCustomClientDataSet.GetAppServer
 0001:0002301C       Datasnap.DBClient.TCustomClientDataSet.GetBookmarkData
 0001:0002300C       Datasnap.DBClient.TCustomClientDataSet.GetBookmarkFlag
 0001:00022EF4       Datasnap.DBClient.TCustomClientDataSet.GetCanModify
 0001:00022F54       Datasnap.DBClient.TCustomClientDataSet.GetChangeCount
 0001:00022F5C       Datasnap.DBClient.TCustomClientDataSet.GetCommandStates
 0001:00022F2C       Datasnap.DBClient.TCustomClientDataSet.GetCurrentRecord
 0001:00023074       Datasnap.DBClient.TCustomClientDataSet.GetDataSource
 0001:00022F6C       Datasnap.DBClient.TCustomClientDataSet.GetFieldData
 0001:00022F74       Datasnap.DBClient.TCustomClientDataSet.GetFieldData
 0001:00023164       Datasnap.DBClient.TCustomClientDataSet.GetIsClone
 0001:0002304C       Datasnap.DBClient.TCustomClientDataSet.GetIsIndexField
 0001:00022EEC       Datasnap.DBClient.TCustomClientDataSet.GetLogChanges
 0001:00022E64       Datasnap.DBClient.TCustomClientDataSet.GetNextPacket
 0001:00022F3C       Datasnap.DBClient.TCustomClientDataSet.GetRecNo
 0001:00022F24       Datasnap.DBClient.TCustomClientDataSet.GetRecord
 0001:00022F34       Datasnap.DBClient.TCustomClientDataSet.GetRecordCount
 0001:00022F4C       Datasnap.DBClient.TCustomClientDataSet.GetRecordSize
 0001:00022E84       Datasnap.DBClient.TCustomClientDataSet.GetRemoteServer
 0001:00022F7C       Datasnap.DBClient.TCustomClientDataSet.GetStateFieldValue
 0001:00022F1C       Datasnap.DBClient.TCustomClientDataSet.InitRecord
 0001:00022FF4       Datasnap.DBClient.TCustomClientDataSet.InternalAddRecord
 0001:00022FBC       Datasnap.DBClient.TCustomClientDataSet.InternalCancel
 0001:00022E2C       Datasnap.DBClient.TCustomClientDataSet.InternalClose
 0001:00022FC4       Datasnap.DBClient.TCustomClientDataSet.InternalDelete
 0001:00022FCC       Datasnap.DBClient.TCustomClientDataSet.InternalEdit
 0001:00022FA4       Datasnap.DBClient.TCustomClientDataSet.InternalFirst
 0001:00022FFC       Datasnap.DBClient.TCustomClientDataSet.InternalGotoBookmark
 0001:00022E44       Datasnap.DBClient.TCustomClientDataSet.InternalHandleException
 0001:00022E1C       Datasnap.DBClient.TCustomClientDataSet.InternalInitFieldDefs
 0001:00022F0C       Datasnap.DBClient.TCustomClientDataSet.InternalInitRecord
 0001:00022FDC       Datasnap.DBClient.TCustomClientDataSet.InternalInsert
 0001:00022FAC       Datasnap.DBClient.TCustomClientDataSet.InternalLast
 0001:00022E24       Datasnap.DBClient.TCustomClientDataSet.InternalOpen
 0001:00022FB4       Datasnap.DBClient.TCustomClientDataSet.InternalPost
 0001:00022E34       Datasnap.DBClient.TCustomClientDataSet.InternalRefresh
 0001:00023004       Datasnap.DBClient.TCustomClientDataSet.InternalSetToRecord
 0001:00022E3C       Datasnap.DBClient.TCustomClientDataSet.IsCursorOpen
 0001:0002306C       Datasnap.DBClient.TCustomClientDataSet.Loaded
 0001:000230CC       Datasnap.DBClient.TCustomClientDataSet.Locate
 0001:000230C4       Datasnap.DBClient.TCustomClientDataSet.Lookup
 0001:00022EC4       Datasnap.DBClient.TCustomClientDataSet.MergeChangeLog
 0001:00022E94       Datasnap.DBClient.TCustomClientDataSet.Notification
 0001:00022DF4       Datasnap.DBClient.TCustomClientDataSet.OpenCursor
 0001:00022FE4       Datasnap.DBClient.TCustomClientDataSet.Post
 0001:00023154       Datasnap.DBClient.TCustomClientDataSet.PSGetCommandText
 0001:0002315C       Datasnap.DBClient.TCustomClientDataSet.PSGetCommandType
 0001:0002314C       Datasnap.DBClient.TCustomClientDataSet.PSGetIndexDefs
 0001:00022F94       Datasnap.DBClient.TCustomClientDataSet.RefreshInternalCalcFields
 0001:000230E4       Datasnap.DBClient.TCustomClientDataSet.ResetAggField
 0001:000230D4       Datasnap.DBClient.TCustomClientDataSet.SetAggregates
 0001:00022E74       Datasnap.DBClient.TCustomClientDataSet.SetAppServer
 0001:00023024       Datasnap.DBClient.TCustomClientDataSet.SetBookmarkData
 0001:00023014       Datasnap.DBClient.TCustomClientDataSet.SetBookmarkFlag
 0001:00022DE4       Datasnap.DBClient.TCustomClientDataSet.SetCommandText
 0001:00023064       Datasnap.DBClient.TCustomClientDataSet.SetDataSetField
 0001:00022F84       Datasnap.DBClient.TCustomClientDataSet.SetFieldData
 0001:000230A4       Datasnap.DBClient.TCustomClientDataSet.SetFiltered
 0001:00023094       Datasnap.DBClient.TCustomClientDataSet.SetFilterOptions
 0001:0002308C       Datasnap.DBClient.TCustomClientDataSet.SetFilterText
 0001:00022EE4       Datasnap.DBClient.TCustomClientDataSet.SetLogChanges
 0001:0002309C       Datasnap.DBClient.TCustomClientDataSet.SetOnFilterRecord
 0001:00022DEC       Datasnap.DBClient.TCustomClientDataSet.SetOptionalParam
 0001:00022E7C       Datasnap.DBClient.TCustomClientDataSet.SetProviderEOF
 0001:00022F44       Datasnap.DBClient.TCustomClientDataSet.SetRecNo
 0001:00022E8C       Datasnap.DBClient.TCustomClientDataSet.SetRemoteServer
 0001:000230AC       Datasnap.DBClient.TCustomClientDataSet.SetStatusFilter
 0001:00023044       Datasnap.DBClient.TCustomClientDataSet.UpdateIndexDefs
 0001:00022F64       Datasnap.DBClient.TCustomClientDataSet.UpdateStatus
 0002:00000164       Datasnap.DSIntf.Datasnap.DSIntf
 0001:00022DC4       Datasnap.DSIntf.Finalization
 0002:0000016C       Datasnap.Provider.Datasnap.Provider
 0001:00022DCC       Datasnap.Provider.Finalization
 0004:00000194       SQLite3..1
 0001:00003A70       SQLite3.Finalization
 0001:00002024       SQLite3.LoadProc
 0001:00002110       SQLite3.LoadProcSilent
 0001:00002138       SQLite3.LoadSQLite
 0002:00000098       SQLite3.SQLite3
 0004:00000158       SQLite3.sqlite3_aggregate_context
 0004:000000E8       SQLite3.SQLite3_Backup_Finish
 0004:000000E0       SQLite3.SQLite3_Backup_Init
 0004:000000F0       SQLite3.SQLite3_Backup_Pagecount
 0004:000000EC       SQLite3.SQLite3_Backup_Remaining
 0004:000000E4       SQLite3.SQLite3_Backup_Step
 0004:000000F4       SQLite3.sqlite3_bind_blob
 0004:00000100       SQLite3.sqlite3_bind_double
 0004:00000104       SQLite3.sqlite3_bind_int
 0004:00000108       SQLite3.sqlite3_bind_int64
 0004:0000010C       SQLite3.sqlite3_bind_null
 0004:0000011C       SQLite3.sqlite3_bind_parameter_count
 0004:00000114       SQLite3.sqlite3_bind_parameter_index
 0004:00000118       SQLite3.sqlite3_bind_parameter_name
 0004:000000F8       SQLite3.sqlite3_bind_text
 0004:000000FC       SQLite3.sqlite3_bind_text16
 0004:00000058       SQLite3.SQLite3_BusyHandler
 0004:0000005C       SQLite3.SQLite3_BusyTimeout
 0004:00000060       SQLite3.SQLite3_Changes
 0004:00000110       SQLite3.sqlite3_clear_bindings
 0004:0000002C       SQLite3.SQLite3_Close
 0004:000000B4       SQLite3.SQLite3_ColumnBlob
 0004:000000B8       SQLite3.SQLite3_ColumnBytes
 0004:000000BC       SQLite3.SQLite3_ColumnBytes16
 0004:00000078       SQLite3.SQLite3_ColumnCount
 0004:00000084       SQLite3.SQLite3_ColumnDeclType
 0004:00000088       SQLite3.SQLite3_ColumnDeclType16
 0004:000000C0       SQLite3.SQLite3_ColumnDouble
 0004:000000C4       SQLite3.SQLite3_ColumnInt
 0004:000000D4       SQLite3.SQLite3_ColumnInt64
 0004:0000007C       SQLite3.SQLite3_ColumnName
 0004:00000080       SQLite3.SQLite3_ColumnName16
 0004:000000C8       SQLite3.SQLite3_ColumnText
 0004:000000CC       SQLite3.SQLite3_ColumnText16
 0004:000000D0       SQLite3.SQLite3_ColumnType
 0004:0000004C       SQLite3.SQLite3_Complete
 0004:0000018C       SQLite3.SQLite3_create_collation
 0004:00000190       SQLite3.SQLite3_create_collation16
 0004:00000120       SQLite3.sqlite3_create_function
 0004:00000090       SQLite3.SQLite3_DataCount
 0004:000000AC       SQLite3.sqlite3_enable_load_extension
 0004:00000188       SQLite3.sqlite3_enable_shared_cache
 0004:0000003C       SQLite3.SQLite3_ErrCode
 0004:00000038       SQLite3.SQLite3_ErrMsg
 0004:00000030       SQLite3.SQLite3_Exec
 0004:000000D8       SQLite3.SQLite3_Finalize
 0004:00000040       SQLite3.SQlite3_Free
 0004:00000048       SQLite3.SQLite3_FreeTable
 0004:00000044       SQLite3.SQLite3_GetTable
 0004:00000054       SQLite3.SQLite3_Interrupt
 0004:00000098       SQLite3.sqlite3_key
 0004:00000050       SQLite3.SQLite3_LastInsertRowID
 0004:000000B0       SQLite3.sqlite3_load_extension
 0004:00000094       SQLite3.sqlite3_memory_used
 0004:00000024       SQLite3.sqlite3_open
 0004:00000028       SQLite3.sqlite3_open16
 0004:00000068       SQLite3.SQLite3_Prepare
 0004:00000070       SQLite3.SQLite3_Prepare16
 0004:00000074       SQLite3.SQLite3_Prepare16_v2
 0004:0000006C       SQLite3.SQLite3_Prepare_v2
 0004:0000009C       SQLite3.sqlite3_rekey
 0004:000000DC       SQLite3.SQLite3_Reset
 0004:00000124       SQLite3.sqlite3_result_blob
 0004:00000128       SQLite3.sqlite3_result_double
 0004:0000012C       SQLite3.sqlite3_result_error
 0004:00000130       SQLite3.sqlite3_result_error16
 0004:00000134       SQLite3.sqlite3_result_int
 0004:00000138       SQLite3.sqlite3_result_int64
 0004:0000013C       SQLite3.sqlite3_result_null
 0004:00000140       SQLite3.sqlite3_result_text
 0004:00000144       SQLite3.sqlite3_result_text16
 0004:00000148       SQLite3.sqlite3_result_text16be
 0004:0000014C       SQLite3.sqlite3_result_text16le
 0004:00000150       SQLite3.sqlite3_result_value
 0004:000000A0       SQLite3.sqlite3_set_authorizer
 0004:0000008C       SQLite3.SQLite3_Step
 0004:000000A8       SQLite3.sqlite3_table_column_metadata
 0004:00000064       SQLite3.SQLite3_TotalChanges
 0004:000000A4       SQLite3.sqlite3_update_hook
 0004:00000154       SQLite3.sqlite3_user_data
 0004:0000015C       SQLite3.sqlite3_value_blob
 0004:00000160       SQLite3.sqlite3_value_bytes
 0004:00000164       SQLite3.sqlite3_value_bytes16
 0004:00000168       SQLite3.sqlite3_value_double
 0004:0000016C       SQLite3.sqlite3_value_int
 0004:00000170       SQLite3.sqlite3_value_int64
 0004:00000174       SQLite3.sqlite3_value_text
 0004:00000178       SQLite3.sqlite3_value_text16
 0004:0000017C       SQLite3.sqlite3_value_text16be
 0004:00000180       SQLite3.sqlite3_value_text16le
 0004:00000184       SQLite3.sqlite3_value_type
 0004:00000034       SQLite3.SQLite3_Version
 0001:000013B8       SQLite3.SQLiteErrorStr
 0001:00001204       SQLite3.SQLiteFieldType
 0003:00000094       SQLite3.SQLite_Handle
 0001:00003A50       SQLite3.UnloadSQLite
 0004:000001A0       SQLite3Dataset..3
 0001:000233D8       SQLite3Dataset..TSQLiteDataset
 0001:00023174       SQLite3Dataset..TSQLiteUpdateSQL
 0001:00023D38       SQLite3Dataset..{System.Generics.Collections}TEnumerable<SQLite3Dataset.T3<System.string,System.Boolean,Data.DB.TField>>
 0001:00023BAC       SQLite3Dataset..{System.Generics.Collections}TEnumerator<SQLite3Dataset.T3<System.string,System.Boolean,Data.DB.TField>>
 0001:000243E4       SQLite3Dataset..{System.Generics.Collections}TList<SQLite3Dataset.T3<System.string,System.Boolean,Data.DB.TField>>
 0001:000241E4       SQLite3Dataset..{System.Generics.Collections}TList<SQLite3Dataset.T3<System.string,System.Boolean,Data.DB.TField>>.TEnumerator
 0001:00027CB0       SQLite3Dataset..{System.Generics.Defaults}TComparer<SQLite3Dataset.T3<System.string,System.Boolean,Data.DB.TField>>
 0001:00027F4C       SQLite3Dataset..{System.Generics.Defaults}TDelegatedComparer<SQLite3Dataset.T3<System.string,System.Boolean,Data.DB.TField>>
 0001:0002517C       SQLite3Dataset.DoApplyUpdate
 0001:00025364       SQLite3Dataset.FillParams
 0001:00026170       SQLite3Dataset.Finalization
 0002:0000017C       SQLite3Dataset.SQLite3Dataset
 0001:000278C8       SQLite3Dataset.TArray.BinarySearch<SQLite3Dataset.T3<System.string,System.Boolean,Data.DB.TField>>
 0001:00027A28       SQLite3Dataset.TArray.QuickSort<SQLite3Dataset.T3<System.string,System.Boolean,Data.DB.TField>>
 0001:00027844       SQLite3Dataset.TArray.Sort<SQLite3Dataset.T3<System.string,System.Boolean,Data.DB.TField>>
 0001:000258C0       SQLite3Dataset.TSQLiteDataset.ApplyUpdates
 0001:000253C0       SQLite3Dataset.TSQLiteDataset.ApplyUpdates
 0001:000258E0       SQLite3Dataset.TSQLiteDataset.Create
 0001:00025980       SQLite3Dataset.TSQLiteDataset.Destroy
 0001:000259E0       SQLite3Dataset.TSQLiteDataset.DoInitFields
 0001:00025B68       SQLite3Dataset.TSQLiteDataset.DoInternalOpen
 0001:00025C7C       SQLite3Dataset.TSQLiteDataset.DoInternalRefreshRecord
 0001:00024E6C       SQLite3Dataset.TSQLiteDataset.GetPair
 0001:00025120       SQLite3Dataset.TSQLiteDataset.Notification
 0001:00025E8C       SQLite3Dataset.TSQLiteDataset.RefreshRecord
 0001:00025EDC       SQLite3Dataset.TSQLiteDataset.SetActive
 0001:0002601C       SQLite3Dataset.TSQLiteUpdateSQL.Create
 0001:000260AC       SQLite3Dataset.TSQLiteUpdateSQL.Destroy
 0001:0002610C       SQLite3Dataset.TSQLiteUpdateSQL.SetSQL
 0001:000261B0       SQLite3Dataset.{SQLite3Dataset}T3<System.string,System.Boolean,Data.DB.TField>.Create
 0001:000262D4       SQLite3Dataset.{System.Generics.Collections}TEnumerable<SQLite3Dataset.T3<System.string,System.Boolean,Data.DB.TField>>.GetEnumerator
 0001:000262F0       SQLite3Dataset.{System.Generics.Collections}TEnumerable<SQLite3Dataset.T3<System.string,System.Boolean,Data.DB.TField>>.ToArray
 0001:000261E8       SQLite3Dataset.{System.Generics.Collections}TEnumerable<SQLite3Dataset.T3<System.string,System.Boolean,Data.DB.TField>>.ToArrayImpl
 0001:000263EC       SQLite3Dataset.{System.Generics.Collections}TEnumerator<SQLite3Dataset.T3<System.string,System.Boolean,Data.DB.TField>>.MoveNext
 0001:00026A14       SQLite3Dataset.{System.Generics.Collections}TList<SQLite3Dataset.T3<System.string,System.Boolean,Data.DB.TField>>.Add
 0001:00026A74       SQLite3Dataset.{System.Generics.Collections}TList<SQLite3Dataset.T3<System.string,System.Boolean,Data.DB.TField>>.AddRange
 0001:00026A9C       SQLite3Dataset.{System.Generics.Collections}TList<SQLite3Dataset.T3<System.string,System.Boolean,Data.DB.TField>>.AddRange
 0001:00026AC0       SQLite3Dataset.{System.Generics.Collections}TList<SQLite3Dataset.T3<System.string,System.Boolean,Data.DB.TField>>.AddRange
 0001:00027560       SQLite3Dataset.{System.Generics.Collections}TList<SQLite3Dataset.T3<System.string,System.Boolean,Data.DB.TField>>.BinarySearch
 0001:000275B0       SQLite3Dataset.{System.Generics.Collections}TList<SQLite3Dataset.T3<System.string,System.Boolean,Data.DB.TField>>.BinarySearch
 0001:0002730C       SQLite3Dataset.{System.Generics.Collections}TList<SQLite3Dataset.T3<System.string,System.Boolean,Data.DB.TField>>.Clear
 0001:0002732C       SQLite3Dataset.{System.Generics.Collections}TList<SQLite3Dataset.T3<System.string,System.Boolean,Data.DB.TField>>.Contains
 0001:00026938       SQLite3Dataset.{System.Generics.Collections}TList<SQLite3Dataset.T3<System.string,System.Boolean,Data.DB.TField>>.Create
 0001:00026890       SQLite3Dataset.{System.Generics.Collections}TList<SQLite3Dataset.T3<System.string,System.Boolean,Data.DB.TField>>.Create
 0001:0002680C       SQLite3Dataset.{System.Generics.Collections}TList<SQLite3Dataset.T3<System.string,System.Boolean,Data.DB.TField>>.Create
 0001:00026E84       SQLite3Dataset.{System.Generics.Collections}TList<SQLite3Dataset.T3<System.string,System.Boolean,Data.DB.TField>>.Delete
 0001:00026EA4       SQLite3Dataset.{System.Generics.Collections}TList<SQLite3Dataset.T3<System.string,System.Boolean,Data.DB.TField>>.DeleteRange
 0001:000269D8       SQLite3Dataset.{System.Generics.Collections}TList<SQLite3Dataset.T3<System.string,System.Boolean,Data.DB.TField>>.Destroy
 0001:00026690       SQLite3Dataset.{System.Generics.Collections}TList<SQLite3Dataset.T3<System.string,System.Boolean,Data.DB.TField>>.DoDelete
 0001:000267BC       SQLite3Dataset.{System.Generics.Collections}TList<SQLite3Dataset.T3<System.string,System.Boolean,Data.DB.TField>>.DoGetEnumerator
 0001:000270A8       SQLite3Dataset.{System.Generics.Collections}TList<SQLite3Dataset.T3<System.string,System.Boolean,Data.DB.TField>>.Exchange
 0001:0002703C       SQLite3Dataset.{System.Generics.Collections}TList<SQLite3Dataset.T3<System.string,System.Boolean,Data.DB.TField>>.Extract
 0001:000272C8       SQLite3Dataset.{System.Generics.Collections}TList<SQLite3Dataset.T3<System.string,System.Boolean,Data.DB.TField>>.First
 0001:00026408       SQLite3Dataset.{System.Generics.Collections}TList<SQLite3Dataset.T3<System.string,System.Boolean,Data.DB.TField>>.GetCapacity
 0001:000276CC       SQLite3Dataset.{System.Generics.Collections}TList<SQLite3Dataset.T3<System.string,System.Boolean,Data.DB.TField>>.GetEnumerator
 0001:000264DC       SQLite3Dataset.{System.Generics.Collections}TList<SQLite3Dataset.T3<System.string,System.Boolean,Data.DB.TField>>.GetItem
 0001:00026604       SQLite3Dataset.{System.Generics.Collections}TList<SQLite3Dataset.T3<System.string,System.Boolean,Data.DB.TField>>.Grow
 0001:00026658       SQLite3Dataset.{System.Generics.Collections}TList<SQLite3Dataset.T3<System.string,System.Boolean,Data.DB.TField>>.GrowCheck
 0001:00027350       SQLite3Dataset.{System.Generics.Collections}TList<SQLite3Dataset.T3<System.string,System.Boolean,Data.DB.TField>>.IndexOf
 0001:00026AE4       SQLite3Dataset.{System.Generics.Collections}TList<SQLite3Dataset.T3<System.string,System.Boolean,Data.DB.TField>>.Insert
 0001:00026D90       SQLite3Dataset.{System.Generics.Collections}TList<SQLite3Dataset.T3<System.string,System.Boolean,Data.DB.TField>>.InsertRange
 0001:00026CF0       SQLite3Dataset.{System.Generics.Collections}TList<SQLite3Dataset.T3<System.string,System.Boolean,Data.DB.TField>>.InsertRange
 0001:00026BBC       SQLite3Dataset.{System.Generics.Collections}TList<SQLite3Dataset.T3<System.string,System.Boolean,Data.DB.TField>>.InsertRange
 0001:000272E8       SQLite3Dataset.{System.Generics.Collections}TList<SQLite3Dataset.T3<System.string,System.Boolean,Data.DB.TField>>.Last
 0001:000273B4       SQLite3Dataset.{System.Generics.Collections}TList<SQLite3Dataset.T3<System.string,System.Boolean,Data.DB.TField>>.LastIndexOf
 0001:00027160       SQLite3Dataset.{System.Generics.Collections}TList<SQLite3Dataset.T3<System.string,System.Boolean,Data.DB.TField>>.Move
 0001:000267D8       SQLite3Dataset.{System.Generics.Collections}TList<SQLite3Dataset.T3<System.string,System.Boolean,Data.DB.TField>>.Notify
 0001:00026E50       SQLite3Dataset.{System.Generics.Collections}TList<SQLite3Dataset.T3<System.string,System.Boolean,Data.DB.TField>>.Remove
 0001:00027414       SQLite3Dataset.{System.Generics.Collections}TList<SQLite3Dataset.T3<System.string,System.Boolean,Data.DB.TField>>.Reverse
 0001:00026428       SQLite3Dataset.{System.Generics.Collections}TList<SQLite3Dataset.T3<System.string,System.Boolean,Data.DB.TField>>.SetCapacity
 0001:0002646C       SQLite3Dataset.{System.Generics.Collections}TList<SQLite3Dataset.T3<System.string,System.Boolean,Data.DB.TField>>.SetCount
 0001:00026534       SQLite3Dataset.{System.Generics.Collections}TList<SQLite3Dataset.T3<System.string,System.Boolean,Data.DB.TField>>.SetItem
 0001:000274E8       SQLite3Dataset.{System.Generics.Collections}TList<SQLite3Dataset.T3<System.string,System.Boolean,Data.DB.TField>>.Sort
 0001:00027524       SQLite3Dataset.{System.Generics.Collections}TList<SQLite3Dataset.T3<System.string,System.Boolean,Data.DB.TField>>.Sort
 0001:0002774C       SQLite3Dataset.{System.Generics.Collections}TList<SQLite3Dataset.T3<System.string,System.Boolean,Data.DB.TField>>.TEnumerator.Create
 0001:00027714       SQLite3Dataset.{System.Generics.Collections}TList<SQLite3Dataset.T3<System.string,System.Boolean,Data.DB.TField>>.TEnumerator.DoGetCurrent
 0001:00027730       SQLite3Dataset.{System.Generics.Collections}TList<SQLite3Dataset.T3<System.string,System.Boolean,Data.DB.TField>>.TEnumerator.DoMoveNext
 0001:000276F0       SQLite3Dataset.{System.Generics.Collections}TList<SQLite3Dataset.T3<System.string,System.Boolean,Data.DB.TField>>.TEnumerator.GetCurrent
 0001:000277A4       SQLite3Dataset.{System.Generics.Collections}TList<SQLite3Dataset.T3<System.string,System.Boolean,Data.DB.TField>>.TEnumerator.MoveNext
 0001:00027618       SQLite3Dataset.{System.Generics.Collections}TList<SQLite3Dataset.T3<System.string,System.Boolean,Data.DB.TField>>.ToArray
 0001:00027600       SQLite3Dataset.{System.Generics.Collections}TList<SQLite3Dataset.T3<System.string,System.Boolean,Data.DB.TField>>.TrimExcess
 0001:00027E34       SQLite3Dataset.{System.Generics.Defaults}TComparer<SQLite3Dataset.T3<System.string,System.Boolean,Data.DB.TField>>.Compare
 0001:00027810       SQLite3Dataset.{System.Generics.Defaults}TComparer<SQLite3Dataset.T3<System.string,System.Boolean,Data.DB.TField>>.Construct
 0001:000277E4       SQLite3Dataset.{System.Generics.Defaults}TComparer<SQLite3Dataset.T3<System.string,System.Boolean,Data.DB.TField>>.Default
 0001:000279FC       SQLite3Dataset.{System.Generics.Defaults}TDelegatedComparer<SQLite3Dataset.T3<System.string,System.Boolean,Data.DB.TField>>.Compare
 0001:000279B4       SQLite3Dataset.{System.Generics.Defaults}TDelegatedComparer<SQLite3Dataset.T3<System.string,System.Boolean,Data.DB.TField>>.Create
 0004:000001A4       SQLite3Register..1
 0001:00028190       SQLite3Register.Finalization
 0001:00028140       SQLite3Register.Register
 0002:00000184       SQLite3Register.SQLite3Register
 0004:0000019C       SQLiteTable3..01
 0001:00003EA0       SQLiteTable3..ESQLiteException
 0001:00004960       SQLiteTable3..TSQLiteDatabase
 0001:00007120       SQLiteTable3..TSQLiteField
 0001:0000447C       SQLiteTable3..TSQLiteFunctions
 0001:00003F50       SQLiteTable3..TSQliteParam
 0001:00006594       SQLiteTable3..TSQLitePreparedStatement
 0001:00005C84       SQLiteTable3..TSQLiteTable
 0001:000079CC       SQLiteTable3..TSQLiteUniTable
 0001:00007608       SQLiteTable3..TUniTableEnumerator
 0001:0000D75C       SQLiteTable3..TVarDataRecordType
 0001:0000A9C8       SQLiteTable3..{System.Generics.Collections}TDictionary<System.string,System.Integer>
 0001:00009F50       SQLiteTable3..{System.Generics.Collections}TDictionary<System.string,System.Integer>.TKeyCollection
 0001:00009D74       SQLiteTable3..{System.Generics.Collections}TDictionary<System.string,System.Integer>.TKeyEnumerator
 0001:0000A7EC       SQLiteTable3..{System.Generics.Collections}TDictionary<System.string,System.Integer>.TPairEnumerator
 0001:0000A5E0       SQLiteTable3..{System.Generics.Collections}TDictionary<System.string,System.Integer>.TValueCollection
 0001:0000A400       SQLiteTable3..{System.Generics.Collections}TDictionary<System.string,System.Integer>.TValueEnumerator
 0001:000084F4       SQLiteTable3..{System.Generics.Collections}TEnumerable<SQLiteTable3.PSQLiteFuncs>
 0001:000096A0       SQLiteTable3..{System.Generics.Collections}TEnumerable<SQLiteTable3.TPair<System.string,System.Integer>>
 0001:0000C5E4       SQLiteTable3..{System.Generics.Collections}TEnumerable<SQLiteTable3.TSQLiteField>
 0001:0000B2E4       SQLiteTable3..{System.Generics.Collections}TEnumerable<SQLiteTable3.TSQliteParam>
 0001:0000A2BC       SQLiteTable3..{System.Generics.Collections}TEnumerable<System.Integer>
 0001:00009C34       SQLiteTable3..{System.Generics.Collections}TEnumerable<System.string>
 0001:000083B0       SQLiteTable3..{System.Generics.Collections}TEnumerator<SQLiteTable3.PSQLiteFuncs>
 0001:00009530       SQLiteTable3..{System.Generics.Collections}TEnumerator<SQLiteTable3.TPair<System.string,System.Integer>>
 0001:0000C4A0       SQLiteTable3..{System.Generics.Collections}TEnumerator<SQLiteTable3.TSQLiteField>
 0001:0000B1A0       SQLiteTable3..{System.Generics.Collections}TEnumerator<SQLiteTable3.TSQliteParam>
 0001:0000A190       SQLiteTable3..{System.Generics.Collections}TEnumerator<System.Integer>
 0001:00009B08       SQLiteTable3..{System.Generics.Collections}TEnumerator<System.string>
 0001:00008A30       SQLiteTable3..{System.Generics.Collections}TList<SQLiteTable3.PSQLiteFuncs>
 0001:00008878       SQLiteTable3..{System.Generics.Collections}TList<SQLiteTable3.PSQLiteFuncs>.TEnumerator
 0001:0001F15C       SQLiteTable3..{System.Generics.Collections}TList<SQLiteTable3.TPair<System.string,System.Integer>>
 0001:0001EF78       SQLiteTable3..{System.Generics.Collections}TList<SQLiteTable3.TPair<System.string,System.Integer>>.TEnumerator
 0001:0000CB20       SQLiteTable3..{System.Generics.Collections}TList<SQLiteTable3.TSQLiteField>
 0001:0000C968       SQLiteTable3..{System.Generics.Collections}TList<SQLiteTable3.TSQLiteField>.TEnumerator
 0001:0000B820       SQLiteTable3..{System.Generics.Collections}TList<SQLiteTable3.TSQliteParam>
 0001:0000B668       SQLiteTable3..{System.Generics.Collections}TList<SQLiteTable3.TSQliteParam>.TEnumerator
 0001:00020B18       SQLiteTable3..{System.Generics.Collections}TList<System.Integer>
 0001:00020978       SQLiteTable3..{System.Generics.Collections}TList<System.Integer>.TEnumerator
 0001:0001FE5C       SQLiteTable3..{System.Generics.Collections}TList<System.string>
 0001:0001FCBC       SQLiteTable3..{System.Generics.Collections}TList<System.string>.TEnumerator
 0001:0000D530       SQLiteTable3..{System.Generics.Collections}TObjectList<SQLiteTable3.TSQLiteField>
 0001:0000C230       SQLiteTable3..{System.Generics.Collections}TObjectList<SQLiteTable3.TSQliteParam>
 0001:0001EAFC       SQLiteTable3..{System.Generics.Defaults}TComparer<SQLiteTable3.PSQLiteFuncs>
 0001:00021D70       SQLiteTable3..{System.Generics.Defaults}TComparer<SQLiteTable3.TPair<System.string,System.Integer>>
 0001:000218C0       SQLiteTable3..{System.Generics.Defaults}TComparer<SQLiteTable3.TSQLiteField>
 0001:000215D4       SQLiteTable3..{System.Generics.Defaults}TComparer<SQLiteTable3.TSQliteParam>
 0001:00022350       SQLiteTable3..{System.Generics.Defaults}TComparer<System.Integer>
 0001:00022090       SQLiteTable3..{System.Generics.Defaults}TComparer<System.string>
 0001:00021AEC       SQLiteTable3..{System.Generics.Defaults}TDelegatedComparer<SQLiteTable3.PSQLiteFuncs>
 0001:000228B0       SQLiteTable3..{System.Generics.Defaults}TDelegatedComparer<SQLiteTable3.TPair<System.string,System.Integer>>
 0001:00022704       SQLiteTable3..{System.Generics.Defaults}TDelegatedComparer<SQLiteTable3.TSQLiteField>
 0001:00022558       SQLiteTable3..{System.Generics.Defaults}TDelegatedComparer<SQLiteTable3.TSQliteParam>
 0001:00022C20       SQLiteTable3..{System.Generics.Defaults}TDelegatedComparer<System.Integer>
 0001:00022A8C       SQLiteTable3..{System.Generics.Defaults}TDelegatedComparer<System.string>
 0001:0000DCF0       SQLiteTable3.AggFinalDefFunc
 0001:0000DD60       SQLiteTable3.AggStepDefFunc
 0003:000000C0       SQLiteTable3.DEF_COLTYPES
 0003:0000009C       SQLiteTable3.DEF_COLTYPES_NAMES
 0001:0000DCDC       SQLiteTable3.DisposePointer
 0001:0000DE8C       SQLiteTable3.DoAuthorize
 0001:0000DF4C       SQLiteTable3.DoUpdateHook
 0001:00014CC8       SQLiteTable3.Finalization
 0001:0000DDDC       SQLiteTable3.ScalarDefFunc
 0001:0000E004       SQLiteTable3.SQLiteDataTypeToDelphiFieldType
 0002:00000114       SQLiteTable3.SQLiteTable3
 0001:0000DFD8       SQLiteTable3.SystemCollate
 0001:0001A064       SQLiteTable3.TArray.BinarySearch<SQLiteTable3.PSQLiteFuncs>
 0001:0001DD7C       SQLiteTable3.TArray.BinarySearch<SQLiteTable3.TPair<System.string,System.Integer>>
 0001:0001DA34       SQLiteTable3.TArray.BinarySearch<SQLiteTable3.TSQLiteField>
 0001:0001D868       SQLiteTable3.TArray.BinarySearch<SQLiteTable3.TSQliteParam>
 0001:0001E114       SQLiteTable3.TArray.BinarySearch<System.Integer>
 0001:0001DF48       SQLiteTable3.TArray.BinarySearch<System.string>
 0001:0001DB90       SQLiteTable3.TArray.QuickSort<SQLiteTable3.PSQLiteFuncs>
 0001:0001E568       SQLiteTable3.TArray.QuickSort<SQLiteTable3.TPair<System.string,System.Integer>>
 0001:0001E3EC       SQLiteTable3.TArray.QuickSort<SQLiteTable3.TSQLiteField>
 0001:0001E270       SQLiteTable3.TArray.QuickSort<SQLiteTable3.TSQliteParam>
 0001:0001E934       SQLiteTable3.TArray.QuickSort<System.Integer>
 0001:0001E768       SQLiteTable3.TArray.QuickSort<System.string>
 0001:00019FE0       SQLiteTable3.TArray.Sort<SQLiteTable3.PSQLiteFuncs>
 0001:0001DCF8       SQLiteTable3.TArray.Sort<SQLiteTable3.TPair<System.string,System.Integer>>
 0001:0001D9B0       SQLiteTable3.TArray.Sort<SQLiteTable3.TSQLiteField>
 0001:0001D7E4       SQLiteTable3.TArray.Sort<SQLiteTable3.TSQliteParam>
 0001:0001E090       SQLiteTable3.TArray.Sort<System.Integer>
 0001:0001DEC4       SQLiteTable3.TArray.Sort<System.string>
 0001:000102A8       SQLiteTable3.TSQLiteDatabase.AddCustomCollate
 0001:000104B0       SQLiteTable3.TSQLiteDatabase.AddNewSupportedColumnType
 0001:0001051C       SQLiteTable3.TSQLiteDatabase.AddParamFloat
 0001:00010458       SQLiteTable3.TSQLiteDatabase.AddParamInt
 0001:000105CC       SQLiteTable3.TSQLiteDatabase.AddParamNull
 0001:00010574       SQLiteTable3.TSQLiteDatabase.AddParamText
 0001:000102E0       SQLiteTable3.TSQLiteDatabase.AddSystemCollate
 0001:0001031C       SQLiteTable3.TSQLiteDatabase.Analyze
 0001:00010350       SQLiteTable3.TSQLiteDatabase.Attach
 0001:000109F8       SQLiteTable3.TSQLiteDatabase.Backup
 0001:00010B44       SQLiteTable3.TSQLiteDatabase.Backup
 0001:0000FDC8       SQLiteTable3.TSQLiteDatabase.BeginTransaction
 0001:0000ED78       SQLiteTable3.TSQLiteDatabase.BindSQL
 0001:0000EE74       SQLiteTable3.TSQLiteDatabase.BindSQL
 0001:0000FE78       SQLiteTable3.TSQLiteDatabase.ChangePassword
 0001:0000FFD0       SQLiteTable3.TSQLiteDatabase.Close
 0001:00010038       SQLiteTable3.TSQLiteDatabase.Commit
 0001:0000E258       SQLiteTable3.TSQLiteDatabase.Create
 0001:0000E07C       SQLiteTable3.TSQLiteDatabase.Create
 0001:0000E2A4       SQLiteTable3.TSQLiteDatabase.Destroy
 0001:000109CC       SQLiteTable3.TSQLiteDatabase.DoQuery
 0001:0000EBA0       SQLiteTable3.TSQLiteDatabase.ExecSQL
 0001:0000E8EC       SQLiteTable3.TSQLiteDatabase.ExecSQL
 0001:0000EA98       SQLiteTable3.TSQLiteDatabase.ExecSQL
 0001:0000EBCC       SQLiteTable3.TSQLiteDatabase.ExecSQL
 0001:0000EC40       SQLiteTable3.TSQLiteDatabase.ExecSQL
 0004:00000198       SQLiteTable3.TSQLiteDatabase.FColumnTypes
 0001:0000E420       SQLiteTable3.TSQLiteDatabase.GetLastChangedRows
 0001:0000E304       SQLiteTable3.TSQLiteDatabase.GetLastInsertRowID
 0001:0000E330       SQLiteTable3.TSQLiteDatabase.GetMemoryUsed
 0001:0000E3F4       SQLiteTable3.TSQLiteDatabase.GetPreparedStatement
 0001:0000E354       SQLiteTable3.TSQLiteDatabase.GetPreparedStatement
 0001:0000E3BC       SQLiteTable3.TSQLiteDatabase.GetPreparedStatementIntf
 0001:0000E38C       SQLiteTable3.TSQLiteDatabase.GetPreparedStatementIntf
 0001:00010994       SQLiteTable3.TSQLiteDatabase.GetRowsChanged
 0001:0000F3F4       SQLiteTable3.TSQLiteDatabase.GetTable
 0001:0000F420       SQLiteTable3.TSQLiteDatabase.GetTableColumnMetadata
 0001:0000FC58       SQLiteTable3.TSQLiteDatabase.GetTableString
 0001:0000FCE4       SQLiteTable3.TSQLiteDatabase.GetTableStrings
 0001:0000FBC0       SQLiteTable3.TSQLiteDatabase.GetTableValue
 0001:0000F5B0       SQLiteTable3.TSQLiteDatabase.GetUniTable
 0001:0000F5D8       SQLiteTable3.TSQLiteDatabase.GetUniTable
 0001:0000F6B8       SQLiteTable3.TSQLiteDatabase.GetUniTableIntf
 0001:0000F644       SQLiteTable3.TSQLiteDatabase.GetUniTableIntf
 0001:0000F71C       SQLiteTable3.TSQLiteDatabase.InitDefaultColumnTypes
 0001:0000F760       SQLiteTable3.TSQLiteDatabase.LoadExtension
 0001:0000F83C       SQLiteTable3.TSQLiteDatabase.Open
 0001:00010408       SQLiteTable3.TSQLiteDatabase.ParamsClear
 0001:0000EC68       SQLiteTable3.TSQLiteDatabase.PrepareSQL
 0001:0000E5C4       SQLiteTable3.TSQLiteDatabase.RaiseError
 0001:0000E444       SQLiteTable3.TSQLiteDatabase.RaiseError
 0001:0000EF80       SQLiteTable3.TSQLiteDatabase.Reindex
 0001:0000EFB4       SQLiteTable3.TSQLiteDatabase.ReleaseSQL
 0001:00010074       SQLiteTable3.TSQLiteDatabase.Rollback
 0001:00010614       SQLiteTable3.TSQLiteDatabase.SetConnected
 0001:00010670       SQLiteTable3.TSQLiteDatabase.SetEvents
 0001:000106A8       SQLiteTable3.TSQLiteDatabase.SetExtEnabled
 0001:000106F8       SQLiteTable3.TSQLiteDatabase.SetFilename
 0001:0001072C       SQLiteTable3.TSQLiteDatabase.SetOnAuthorize
 0001:0001079C       SQLiteTable3.TSQLiteDatabase.SetOnUpdate
 0001:0001080C       SQLiteTable3.TSQLiteDatabase.SetParams
 0001:0000E7BC       SQLiteTable3.TSQLiteDatabase.SetReadUncommitted
 0001:0000E6E8       SQLiteTable3.TSQLiteDatabase.SetSynchronised
 0001:00010228       SQLiteTable3.TSQLiteDatabase.SetTimeout
 0001:000100B4       SQLiteTable3.TSQLiteDatabase.TableExists
 0001:0000F098       SQLiteTable3.TSQLiteDatabase.UpdateBlob
 0001:00010250       SQLiteTable3.TSQLiteDatabase.Vacuum
 0001:00010284       SQLiteTable3.TSQLiteDatabase.Version
 0001:00014198       SQLiteTable3.TSQLiteField.AsBlob
 0001:000141BC       SQLiteTable3.TSQLiteField.AsBlobPtr
 0001:000141E8       SQLiteTable3.TSQLiteField.AsBlobText
 0001:0001420C       SQLiteTable3.TSQLiteField.AsBlobTextDef
 0001:0001426C       SQLiteTable3.TSQLiteField.AsDateTime
 0001:000142CC       SQLiteTable3.TSQLiteField.AsDateTimeDef
 0001:0001432C       SQLiteTable3.TSQLiteField.AsDouble
 0001:00014354       SQLiteTable3.TSQLiteField.AsDoubleDef
 0001:000143B4       SQLiteTable3.TSQLiteField.AsInteger
 0001:000143E0       SQLiteTable3.TSQLiteField.AsIntegerDef
 0001:00014444       SQLiteTable3.TSQLiteField.AsString
 0001:00014468       SQLiteTable3.TSQLiteField.AsStringDef
 0001:000144C8       SQLiteTable3.TSQLiteField.Create
 0001:0001450C       SQLiteTable3.TSQLiteField.Destroy
 0001:00014548       SQLiteTable3.TSQLiteField.IsNull
 0001:0001456C       SQLiteTable3.TSQLiteField.Value
 0001:00014594       SQLiteTable3.TSQLiteField.ValueDef
 0001:000145F4       SQLiteTable3.TSQLiteFunctions.AddAggregateFunction
 0001:0001479C       SQLiteTable3.TSQLiteFunctions.AddScalarFunction
 0001:00014924       SQLiteTable3.TSQLiteFunctions.Clear
 0001:000149AC       SQLiteTable3.TSQLiteFunctions.Create
 0001:00014A0C       SQLiteTable3.TSQLiteFunctions.Destroy
 0001:00014A58       SQLiteTable3.TSQLiteFunctions.GetValueType
 0001:00014A80       SQLiteTable3.TSQLiteFunctions.ResultAsFloat
 0001:00014AA8       SQLiteTable3.TSQLiteFunctions.ResultAsInteger
 0001:00014AD0       SQLiteTable3.TSQLiteFunctions.ResultAsNull
 0001:00014AF0       SQLiteTable3.TSQLiteFunctions.ResultAsString
 0001:00014B54       SQLiteTable3.TSQLiteFunctions.ValueAsFloat
 0001:00014B7C       SQLiteTable3.TSQLiteFunctions.ValueAsInteger
 0001:00014BA8       SQLiteTable3.TSQLiteFunctions.ValueAsString
 0001:00012B0C       SQLiteTable3.TSQliteParam.Create
 0001:00013E8C       SQLiteTable3.TSQLitePreparedStatement.BindParameterCount
 0001:00013EC0       SQLiteTable3.TSQLitePreparedStatement.BindParameterName
 0001:00013F04       SQLiteTable3.TSQLitePreparedStatement.BindParams
 0001:000136E8       SQLiteTable3.TSQLitePreparedStatement.ClearParams
 0001:0001388C       SQLiteTable3.TSQLitePreparedStatement.Create
 0001:00013728       SQLiteTable3.TSQLitePreparedStatement.Create
 0001:000138E0       SQLiteTable3.TSQLitePreparedStatement.Create
 0001:00013964       SQLiteTable3.TSQLitePreparedStatement.Destroy
 0001:000139D4       SQLiteTable3.TSQLitePreparedStatement.ExecQuery
 0001:000139F8       SQLiteTable3.TSQLitePreparedStatement.ExecQuery
 0001:00013A20       SQLiteTable3.TSQLitePreparedStatement.ExecQuery
 0001:00013A84       SQLiteTable3.TSQLitePreparedStatement.ExecQueryIntf
 0001:00013AE8       SQLiteTable3.TSQLitePreparedStatement.ExecQueryIntf
 0001:00013ABC       SQLiteTable3.TSQLitePreparedStatement.ExecQueryIntf
 0001:00013CA8       SQLiteTable3.TSQLitePreparedStatement.ExecSQL
 0001:00013CD0       SQLiteTable3.TSQLitePreparedStatement.ExecSQL
 0001:00013B18       SQLiteTable3.TSQLitePreparedStatement.ExecSQL
 0001:00013C40       SQLiteTable3.TSQLitePreparedStatement.ExecSQL
 0001:00013C64       SQLiteTable3.TSQLitePreparedStatement.ExecSQL
 0001:00013CF4       SQLiteTable3.TSQLitePreparedStatement.ExecSQLAndMapData
 0001:00013CF4       SQLiteTable3.TSQLitePreparedStatement.GetParamCount
 0001:00013D10       SQLiteTable3.TSQLitePreparedStatement.GetParams
 0001:00013D64       SQLiteTable3.TSQLitePreparedStatement.PrepareStatement
 0001:00013D34       SQLiteTable3.TSQLitePreparedStatement.PrepareStatement
 0001:00012C40       SQLiteTable3.TSQLitePreparedStatement.SetParamBlob
 0001:00012C64       SQLiteTable3.TSQLitePreparedStatement.SetParamBlob
 0001:00012C88       SQLiteTable3.TSQLitePreparedStatement.SetParamBlobInternal
 0001:00012DE4       SQLiteTable3.TSQLitePreparedStatement.SetParamDate
 0001:00012BD8       SQLiteTable3.TSQLitePreparedStatement.SetParamDate
 0001:00012E4C       SQLiteTable3.TSQLitePreparedStatement.SetParamDateTime
 0001:00012B70       SQLiteTable3.TSQLitePreparedStatement.SetParamDateTime
 0001:00012EB4       SQLiteTable3.TSQLitePreparedStatement.SetParamFloat
 0001:00012F40       SQLiteTable3.TSQLitePreparedStatement.SetParamFloat
 0001:00012EDC       SQLiteTable3.TSQLitePreparedStatement.SetParamFloatInternal
 0001:00012F68       SQLiteTable3.TSQLitePreparedStatement.SetParamInt
 0001:00012F90       SQLiteTable3.TSQLitePreparedStatement.SetParamInt
 0001:00012FB8       SQLiteTable3.TSQLitePreparedStatement.SetParamIntInternal
 0001:0001303C       SQLiteTable3.TSQLitePreparedStatement.SetParamNull
 0001:0001301C       SQLiteTable3.TSQLitePreparedStatement.SetParamNull
 0001:0001305C       SQLiteTable3.TSQLitePreparedStatement.SetParamNullInternal
 0001:000130B0       SQLiteTable3.TSQLitePreparedStatement.SetParams
 0001:00013398       SQLiteTable3.TSQLitePreparedStatement.SetParamText
 0001:000133BC       SQLiteTable3.TSQLitePreparedStatement.SetParamText
 0001:000133E0       SQLiteTable3.TSQLitePreparedStatement.SetParamTextInternal
 0001:00013444       SQLiteTable3.TSQLitePreparedStatement.SetParamVariant
 0001:00013468       SQLiteTable3.TSQLitePreparedStatement.SetParamVariant
 0001:0001348C       SQLiteTable3.TSQLitePreparedStatement.SetParamVariantInternal
 0001:0001366C       SQLiteTable3.TSQLitePreparedStatement.SetSQL
 0001:00010B88       SQLiteTable3.TSQLiteTable.Create
 0001:0001119C       SQLiteTable3.TSQLiteTable.Destroy
 0001:00011718       SQLiteTable3.TSQLiteTable.FieldAsBlob
 0001:00011828       SQLiteTable3.TSQLiteTable.FieldAsBlobText
 0001:00011A68       SQLiteTable3.TSQLiteTable.FieldAsDouble
 0001:000118E0       SQLiteTable3.TSQLiteTable.FieldAsInteger
 0001:00011BD8       SQLiteTable3.TSQLiteTable.FieldAsString
 0001:00011C80       SQLiteTable3.TSQLiteTable.FieldIsNull
 0001:000113F8       SQLiteTable3.TSQLiteTable.GetBOF
 0001:00011304       SQLiteTable3.TSQLiteTable.GetColumns
 0001:00011398       SQLiteTable3.TSQLiteTable.GetCount
 0001:0001132C       SQLiteTable3.TSQLiteTable.GetCountResult
 0001:000113B4       SQLiteTable3.TSQLiteTable.GetEOF
 0001:00011440       SQLiteTable3.TSQLiteTable.GetFieldIndex
 0001:000115F0       SQLiteTable3.TSQLiteTable.GetFields
 0001:00011414       SQLiteTable3.TSQLiteTable.GetFieldValByName
 0001:000113D4       SQLiteTable3.TSQLiteTable.GetIsLastRow
 0001:00011D70       SQLiteTable3.TSQLiteTable.MoveFirst
 0001:00011D9C       SQLiteTable3.TSQLiteTable.MoveLast
 0001:00011DCC       SQLiteTable3.TSQLiteTable.MoveTo
 0001:00011D18       SQLiteTable3.TSQLiteTable.Next
 0001:00011D44       SQLiteTable3.TSQLiteTable.Previous
 0001:00011E04       SQLiteTable3.TSQLiteUniTable.Create
 0001:00011EF4       SQLiteTable3.TSQLiteUniTable.Create
 0001:00011E60       SQLiteTable3.TSQLiteUniTable.Create
 0001:00011F50       SQLiteTable3.TSQLiteUniTable.Destroy
 0001:0001222C       SQLiteTable3.TSQLiteUniTable.FieldAsBlob
 0001:000122C4       SQLiteTable3.TSQLiteUniTable.FieldAsBlobPtr
 0001:00012310       SQLiteTable3.TSQLiteUniTable.FieldAsBlobText
 0001:000123F4       SQLiteTable3.TSQLiteUniTable.FieldAsDouble
 0001:00012424       SQLiteTable3.TSQLiteUniTable.FieldAsInteger
 0001:00012458       SQLiteTable3.TSQLiteUniTable.FieldAsString
 0001:0001247C       SQLiteTable3.TSQLiteUniTable.FieldIsNull
 0001:000124AC       SQLiteTable3.TSQLiteUniTable.FindField
 0001:00012528       SQLiteTable3.TSQLiteUniTable.GetColumns
 0001:00012550       SQLiteTable3.TSQLiteUniTable.GetCurrentRec
 0001:00011FBC       SQLiteTable3.TSQLiteUniTable.GetDataTypes
 0001:000121EC       SQLiteTable3.TSQLiteUniTable.GetEnumerator
 0001:00012210       SQLiteTable3.TSQLiteUniTable.GetEOF
 0001:0001256C       SQLiteTable3.TSQLiteUniTable.GetField
 0001:00012590       SQLiteTable3.TSQLiteUniTable.GetFieldByName
 0001:000125BC       SQLiteTable3.TSQLiteUniTable.GetFieldByNameAsString
 0001:000125E8       SQLiteTable3.TSQLiteUniTable.GetFieldCount
 0001:00012604       SQLiteTable3.TSQLiteUniTable.GetFieldIndex
 0001:000127B4       SQLiteTable3.TSQLiteUniTable.GetFieldsAsString
 0001:000127E8       SQLiteTable3.TSQLiteUniTable.GetFieldsVal
 0001:000129FC       SQLiteTable3.TSQLiteUniTable.GetRow
 0001:00012A18       SQLiteTable3.TSQLiteUniTable.Next
 0001:00012AD0       SQLiteTable3.TSQLiteUniTable.SetField
 0001:00012AE4       SQLiteTable3.TSQLiteUniTable.SetFieldByName
 0001:00012AF8       SQLiteTable3.TSQLiteUniTable.SetFields
 0001:00014BD8       SQLiteTable3.TUniTableEnumerator.Create
 0001:00014C2C       SQLiteTable3.TUniTableEnumerator.Destroy
 0001:00014C68       SQLiteTable3.TUniTableEnumerator.GetCurrent
 0001:00014C88       SQLiteTable3.TUniTableEnumerator.MoveNext
 0001:0000D9E4       SQLiteTable3.TVarDataRecordType.Clear
 0001:0000DA00       SQLiteTable3.TVarDataRecordType.Copy
 0001:0000DA28       SQLiteTable3.TVarDataRecordType.GetProperty
 0001:0000DAB0       SQLiteTable3.TVarDataRecordType.SetProperty
 0001:0000D9A0       SQLiteTable3.VarDataRecord
 0001:0000D9B8       SQLiteTable3.VarDataRecordCreate
 0003:00000098       SQLiteTable3.VarDataRecordType
 0001:00016BF4       SQLiteTable3.{System.Generics.Collections}TDictionary<System.string,System.Integer>.Add
 0001:00016E6C       SQLiteTable3.{System.Generics.Collections}TDictionary<System.string,System.Integer>.AddOrSetValue
 0001:00016D04       SQLiteTable3.{System.Generics.Collections}TDictionary<System.string,System.Integer>.Clear
 0001:00016EE4       SQLiteTable3.{System.Generics.Collections}TDictionary<System.string,System.Integer>.ContainsKey
 0001:00016F18       SQLiteTable3.{System.Generics.Collections}TDictionary<System.string,System.Integer>.ContainsValue
 0001:000169C0       SQLiteTable3.{System.Generics.Collections}TDictionary<System.string,System.Integer>.Create
 0001:000168F0       SQLiteTable3.{System.Generics.Collections}TDictionary<System.string,System.Integer>.Create
 0001:00016AB0       SQLiteTable3.{System.Generics.Collections}TDictionary<System.string,System.Integer>.Create
 0001:00016858       SQLiteTable3.{System.Generics.Collections}TDictionary<System.string,System.Integer>.Create
 0001:000168A4       SQLiteTable3.{System.Generics.Collections}TDictionary<System.string,System.Integer>.Create
 0001:00016BA4       SQLiteTable3.{System.Generics.Collections}TDictionary<System.string,System.Integer>.Destroy
 0001:000165A8       SQLiteTable3.{System.Generics.Collections}TDictionary<System.string,System.Integer>.DoAdd
 0001:000167D4       SQLiteTable3.{System.Generics.Collections}TDictionary<System.string,System.Integer>.DoGetEnumerator
 0001:00016674       SQLiteTable3.{System.Generics.Collections}TDictionary<System.string,System.Integer>.DoRemove
 0001:0001661C       SQLiteTable3.{System.Generics.Collections}TDictionary<System.string,System.Integer>.DoSetValue
 0001:00016CA0       SQLiteTable3.{System.Generics.Collections}TDictionary<System.string,System.Integer>.ExtractPair
 0001:0001636C       SQLiteTable3.{System.Generics.Collections}TDictionary<System.string,System.Integer>.GetBucketIndex
 0001:00017058       SQLiteTable3.{System.Generics.Collections}TDictionary<System.string,System.Integer>.GetEnumerator
 0001:00016450       SQLiteTable3.{System.Generics.Collections}TDictionary<System.string,System.Integer>.GetItem
 0001:00016FE8       SQLiteTable3.{System.Generics.Collections}TDictionary<System.string,System.Integer>.GetKeys
 0001:00017020       SQLiteTable3.{System.Generics.Collections}TDictionary<System.string,System.Integer>.GetValues
 0001:00016334       SQLiteTable3.{System.Generics.Collections}TDictionary<System.string,System.Integer>.Grow
 0001:00016420       SQLiteTable3.{System.Generics.Collections}TDictionary<System.string,System.Integer>.Hash
 0001:000167F0       SQLiteTable3.{System.Generics.Collections}TDictionary<System.string,System.Integer>.KeyNotify
 0001:000161E4       SQLiteTable3.{System.Generics.Collections}TDictionary<System.string,System.Integer>.Rehash
 0001:00016540       SQLiteTable3.{System.Generics.Collections}TDictionary<System.string,System.Integer>.RehashAdd
 0001:00016C74       SQLiteTable3.{System.Generics.Collections}TDictionary<System.string,System.Integer>.Remove
 0001:00016178       SQLiteTable3.{System.Generics.Collections}TDictionary<System.string,System.Integer>.SetCapacity
 0001:000164B0       SQLiteTable3.{System.Generics.Collections}TDictionary<System.string,System.Integer>.SetItem
 0001:000172B0       SQLiteTable3.{System.Generics.Collections}TDictionary<System.string,System.Integer>.TKeyCollection.Create
 0001:00017294       SQLiteTable3.{System.Generics.Collections}TDictionary<System.string,System.Integer>.TKeyCollection.DoGetEnumerator
 0001:00017278       SQLiteTable3.{System.Generics.Collections}TDictionary<System.string,System.Integer>.TKeyCollection.GetCount
 0001:00017300       SQLiteTable3.{System.Generics.Collections}TDictionary<System.string,System.Integer>.TKeyCollection.GetEnumerator
 0001:00017328       SQLiteTable3.{System.Generics.Collections}TDictionary<System.string,System.Integer>.TKeyCollection.ToArray
 0001:000173B4       SQLiteTable3.{System.Generics.Collections}TDictionary<System.string,System.Integer>.TKeyEnumerator.Create
 0001:0001737C       SQLiteTable3.{System.Generics.Collections}TDictionary<System.string,System.Integer>.TKeyEnumerator.DoGetCurrent
 0001:00017398       SQLiteTable3.{System.Generics.Collections}TDictionary<System.string,System.Integer>.TKeyEnumerator.DoMoveNext
 0001:0001734C       SQLiteTable3.{System.Generics.Collections}TDictionary<System.string,System.Integer>.TKeyEnumerator.GetCurrent
 0001:0001740C       SQLiteTable3.{System.Generics.Collections}TDictionary<System.string,System.Integer>.TKeyEnumerator.MoveNext
 0001:00016FC4       SQLiteTable3.{System.Generics.Collections}TDictionary<System.string,System.Integer>.ToArray
 0001:0001785C       SQLiteTable3.{System.Generics.Collections}TDictionary<System.string,System.Integer>.TPairEnumerator.Create
 0001:00017824       SQLiteTable3.{System.Generics.Collections}TDictionary<System.string,System.Integer>.TPairEnumerator.DoGetCurrent
 0001:00017840       SQLiteTable3.{System.Generics.Collections}TDictionary<System.string,System.Integer>.TPairEnumerator.DoMoveNext
 0001:000177D8       SQLiteTable3.{System.Generics.Collections}TDictionary<System.string,System.Integer>.TPairEnumerator.GetCurrent
 0001:000178B4       SQLiteTable3.{System.Generics.Collections}TDictionary<System.string,System.Integer>.TPairEnumerator.MoveNext
 0001:00016DF0       SQLiteTable3.{System.Generics.Collections}TDictionary<System.string,System.Integer>.TrimExcess
 0001:00016E0C       SQLiteTable3.{System.Generics.Collections}TDictionary<System.string,System.Integer>.TryGetValue
 0001:0001762C       SQLiteTable3.{System.Generics.Collections}TDictionary<System.string,System.Integer>.TValueCollection.Create
 0001:00017610       SQLiteTable3.{System.Generics.Collections}TDictionary<System.string,System.Integer>.TValueCollection.DoGetEnumerator
 0001:000175F4       SQLiteTable3.{System.Generics.Collections}TDictionary<System.string,System.Integer>.TValueCollection.GetCount
 0001:0001767C       SQLiteTable3.{System.Generics.Collections}TDictionary<System.string,System.Integer>.TValueCollection.GetEnumerator
 0001:000176A4       SQLiteTable3.{System.Generics.Collections}TDictionary<System.string,System.Integer>.TValueCollection.ToArray
 0001:0001772C       SQLiteTable3.{System.Generics.Collections}TDictionary<System.string,System.Integer>.TValueEnumerator.Create
 0001:000176F4       SQLiteTable3.{System.Generics.Collections}TDictionary<System.string,System.Integer>.TValueEnumerator.DoGetCurrent
 0001:00017710       SQLiteTable3.{System.Generics.Collections}TDictionary<System.string,System.Integer>.TValueEnumerator.DoMoveNext
 0001:000176C8       SQLiteTable3.{System.Generics.Collections}TDictionary<System.string,System.Integer>.TValueEnumerator.GetCurrent
 0001:00017784       SQLiteTable3.{System.Generics.Collections}TDictionary<System.string,System.Integer>.TValueEnumerator.MoveNext
 0001:00016824       SQLiteTable3.{System.Generics.Collections}TDictionary<System.string,System.Integer>.ValueNotify
 0001:00014DC4       SQLiteTable3.{System.Generics.Collections}TEnumerable<SQLiteTable3.PSQLiteFuncs>.GetEnumerator
 0001:00014DE0       SQLiteTable3.{System.Generics.Collections}TEnumerable<SQLiteTable3.PSQLiteFuncs>.ToArray
 0001:00014D24       SQLiteTable3.{System.Generics.Collections}TEnumerable<SQLiteTable3.PSQLiteFuncs>.ToArrayImpl
 0001:00016044       SQLiteTable3.{System.Generics.Collections}TEnumerable<SQLiteTable3.TPair<System.string,System.Integer>>.GetEnumerator
 0001:00016060       SQLiteTable3.{System.Generics.Collections}TEnumerable<SQLiteTable3.TPair<System.string,System.Integer>>.ToArray
 0001:00015F5C       SQLiteTable3.{System.Generics.Collections}TEnumerable<SQLiteTable3.TPair<System.string,System.Integer>>.ToArrayImpl
 0001:00018CE4       SQLiteTable3.{System.Generics.Collections}TEnumerable<SQLiteTable3.TSQLiteField>.GetEnumerator
 0001:00018D00       SQLiteTable3.{System.Generics.Collections}TEnumerable<SQLiteTable3.TSQLiteField>.ToArray
 0001:00018C44       SQLiteTable3.{System.Generics.Collections}TEnumerable<SQLiteTable3.TSQLiteField>.ToArrayImpl
 0001:000179A8       SQLiteTable3.{System.Generics.Collections}TEnumerable<SQLiteTable3.TSQliteParam>.GetEnumerator
 0001:000179C4       SQLiteTable3.{System.Generics.Collections}TEnumerable<SQLiteTable3.TSQliteParam>.ToArray
 0001:00017908       SQLiteTable3.{System.Generics.Collections}TEnumerable<SQLiteTable3.TSQliteParam>.ToArrayImpl
 0001:00017500       SQLiteTable3.{System.Generics.Collections}TEnumerable<System.Integer>.GetEnumerator
 0001:0001751C       SQLiteTable3.{System.Generics.Collections}TEnumerable<System.Integer>.ToArray
 0001:00017460       SQLiteTable3.{System.Generics.Collections}TEnumerable<System.Integer>.ToArrayImpl
 0001:00017154       SQLiteTable3.{System.Generics.Collections}TEnumerable<System.string>.GetEnumerator
 0001:00017170       SQLiteTable3.{System.Generics.Collections}TEnumerable<System.string>.ToArray
 0001:0001707C       SQLiteTable3.{System.Generics.Collections}TEnumerable<System.string>.ToArrayImpl
 0001:00014E9C       SQLiteTable3.{System.Generics.Collections}TEnumerator<SQLiteTable3.PSQLiteFuncs>.MoveNext
 0001:0001615C       SQLiteTable3.{System.Generics.Collections}TEnumerator<SQLiteTable3.TPair<System.string,System.Integer>>.MoveNext
 0001:00018DBC       SQLiteTable3.{System.Generics.Collections}TEnumerator<SQLiteTable3.TSQLiteField>.MoveNext
 0001:00017A80       SQLiteTable3.{System.Generics.Collections}TEnumerator<SQLiteTable3.TSQliteParam>.MoveNext
 0001:000175D8       SQLiteTable3.{System.Generics.Collections}TEnumerator<System.Integer>.MoveNext
 0001:0001725C       SQLiteTable3.{System.Generics.Collections}TEnumerator<System.string>.MoveNext
 0001:000153F4       SQLiteTable3.{System.Generics.Collections}TList<SQLiteTable3.PSQLiteFuncs>.Add
 0001:00015470       SQLiteTable3.{System.Generics.Collections}TList<SQLiteTable3.PSQLiteFuncs>.AddRange
 0001:00015448       SQLiteTable3.{System.Generics.Collections}TList<SQLiteTable3.PSQLiteFuncs>.AddRange
 0001:00015494       SQLiteTable3.{System.Generics.Collections}TList<SQLiteTable3.PSQLiteFuncs>.AddRange
 0001:00015CFC       SQLiteTable3.{System.Generics.Collections}TList<SQLiteTable3.PSQLiteFuncs>.BinarySearch
 0001:00015D4C       SQLiteTable3.{System.Generics.Collections}TList<SQLiteTable3.PSQLiteFuncs>.BinarySearch
 0001:00015B1C       SQLiteTable3.{System.Generics.Collections}TList<SQLiteTable3.PSQLiteFuncs>.Clear
 0001:00015B3C       SQLiteTable3.{System.Generics.Collections}TList<SQLiteTable3.PSQLiteFuncs>.Contains
 0001:000151EC       SQLiteTable3.{System.Generics.Collections}TList<SQLiteTable3.PSQLiteFuncs>.Create
 0001:00015270       SQLiteTable3.{System.Generics.Collections}TList<SQLiteTable3.PSQLiteFuncs>.Create
 0001:00015318       SQLiteTable3.{System.Generics.Collections}TList<SQLiteTable3.PSQLiteFuncs>.Create
 0001:000157C0       SQLiteTable3.{System.Generics.Collections}TList<SQLiteTable3.PSQLiteFuncs>.Delete
 0001:000157E0       SQLiteTable3.{System.Generics.Collections}TList<SQLiteTable3.PSQLiteFuncs>.DeleteRange
 0001:000153B8       SQLiteTable3.{System.Generics.Collections}TList<SQLiteTable3.PSQLiteFuncs>.Destroy
 0001:000150DC       SQLiteTable3.{System.Generics.Collections}TList<SQLiteTable3.PSQLiteFuncs>.DoDelete
 0001:0001519C       SQLiteTable3.{System.Generics.Collections}TList<SQLiteTable3.PSQLiteFuncs>.DoGetEnumerator
 0001:000159A4       SQLiteTable3.{System.Generics.Collections}TList<SQLiteTable3.PSQLiteFuncs>.Exchange
 0001:00015958       SQLiteTable3.{System.Generics.Collections}TList<SQLiteTable3.PSQLiteFuncs>.Extract
 0001:00015AD8       SQLiteTable3.{System.Generics.Collections}TList<SQLiteTable3.PSQLiteFuncs>.First
 0001:00014EB8       SQLiteTable3.{System.Generics.Collections}TList<SQLiteTable3.PSQLiteFuncs>.GetCapacity
 0001:00015E18       SQLiteTable3.{System.Generics.Collections}TList<SQLiteTable3.PSQLiteFuncs>.GetEnumerator
 0001:00014F8C       SQLiteTable3.{System.Generics.Collections}TList<SQLiteTable3.PSQLiteFuncs>.GetItem
 0001:00015050       SQLiteTable3.{System.Generics.Collections}TList<SQLiteTable3.PSQLiteFuncs>.Grow
 0001:000150A4       SQLiteTable3.{System.Generics.Collections}TList<SQLiteTable3.PSQLiteFuncs>.GrowCheck
 0001:00015B60       SQLiteTable3.{System.Generics.Collections}TList<SQLiteTable3.PSQLiteFuncs>.IndexOf
 0001:000154B8       SQLiteTable3.{System.Generics.Collections}TList<SQLiteTable3.PSQLiteFuncs>.Insert
 0001:0001570C       SQLiteTable3.{System.Generics.Collections}TList<SQLiteTable3.PSQLiteFuncs>.InsertRange
 0001:00015578       SQLiteTable3.{System.Generics.Collections}TList<SQLiteTable3.PSQLiteFuncs>.InsertRange
 0001:00015688       SQLiteTable3.{System.Generics.Collections}TList<SQLiteTable3.PSQLiteFuncs>.InsertRange
 0001:00015AF8       SQLiteTable3.{System.Generics.Collections}TList<SQLiteTable3.PSQLiteFuncs>.Last
 0001:00015BC0       SQLiteTable3.{System.Generics.Collections}TList<SQLiteTable3.PSQLiteFuncs>.LastIndexOf
 0001:000159F0       SQLiteTable3.{System.Generics.Collections}TList<SQLiteTable3.PSQLiteFuncs>.Move
 0001:000151B8       SQLiteTable3.{System.Generics.Collections}TList<SQLiteTable3.PSQLiteFuncs>.Notify
 0001:0001578C       SQLiteTable3.{System.Generics.Collections}TList<SQLiteTable3.PSQLiteFuncs>.Remove
 0001:00015C1C       SQLiteTable3.{System.Generics.Collections}TList<SQLiteTable3.PSQLiteFuncs>.Reverse
 0001:00014ED8       SQLiteTable3.{System.Generics.Collections}TList<SQLiteTable3.PSQLiteFuncs>.SetCapacity
 0001:00014F1C       SQLiteTable3.{System.Generics.Collections}TList<SQLiteTable3.PSQLiteFuncs>.SetCount
 0001:00014FD8       SQLiteTable3.{System.Generics.Collections}TList<SQLiteTable3.PSQLiteFuncs>.SetItem
 0001:00015C84       SQLiteTable3.{System.Generics.Collections}TList<SQLiteTable3.PSQLiteFuncs>.Sort
 0001:00015CC0       SQLiteTable3.{System.Generics.Collections}TList<SQLiteTable3.PSQLiteFuncs>.Sort
 0001:00015E98       SQLiteTable3.{System.Generics.Collections}TList<SQLiteTable3.PSQLiteFuncs>.TEnumerator.Create
 0001:00015E60       SQLiteTable3.{System.Generics.Collections}TList<SQLiteTable3.PSQLiteFuncs>.TEnumerator.DoGetCurrent
 0001:00015E7C       SQLiteTable3.{System.Generics.Collections}TList<SQLiteTable3.PSQLiteFuncs>.TEnumerator.DoMoveNext
 0001:00015E3C       SQLiteTable3.{System.Generics.Collections}TList<SQLiteTable3.PSQLiteFuncs>.TEnumerator.GetCurrent
 0001:00015EF0       SQLiteTable3.{System.Generics.Collections}TList<SQLiteTable3.PSQLiteFuncs>.TEnumerator.MoveNext
 0001:00015DB4       SQLiteTable3.{System.Generics.Collections}TList<SQLiteTable3.PSQLiteFuncs>.ToArray
 0001:00015D9C       SQLiteTable3.{System.Generics.Collections}TList<SQLiteTable3.PSQLiteFuncs>.TrimExcess
 0001:0001A744       SQLiteTable3.{System.Generics.Collections}TList<SQLiteTable3.TPair<System.string,System.Integer>>.Add
 0001:0001A7CC       SQLiteTable3.{System.Generics.Collections}TList<SQLiteTable3.TPair<System.string,System.Integer>>.AddRange
 0001:0001A7A4       SQLiteTable3.{System.Generics.Collections}TList<SQLiteTable3.TPair<System.string,System.Integer>>.AddRange
 0001:0001A7F0       SQLiteTable3.{System.Generics.Collections}TList<SQLiteTable3.TPair<System.string,System.Integer>>.AddRange
 0001:0001B258       SQLiteTable3.{System.Generics.Collections}TList<SQLiteTable3.TPair<System.string,System.Integer>>.BinarySearch
 0001:0001B208       SQLiteTable3.{System.Generics.Collections}TList<SQLiteTable3.TPair<System.string,System.Integer>>.BinarySearch
 0001:0001AFC8       SQLiteTable3.{System.Generics.Collections}TList<SQLiteTable3.TPair<System.string,System.Integer>>.Clear
 0001:0001AFE8       SQLiteTable3.{System.Generics.Collections}TList<SQLiteTable3.TPair<System.string,System.Integer>>.Contains
 0001:0001A53C       SQLiteTable3.{System.Generics.Collections}TList<SQLiteTable3.TPair<System.string,System.Integer>>.Create
 0001:0001A5C0       SQLiteTable3.{System.Generics.Collections}TList<SQLiteTable3.TPair<System.string,System.Integer>>.Create
 0001:0001A668       SQLiteTable3.{System.Generics.Collections}TList<SQLiteTable3.TPair<System.string,System.Integer>>.Create
 0001:0001AB8C       SQLiteTable3.{System.Generics.Collections}TList<SQLiteTable3.TPair<System.string,System.Integer>>.Delete
 0001:0001ABAC       SQLiteTable3.{System.Generics.Collections}TList<SQLiteTable3.TPair<System.string,System.Integer>>.DeleteRange
 0001:0001A708       SQLiteTable3.{System.Generics.Collections}TList<SQLiteTable3.TPair<System.string,System.Integer>>.Destroy
 0001:0001A3D0       SQLiteTable3.{System.Generics.Collections}TList<SQLiteTable3.TPair<System.string,System.Integer>>.DoDelete
 0001:0001A4EC       SQLiteTable3.{System.Generics.Collections}TList<SQLiteTable3.TPair<System.string,System.Integer>>.DoGetEnumerator
 0001:0001AD8C       SQLiteTable3.{System.Generics.Collections}TList<SQLiteTable3.TPair<System.string,System.Integer>>.Exchange
 0001:0001AD24       SQLiteTable3.{System.Generics.Collections}TList<SQLiteTable3.TPair<System.string,System.Integer>>.Extract
 0001:0001AF84       SQLiteTable3.{System.Generics.Collections}TList<SQLiteTable3.TPair<System.string,System.Integer>>.First
 0001:0001A14C       SQLiteTable3.{System.Generics.Collections}TList<SQLiteTable3.TPair<System.string,System.Integer>>.GetCapacity
 0001:0001B36C       SQLiteTable3.{System.Generics.Collections}TList<SQLiteTable3.TPair<System.string,System.Integer>>.GetEnumerator
 0001:0001A220       SQLiteTable3.{System.Generics.Collections}TList<SQLiteTable3.TPair<System.string,System.Integer>>.GetItem
 0001:0001A344       SQLiteTable3.{System.Generics.Collections}TList<SQLiteTable3.TPair<System.string,System.Integer>>.Grow
 0001:0001A398       SQLiteTable3.{System.Generics.Collections}TList<SQLiteTable3.TPair<System.string,System.Integer>>.GrowCheck
 0001:0001B00C       SQLiteTable3.{System.Generics.Collections}TList<SQLiteTable3.TPair<System.string,System.Integer>>.IndexOf
 0001:0001A814       SQLiteTable3.{System.Generics.Collections}TList<SQLiteTable3.TPair<System.string,System.Integer>>.Insert
 0001:0001A8DC       SQLiteTable3.{System.Generics.Collections}TList<SQLiteTable3.TPair<System.string,System.Integer>>.InsertRange
 0001:0001A9F8       SQLiteTable3.{System.Generics.Collections}TList<SQLiteTable3.TPair<System.string,System.Integer>>.InsertRange
 0001:0001AA98       SQLiteTable3.{System.Generics.Collections}TList<SQLiteTable3.TPair<System.string,System.Integer>>.InsertRange
 0001:0001AFA4       SQLiteTable3.{System.Generics.Collections}TList<SQLiteTable3.TPair<System.string,System.Integer>>.Last
 0001:0001B06C       SQLiteTable3.{System.Generics.Collections}TList<SQLiteTable3.TPair<System.string,System.Integer>>.LastIndexOf
 0001:0001AE38       SQLiteTable3.{System.Generics.Collections}TList<SQLiteTable3.TPair<System.string,System.Integer>>.Move
 0001:0001A508       SQLiteTable3.{System.Generics.Collections}TList<SQLiteTable3.TPair<System.string,System.Integer>>.Notify
 0001:0001AB58       SQLiteTable3.{System.Generics.Collections}TList<SQLiteTable3.TPair<System.string,System.Integer>>.Remove
 0001:0001B0C8       SQLiteTable3.{System.Generics.Collections}TList<SQLiteTable3.TPair<System.string,System.Integer>>.Reverse
 0001:0001A16C       SQLiteTable3.{System.Generics.Collections}TList<SQLiteTable3.TPair<System.string,System.Integer>>.SetCapacity
 0001:0001A1B0       SQLiteTable3.{System.Generics.Collections}TList<SQLiteTable3.TPair<System.string,System.Integer>>.SetCount
 0001:0001A278       SQLiteTable3.{System.Generics.Collections}TList<SQLiteTable3.TPair<System.string,System.Integer>>.SetItem
 0001:0001B190       SQLiteTable3.{System.Generics.Collections}TList<SQLiteTable3.TPair<System.string,System.Integer>>.Sort
 0001:0001B1CC       SQLiteTable3.{System.Generics.Collections}TList<SQLiteTable3.TPair<System.string,System.Integer>>.Sort
 0001:0001B3EC       SQLiteTable3.{System.Generics.Collections}TList<SQLiteTable3.TPair<System.string,System.Integer>>.TEnumerator.Create
 0001:0001B3B4       SQLiteTable3.{System.Generics.Collections}TList<SQLiteTable3.TPair<System.string,System.Integer>>.TEnumerator.DoGetCurrent
 0001:0001B3D0       SQLiteTable3.{System.Generics.Collections}TList<SQLiteTable3.TPair<System.string,System.Integer>>.TEnumerator.DoMoveNext
 0001:0001B390       SQLiteTable3.{System.Generics.Collections}TList<SQLiteTable3.TPair<System.string,System.Integer>>.TEnumerator.GetCurrent
 0001:0001B444       SQLiteTable3.{System.Generics.Collections}TList<SQLiteTable3.TPair<System.string,System.Integer>>.TEnumerator.MoveNext
 0001:0001B2C0       SQLiteTable3.{System.Generics.Collections}TList<SQLiteTable3.TPair<System.string,System.Integer>>.ToArray
 0001:0001B2A8       SQLiteTable3.{System.Generics.Collections}TList<SQLiteTable3.TPair<System.string,System.Integer>>.TrimExcess
 0001:00019314       SQLiteTable3.{System.Generics.Collections}TList<SQLiteTable3.TSQLiteField>.Add
 0001:00019368       SQLiteTable3.{System.Generics.Collections}TList<SQLiteTable3.TSQLiteField>.AddRange
 0001:000193B4       SQLiteTable3.{System.Generics.Collections}TList<SQLiteTable3.TSQLiteField>.AddRange
 0001:00019390       SQLiteTable3.{System.Generics.Collections}TList<SQLiteTable3.TSQLiteField>.AddRange
 0001:00019C6C       SQLiteTable3.{System.Generics.Collections}TList<SQLiteTable3.TSQLiteField>.BinarySearch
 0001:00019C1C       SQLiteTable3.{System.Generics.Collections}TList<SQLiteTable3.TSQLiteField>.BinarySearch
 0001:00019A3C       SQLiteTable3.{System.Generics.Collections}TList<SQLiteTable3.TSQLiteField>.Clear
 0001:00019A5C       SQLiteTable3.{System.Generics.Collections}TList<SQLiteTable3.TSQLiteField>.Contains
 0001:00019190       SQLiteTable3.{System.Generics.Collections}TList<SQLiteTable3.TSQLiteField>.Create
 0001:0001910C       SQLiteTable3.{System.Generics.Collections}TList<SQLiteTable3.TSQLiteField>.Create
 0001:00019238       SQLiteTable3.{System.Generics.Collections}TList<SQLiteTable3.TSQLiteField>.Create
 0001:000196E0       SQLiteTable3.{System.Generics.Collections}TList<SQLiteTable3.TSQLiteField>.Delete
 0001:00019700       SQLiteTable3.{System.Generics.Collections}TList<SQLiteTable3.TSQLiteField>.DeleteRange
 0001:000192D8       SQLiteTable3.{System.Generics.Collections}TList<SQLiteTable3.TSQLiteField>.Destroy
 0001:00018FFC       SQLiteTable3.{System.Generics.Collections}TList<SQLiteTable3.TSQLiteField>.DoDelete
 0001:000190BC       SQLiteTable3.{System.Generics.Collections}TList<SQLiteTable3.TSQLiteField>.DoGetEnumerator
 0001:000198C4       SQLiteTable3.{System.Generics.Collections}TList<SQLiteTable3.TSQLiteField>.Exchange
[...]

   533 0001:0001E568   534 0001:0001E5A2   537 0001:0001E5BC   538 0001:0001E5C2
   539 0001:0001E5C8   542 0001:0001E5E9   541 0001:0001E5EC   544 0001:0001E606
   543 0001:0001E609   545 0001:0001E621   547 0001:0001E629   549 0001:0001E631
   550 0001:0001E648   551 0001:0001E665   553 0001:0001E67C   554 0001:0001E67F
   556 0001:0001E682   557 0001:0001E68E   558 0001:0001E696   559 0001:0001E6B0
   560 0001:0001E6B6   561 0001:0001E6C2

Line numbers for SQLiteTable3(System.Generics.Defaults.pas) segment .text

  1497 0001:0001E6F4  1498 0001:0001E70F  1499 0001:0001E71D

Line numbers for SQLiteTable3(System.Generics.Defaults.pas) segment .text

  1502 0001:0001E73C  1503 0001:0001E74C  1504 0001:0001E760

Line numbers for SQLiteTable3(System.Generics.Collections.pas) segment .text

   533 0001:0001E768   534 0001:0001E78E   537 0001:0001E7A8   538 0001:0001E7AE
   539 0001:0001E7B4   542 0001:0001E7CF   541 0001:0001E7D2   544 0001:0001E7EC
   543 0001:0001E7EF   545 0001:0001E807   547 0001:0001E80F   549 0001:0001E817
   550 0001:0001E828   551 0001:0001E83F   553 0001:0001E850   554 0001:0001E853
   556 0001:0001E856   557 0001:0001E862   558 0001:0001E86A   559 0001:0001E884
   560 0001:0001E88A   561 0001:0001E896

Line numbers for SQLiteTable3(System.Generics.Defaults.pas) segment .text

  1497 0001:0001E8C0  1498 0001:0001E8DB  1499 0001:0001E8E9

Line numbers for SQLiteTable3(System.Generics.Defaults.pas) segment .text

  1502 0001:0001E908  1503 0001:0001E918  1504 0001:0001E92C

Line numbers for SQLiteTable3(System.Generics.Collections.pas) segment .text

   533 0001:0001E934   534 0001:0001E944   537 0001:0001E95E   538 0001:0001E964
   539 0001:0001E96A   542 0001:0001E980   541 0001:0001E983   544 0001:0001E99D
   543 0001:0001E9A0   545 0001:0001E9B8   547 0001:0001E9C0   549 0001:0001E9C8
   550 0001:0001E9D4   551 0001:0001E9E6   553 0001:0001E9F2   554 0001:0001E9F5
   556 0001:0001E9F8   557 0001:0001EA00   558 0001:0001EA08   559 0001:0001EA22
   560 0001:0001EA28   561 0001:0001EA34

Line numbers for SQLite3Dataset(SQLite3Dataset.pas) segment .text

   121 0001:00024E6C   122 0001:00024EAF   124 0001:00024EC9   125 0001:00024EE2
   128 0001:00024EE6   131 0001:00024EF2   135 0001:00024F10   138 0001:00024F34
   139 0001:00024F42   142 0001:00024F4C   143 0001:00024F61   145 0001:00024F67
   147 0001:00024F8D   149 0001:00024F93   154 0001:00024FCF   156 0001:00024FD5
   157 0001:00024FDB   161 0001:00024FE8   163 0001:00025010   122 0001:00025013
   164 0001:0002501C   167 0001:00025120   168 0001:0002512F   169 0001:0002513D
   171 0001:00025143   172 0001:00025151   173 0001:0002515E   174 0001:0002516C
   176 0001:00025177   200 0001:0002517C   201 0001:000251AD   204 0001:000251B1
   207 0001:000251C5   208 0001:000251CE   212 0001:000251DF   213 0001:000251E8
   217 0001:000251F9   218 0001:00025202   226 0001:00025211   228 0001:00025225
   230 0001:00025234   231 0001:0002523A   233 0001:00025255   234 0001:00025271
   226 0001:00025274   236 0001:00025279   237 0001:00025287   238 0001:00025292
   240 0001:00025298   242 0001:000252A7   244 0001:000252BE   246 0001:000252CA
   248 0001:000252D5   250 0001:000252FC   259 0001:00025319   262 0001:00025322
   265 0001:00025364   266 0001:00025367   267 0001:00025384   268 0001:000253A1
   269 0001:000253BE   271 0001:000253C0   272 0001:000253EE   273 0001:000253F3
   275 0001:000253F8   276 0001:00025407   278 0001:00025412   281 0001:00025444
   283 0001:0002545E   285 0001:0002546C   286 0001:00025478   287 0001:00025480
   289 0001:0002548E   291 0001:000254AE   292 0001:000254E4   293 0001:0002551A
   297 0001:00025550   298 0001:0002555F   299 0001:0002556E   301 0001:0002557D
   302 0001:00025583   303 0001:00025591   304 0001:0002559F   308 0001:000255A6
   310 0001:000255B4   314 0001:000255BE   315 0001:000255CC   317 0001:000255D2
   318 0001:000255DA   321 0001:000255DC   322 0001:000255EA   324 0001:000255EF
   326 0001:000255F2   312 0001:000255FA   329 0001:00025606   331 0001:00025614
   335 0001:0002561E   336 0001:0002562C   338 0001:00025632   339 0001:0002563A
   342 0001:0002563C   343 0001:0002564A   345 0001:0002564F   347 0001:00025652
   333 0001:0002565A   350 0001:00025666   353 0001:0002567B   354 0001:00025689
   355 0001:00025697   356 0001:000256A5   357 0001:000256AD   358 0001:000256B5
   360 0001:000256BD   362 0001:000256C3   363 0001:000256D1   365 0001:000256E1
   368 0001:000256EF   370 0001:000256FA   371 0001:00025708   372 0001:0002571A
   375 0001:00025727   379 0001:00025744   380 0001:00025749   382 0001:0002575C
   385 0001:000258C0   386 0001:000258C9   387 0001:000258D8   390 0001:000258E0
   391 0001:000258FB   392 0001:00025908   393 0001:00025913   394 0001:0002591E
   395 0001:00025929   396 0001:00025934   397 0001:0002593F   398 0001:0002594A
   399 0001:00025957   400 0001:00025961   403 0001:00025980   404 0001:00025991
   405 0001:0002599C   406 0001:000259A7   407 0001:000259B2   408 0001:000259BF
   409 0001:000259CD   415 0001:000259E0   416 0001:00025A08   417 0001:00025A0D
   418 0001:00025A15   419 0001:00025A1F   420 0001:00025A2D   422 0001:00025A49
   423 0001:00025A71   420 0001:00025A74   425 0001:00025A79   427 0001:00025A84
   428 0001:00025A8F   430 0001:00025AA7   431 0001:00025ABD   435 0001:00025AC8
   439 0001:00025AED   443 0001:00025B0D   428 0001:00025B10   445 0001:00025B15
   448 0001:00025B2A   449 0001:00025B32   451 0001:00025B44   456 0001:00025B68
   457 0001:00025B90   460 0001:00025BA6   461 0001:00025BAE   464 0001:00025BBE
   466 0001:00025BC6   468 0001:00025BDE   469 0001:00025C0C   466 0001:00025C0F
   471 0001:00025C14   473 0001:00025C1F   462 0001:00025C27   476 0001:00025C33
   479 0001:00025C48   481 0001:00025C58   490 0001:00025C7C   491 0001:00025CAA
   492 0001:00025CDA   493 0001:00025CE9   494 0001:00025CF7   496 0001:00025D05
   498 0001:00025D19   500 0001:00025D28   501 0001:00025D2E   503 0001:00025D49
   504 0001:00025D65   496 0001:00025D68   506 0001:00025D6D   507 0001:00025D78
   508 0001:00025D86   510 0001:00025D92   511 0001:00025D9A   513 0001:00025DB2
   514 0001:00025DE8   511 0001:00025DEB   516 0001:00025DF0   521 0001:00025DFD
   524 0001:00025E12   528 0001:00025E2F   529 0001:00025E37   531 0001:00025E47
   534 0001:00025E8C   535 0001:00025E93   537 0001:00025E9E   540 0001:00025EAB
   541 0001:00025EB8   543 0001:00025EC3   545 0001:00025ECB   546 0001:00025ED6
   553 0001:00025EDC   554 0001:00025EFB   556 0001:00025F29   557 0001:00025F2E
   558 0001:00025F33   560 0001:00025F39   561 0001:00025F66   565 0001:00025F76
   570 0001:00025F7E   572 0001:00025F89   574 0001:00025F8F   575 0001:00025F9A
   576 0001:00025FA4   577 0001:00025FB2   579 0001:00025FCA   584 0001:00025FDD
   585 0001:00025FE3   587 0001:00025FEB   588 0001:00025FF1   590 0001:00025FF9
   595 0001:0002601C   596 0001:00026037   597 0001:00026044   598 0001:00026056
   599 0001:00026068   600 0001:0002607A   601 0001:0002608C   604 0001:000260AC
   605 0001:000260BD   606 0001:000260C8   607 0001:000260D3   608 0001:000260DE
   609 0001:000260E9   610 0001:000260F7   613 0001:0002610C   614 0001:0002611B
   615 0001:00026121   616 0001:0002612F   617 0001:00026135   618 0001:00026143
   619 0001:00026149   620 0001:00026157   621 0001:0002615D   623 0001:0002616B

Line numbers for SQLite3Dataset(SQLite3Dataset.pas) segment .itext

   634 0002:0000017C

Line numbers for SQLite3Dataset(SQLite3Dataset.pas) segment .text

   628 0001:000261B0   629 0001:000261BF   630 0001:000261CA   631 0001:000261D3
   632 0001:000261DC

Line numbers for SQLite3Dataset(System.Generics.Collections.pas) segment .text

  2076 0001:000261E8  2078 0001:00026213  2079 0001:0002622D  2080 0001:00026232
  2082 0001:00026257  2083 0001:00026273  2080 0001:00026276  2084 0001:0002628F
  2085 0001:000262AC

Line numbers for SQLite3Dataset(System.Generics.Collections.pas) segment .text

  2054 0001:000262D4  2055 0001:000262DD  2056 0001:000262E7

Line numbers for SQLite3Dataset(System.Generics.Collections.pas) segment .text

  2062 0001:000262F0  2063 0001:00026318  2064 0001:00026327  2065 0001:00026335
  2066 0001:0002635A  2065 0001:00026365  2066 0001:0002637E  2067 0001:0002639B
  2069 0001:000263B3  2071 0001:000263C3

Line numbers for SQLite3Dataset(System.Generics.Collections.pas) segment .text

  2047 0001:000263EC  2048 0001:000263F5  2049 0001:00026400

Line numbers for SQLite3Dataset(System.Generics.Collections.pas) segment .text

   588 0001:00026408   589 0001:00026411   590 0001:0002641F

Line numbers for SQLite3Dataset(System.Generics.Collections.pas) segment .text

   593 0001:00026428   594 0001:00026434   595 0001:0002643F   596 0001:0002644A
   597 0001:00026467

Line numbers for SQLite3Dataset(System.Generics.Collections.pas) segment .text

   600 0001:0002646C   601 0001:00026478   602 0001:0002647E   603 0001:00026495
   604 0001:000264A2   605 0001:000264AD   606 0001:000264B8   607 0001:000264CC
   608 0001:000264D5

Line numbers for SQLite3Dataset(System.Generics.Collections.pas) segment .text

   611 0001:000264DC   612 0001:000264EB   613 0001:000264FC   614 0001:00026513
   615 0001:00026530

Line numbers for SQLite3Dataset(System.Generics.Collections.pas) segment .text

   620 0001:00026534   621 0001:00026560   622 0001:00026571   624 0001:00026588
   625 0001:000265A5   627 0001:000265C2   628 0001:000265CF   629 0001:000265DC

Line numbers for SQLite3Dataset(System.Generics.Collections.pas) segment .text

   634 0001:00026604   635 0001:00026610   636 0001:0002661E   637 0001:00026624
   640 0001:0002662C   641 0001:00026634   642 0001:0002663A   643 0001:0002663F
   644 0001:00026647   645 0001:00026652

Line numbers for SQLite3Dataset(System.Generics.Collections.pas) segment .text

   648 0001:00026658   649 0001:00026664   650 0001:00026674   651 0001:00026681
   652 0001:00026687   653 0001:0002668C

Line numbers for SQLite3Dataset(System.Generics.Collections.pas) segment .text

   826 0001:00026690   827 0001:000266BD   828 0001:000266CE   829 0001:000266E5
   830 0001:00026702   831 0001:00026723   832 0001:00026729   834 0001:00026734
   835 0001:00026767   837 0001:00026785   838 0001:00026793

Line numbers for SQLite3Dataset(System.Generics.Collections.pas) segment .text

   688 0001:000267BC   689 0001:000267C5   690 0001:000267D0

Line numbers for SQLite3Dataset(System.Generics.Collections.pas) segment .text

   656 0001:000267D8   657 0001:000267E8   658 0001:000267F2   659 0001:00026805

Line numbers for SQLite3Dataset(System.Generics.Defaults.pas) segment .text

    38 0001:00027C52

Line numbers for SQLite3Dataset(System.Generics.Collections.pas) segment .text

   662 0001:0002680C   663 0001:00026837   664 0001:00026851

Line numbers for SQLite3Dataset(System.Generics.Collections.pas) segment .text

   667 0001:00026890   668 0001:000268BF   669 0001:000268C9   670 0001:000268D7
   671 0001:000268E0   672 0001:000268FB

Line numbers for SQLite3Dataset(System.Generics.Collections.pas) segment .text

   675 0001:00026938   676 0001:00026967   677 0001:00026971   678 0001:0002698C
   679 0001:00026999

Line numbers for SQLite3Dataset(System.Generics.Collections.pas) segment .text

   682 0001:000269D8   683 0001:000269E9   684 0001:000269F3   685 0001:00026A01

Line numbers for SQLite3Dataset(System.Generics.Collections.pas) segment .text

   693 0001:00026A14   694 0001:00026A21   695 0001:00026A30   696 0001:00026A39
   697 0001:00026A59   698 0001:00026A5F   699 0001:00026A6C

Line numbers for SQLite3Dataset(System.Generics.Collections.pas) segment .text

   702 0001:00026A74   703 0001:00026A83   704 0001:00026A98

Line numbers for SQLite3Dataset(System.Generics.Collections.pas) segment .text

   707 0001:00026A9C   708 0001:00026AA8   709 0001:00026AB9

Line numbers for SQLite3Dataset(System.Generics.Collections.pas) segment .text

   712 0001:00026AC0   713 0001:00026ACC   714 0001:00026ADD

Line numbers for SQLite3Dataset(System.Generics.Collections.pas) segment .text

   728 0001:00026AE4   729 0001:00026AF4   730 0001:00026B05   732 0001:00026B1C
   733 0001:00026B2B   735 0001:00026B36   736 0001:00026B69   738 0001:00026B84
   739 0001:00026BA1   740 0001:00026BA7   741 0001:00026BB4

Line numbers for SQLite3Dataset(System.Generics.Collections.pas) segment .text

   746 0001:00026BBC   747 0001:00026BCC   748 0001:00026BDD   750 0001:00026BF4
   751 0001:00026C06   753 0001:00026C11   754 0001:00026C47   757 0001:00026C67
   758 0001:00026C7B   757 0001:00026CA7   760 0001:00026CAC   762 0001:00026CB6
   763 0001:00026CCA   762 0001:00026CE3   764 0001:00026CE8

Line numbers for SQLite3Dataset(System.Generics.Collections.pas) segment .text

   769 0001:00026CF0   770 0001:00026D21   772 0001:00026D39   773 0001:00026D47
   770 0001:00026D4A   774 0001:00026D56   775 0001:00026D5E

Line numbers for SQLite3Dataset(System.Generics.Collections.pas) segment .text

   780 0001:00026D90   781 0001:00026DBB   783 0001:00026DE0   784 0001:00026DEE
   781 0001:00026DF1   785 0001:00026E0A   786 0001:00026E27

Line numbers for SQLite3Dataset(System.Generics.Collections.pas) segment .text

   817 0001:00026E50   818 0001:00026E5C   819 0001:00026E6A   820 0001:00026E70
   821 0001:00026E7B

Line numbers for SQLite3Dataset(System.Generics.Collections.pas) segment .text

   841 0001:00026E84   842 0001:00026E90   843 0001:00026E9D

Line numbers for SQLite3Dataset(System.Generics.Collections.pas) segment .text

   849 0001:00026EA4   850 0001:00026EC7   852 0001:00026EEB   853 0001:00026F02
   856 0001:00026F0C   857 0001:00026F26   859 0001:00026F46   860 0001:00026F57
   862 0001:00026F5D   863 0001:00026F8C   867 0001:00026FB3   869 0001:00026FD2
   871 0001:00026FDB   872 0001:00026FF3   871 0001:0002700C   873 0001:00027011

Line numbers for SQLite3Dataset(System.Generics.Collections.pas) segment .text

   800 0001:0002703C   801 0001:0002704C   802 0001:0002705A   803 0001:00027060
   806 0001:00027077   807 0001:00027094   809 0001:000270A1

Line numbers for SQLite3Dataset(System.Generics.Collections.pas) segment .text

   791 0001:000270A8   792 0001:000270D3   793 0001:000270F0   794 0001:00027119
   795 0001:00027136

Line numbers for SQLite3Dataset(System.Generics.Collections.pas) segment .text

   914 0001:00027160   915 0001:0002718C   917 0001:00027198   918 0001:000271A9
   920 0001:000271C0   921 0001:000271DD   922 0001:000271FE   923 0001:00027206
   925 0001:00027238   927 0001:00027268   928 0001:00027283   929 0001:000272A0

Line numbers for SQLite3Dataset(System.Generics.Collections.pas) segment .text

   812 0001:000272C8   813 0001:000272D4   814 0001:000272E1

Line numbers for SQLite3Dataset(System.Generics.Collections.pas) segment .text

   897 0001:000272E8   898 0001:000272F4   899 0001:00027306

Line numbers for SQLite3Dataset(System.Generics.Collections.pas) segment .text

   876 0001:0002730C   877 0001:00027313   878 0001:0002731D   879 0001:00027327

Line numbers for SQLite3Dataset(System.Generics.Collections.pas) segment .text

   882 0001:0002732C   883 0001:00027338   884 0001:00027349

Line numbers for SQLite3Dataset(System.Generics.Collections.pas) segment .text

   889 0001:00027350   890 0001:0002735D   891 0001:00027373   892 0001:00027394
   890 0001:0002739F   893 0001:000273A4   894 0001:000273AB

Line numbers for SQLite3Dataset(System.Generics.Collections.pas) segment .text

   904 0001:000273B4   905 0001:000273C1   906 0001:000273D0   907 0001:000273F1
   905 0001:000273FC   908 0001:00027402   909 0001:00027409

Line numbers for SQLite3Dataset(System.Generics.Collections.pas) segment .text

   935 0001:00027414   936 0001:00027439   937 0001:0002743E   938 0001:00027448
   940 0001:00027450   941 0001:0002746D   942 0001:00027496   943 0001:000274B3
   944 0001:000274B6   938 0001:000274B9   946 0001:000274C1

Line numbers for SQLite3Dataset(System.Generics.Collections.pas) segment .text

   949 0001:000274E8   950 0001:000274F1   951 0001:0002751E

Line numbers for SQLite3Dataset(System.Generics.Collections.pas) segment .text

   954 0001:00027524   955 0001:00027530   956 0001:0002755A

Line numbers for SQLite3Dataset(System.Generics.Collections.pas) segment .text

   717 0001:00027560   718 0001:0002756F   719 0001:000275A7

Line numbers for SQLite3Dataset(System.Generics.Collections.pas) segment .text

   723 0001:000275B0   724 0001:000275BF   725 0001:000275F4

Line numbers for SQLite3Dataset(System.Generics.Collections.pas) segment .text

   968 0001:00027600   969 0001:00027607   970 0001:00027615

Line numbers for SQLite3Dataset(System.Generics.Collections.pas) segment .text

   961 0001:00027618   962 0001:0002763D   963 0001:0002765A   964 0001:00027670
   963 0001:0002769D   965 0001:000276A2

Line numbers for SQLite3Dataset(System.Generics.Collections.pas) segment .text

   973 0001:000276CC   974 0001:000276D5   975 0001:000276E7

Line numbers for SQLite3Dataset(System.Generics.Collections.pas) segment .text

   997 0001:000276F0   998 0001:000276FC   999 0001:00027710

Line numbers for SQLite3Dataset(System.Generics.Collections.pas) segment .text

   987 0001:00027714   988 0001:00027720   989 0001:0002772B

Line numbers for SQLite3Dataset(System.Generics.Collections.pas) segment .text

   992 0001:00027730   993 0001:00027739   994 0001:00027744

Line numbers for SQLite3Dataset(System.Generics.Collections.pas) segment .text

   980 0001:0002774C   981 0001:00027767   982 0001:00027771   983 0001:0002777A
   984 0001:00027784

Line numbers for SQLite3Dataset(System.Generics.Collections.pas) segment .text

  1002 0001:000277A4  1003 0001:000277AD  1004 0001:000277BE  1005 0001:000277C4
  1006 0001:000277CA  1007 0001:000277DD

Line numbers for SQLite3Dataset(System.Generics.Defaults.pas) segment .text

  1641 0001:000277E4  1642 0001:000277F0  1643 0001:0002780C

Line numbers for SQLite3Dataset(System.Generics.Defaults.pas) segment .text

  1646 0001:00027810  1647 0001:0002781F  1648 0001:0002783F

Line numbers for SQLite3Dataset(System.Generics.Collections.pas) segment .text

   575 0001:00027844   576 0001:00027853   579 0001:00027885   580 0001:0002789C
   582 0001:000278A2   583 0001:000278C0

Line numbers for SQLite3Dataset(System.Generics.Collections.pas) segment .text

   484 0001:000278C8   485 0001:000278D8   488 0001:0002790A   489 0001:00027921
   491 0001:00027927   492 0001:0002792F   495 0001:00027935   496 0001:00027939
   497 0001:0002793F   498 0001:00027949   500 0001:00027951   501 0001:0002795F
   502 0001:00027979   503 0001:0002797F   506 0001:00027988   507 0001:0002798F
   508 0001:00027995   498 0001:00027999   511 0001:000279A1   512 0001:000279A9

Line numbers for SQLite3Dataset(System.Generics.Defaults.pas) segment .text

  1497 0001:000279B4  1498 0001:000279CF  1499 0001:000279DD

Line numbers for SQLite3Dataset(System.Generics.Defaults.pas) segment .text

  1502 0001:000279FC  1503 0001:00027A0C  1504 0001:00027A20

Line numbers for SQLite3Dataset(System.Generics.Collections.pas) segment .text

   533 0001:00027A28   534 0001:00027A62   537 0001:00027A7C   538 0001:00027A82
   539 0001:00027A88   542 0001:00027AAC   541 0001:00027AAF   544 0001:00027ACC
   543 0001:00027ACF   545 0001:00027AEA   547 0001:00027AF2   549 0001:00027AFA
   550 0001:00027B14   551 0001:00027B37   553 0001:00027B51   554 0001:00027B54
   556 0001:00027B57   557 0001:00027B63   558 0001:00027B6B   559 0001:00027B85
   560 0001:00027B8B   561 0001:00027B97

Line numbers for SQLite3Register(SQLite3Register.pas) segment .text

    13 0001:00028140    14 0001:00028146    16 0001:00028170

Line numbers for SQLite3Register(SQLite3Register.pas) segment .itext

    18 0002:00000184

Line numbers for .pck_SQLite3(pck_SQLite3.dpk) segment .itext

    38 0002:0000018C

Bound resource files

pck_SQLite3.res
pck_SQLite3.drf


Program entry point at 0002:0000018C
