
 Start         Length     Name                   Class
 0001:00401000 00028448H .text                   CODE
 0002:0042A000 00000194H .itext                  ICODE
 0003:0042B000 000001D8H .data                   DATA
 0004:0042C000 000001A8H .bss                    BSS
 0005:00000000 00000000H .tls                    TLS
 0006:00400000 00000000H .pdata                  PDATA


Detailed map of segments

 0001:00000000 00000288 C=CODE     S=.text    G=(none)   M=System   ACBP=A9
 0001:00000288 000007CC C=CODE     S=.text    G=(none)   M=SysInit  ACBP=A9
 0001:00000A54 000000F8 C=CODE     S=.text    G=(none)   M=Winapi.Windows ACBP=A9
 0001:00000B4C 00000008 C=CODE     S=.text    G=(none)   M=System.Internal.ExcUtils ACBP=A9
 0001:00000B54 000000F8 C=CODE     S=.text    G=(none)   M=System.SysUtils ACBP=A9
 0001:00000C4C 00000008 C=CODE     S=.text    G=(none)   M=System.VarUtils ACBP=A9
 0001:00000C54 00000138 C=CODE     S=.text    G=(none)   M=System.Variants ACBP=A9
 0001:00000D8C 00000008 C=CODE     S=.text    G=(none)   M=System.TypInfo ACBP=A9
 0001:00000D94 00000128 C=CODE     S=.text    G=(none)   M=System.Classes ACBP=A9
 0001:00000EBC 00002BC8 C=CODE     S=.text    G=(none)   M=SQLite3  ACBP=A9
 0001:00003A84 00000008 C=CODE     S=.text    G=(none)   M=System.Math ACBP=A9
 0001:00003A8C 00000008 C=CODE     S=.text    G=(none)   M=System.TimeSpan ACBP=A9
 0001:00003A94 00000008 C=CODE     S=.text    G=(none)   M=System.SyncObjs ACBP=A9
 0001:00003A9C 00000008 C=CODE     S=.text    G=(none)   M=System.StrUtils ACBP=A9
 0001:00003AA4 00000008 C=CODE     S=.text    G=(none)   M=System.Generics.Defaults ACBP=A9
 0001:00003AAC 00000008 C=CODE     S=.text    G=(none)   M=System.Generics.Collections ACBP=A9
 0001:00003AB4 00000008 C=CODE     S=.text    G=(none)   M=System.DateUtils ACBP=A9
 0001:00003ABC 00000008 C=CODE     S=.text    G=(none)   M=Data.SqlTimSt ACBP=A9
 0001:00003AC4 00000008 C=CODE     S=.text    G=(none)   M=Data.FmtBcd ACBP=A9
 0001:00003ACC 00000388 C=CODE     S=.text    G=(none)   M=Data.DB  ACBP=A9
 0001:00003E54 00000008 C=CODE     S=.text    G=(none)   M=System.Rtti ACBP=A9
 0001:00003E5C 0001EF44 C=CODE     S=.text    G=(none)   M=SQLiteTable3 ACBP=A9
 0001:00022DA0 00000010 C=CODE     S=.text    G=(none)   M=System.Win.ComObj ACBP=A9
 0001:00022DB0 00000008 C=CODE     S=.text    G=(none)   M=Datasnap.DSIntf ACBP=A9
 0001:00022DB8 00000008 C=CODE     S=.text    G=(none)   M=Datasnap.Provider ACBP=A9
 0001:00022DC0 000003A0 C=CODE     S=.text    G=(none)   M=Datasnap.DBClient ACBP=A9
 0001:00023160 00004E28 C=CODE     S=.text    G=(none)   M=SQLite3Dataset ACBP=A9
 0001:00027F88 00000058 C=CODE     S=.text    G=(none)   M=SQLite3Register ACBP=A9
 0001:00027FE0 00000468 C=CODE     S=.text    G=(none)   M=.pck_SQLite3 ACBP=A9
 0002:00000000 00000008 C=ICODE    S=.itext   G=(none)   M=System   ACBP=A9
 0002:00000008 00000008 C=ICODE    S=.itext   G=(none)   M=SysInit  ACBP=A9
 0002:00000010 00000018 C=ICODE    S=.itext   G=(none)   M=Winapi.Windows ACBP=A9
 0002:00000028 00000008 C=ICODE    S=.itext   G=(none)   M=System.Internal.ExcUtils ACBP=A9
 0002:00000030 00000028 C=ICODE    S=.itext   G=(none)   M=System.SysUtils ACBP=A9
 0002:00000058 00000008 C=ICODE    S=.itext   G=(none)   M=System.VarUtils ACBP=A9
 0002:00000060 00000008 C=ICODE    S=.itext   G=(none)   M=System.Variants ACBP=A9
 0002:00000068 00000008 C=ICODE    S=.itext   G=(none)   M=System.TypInfo ACBP=A9
 0002:00000070 00000028 C=ICODE    S=.itext   G=(none)   M=System.Classes ACBP=A9
 0002:00000098 0000003C C=ICODE    S=.itext   G=(none)   M=SQLite3  ACBP=A9
 0002:000000D4 00000008 C=ICODE    S=.itext   G=(none)   M=System.Math ACBP=A9
 0002:000000DC 00000008 C=ICODE    S=.itext   G=(none)   M=System.TimeSpan ACBP=A9
 0002:000000E4 00000008 C=ICODE    S=.itext   G=(none)   M=System.SyncObjs ACBP=A9
 0002:000000EC 00000008 C=ICODE    S=.itext   G=(none)   M=System.DateUtils ACBP=A9
 0002:000000F4 00000008 C=ICODE    S=.itext   G=(none)   M=Data.SqlTimSt ACBP=A9
 0002:000000FC 00000008 C=ICODE    S=.itext   G=(none)   M=Data.FmtBcd ACBP=A9
 0002:00000104 00000008 C=ICODE    S=.itext   G=(none)   M=Data.DB  ACBP=A9
 0002:0000010C 00000008 C=ICODE    S=.itext   G=(none)   M=System.Rtti ACBP=A9
 0002:00000114 00000040 C=ICODE    S=.itext   G=(none)   M=SQLiteTable3 ACBP=A9
 0002:00000154 00000010 C=ICODE    S=.itext   G=(none)   M=System.Win.ComObj ACBP=A9
 0002:00000164 00000008 C=ICODE    S=.itext   G=(none)   M=Datasnap.DSIntf ACBP=A9
 0002:0000016C 00000008 C=ICODE    S=.itext   G=(none)   M=Datasnap.Provider ACBP=A9
 0002:00000174 00000008 C=ICODE    S=.itext   G=(none)   M=Datasnap.DBClient ACBP=A9
 0002:0000017C 00000008 C=ICODE    S=.itext   G=(none)   M=SQLite3Dataset ACBP=A9
 0002:00000184 00000008 C=ICODE    S=.itext   G=(none)   M=SQLite3Register ACBP=A9
 0002:0000018C 00000008 C=ICODE    S=.itext   G=(none)   M=.pck_SQLite3 ACBP=A9
 0003:00000000 00000088 C=DATA     S=.data    G=DGROUP   M=SysInit  ACBP=A9
 0003:00000088 0000000C C=DATA     S=.data    G=DGROUP   M=Winapi.Windows ACBP=A9
 0003:00000094 00000004 C=DATA     S=.data    G=DGROUP   M=SQLite3  ACBP=A9
 0003:00000098 0000004C C=DATA     S=.data    G=DGROUP   M=SQLiteTable3 ACBP=A9
 0004:00000000 0000001C C=BSS      S=.bss     G=DGROUP   M=SysInit  ACBP=A9
 0004:0000001C 00000008 C=BSS      S=.bss     G=DGROUP   M=Winapi.Windows ACBP=A9
 0004:00000024 00000174 C=BSS      S=.bss     G=DGROUP   M=SQLite3  ACBP=A9
 0004:00000198 00000008 C=BSS      S=.bss     G=DGROUP   M=SQLiteTable3 ACBP=A9
 0004:000001A0 00000004 C=BSS      S=.bss     G=DGROUP   M=SQLite3Dataset ACBP=A9
 0004:000001A4 00000004 C=BSS      S=.bss     G=DGROUP   M=SQLite3Register ACBP=A9


  Address             Publics by Name

 0002:0000018C       .pck_SQLite3..pck_SQLite3
 0001:00028428       .pck_SQLite3.@GetPackageInfoTable
 0001:00028430       .pck_SQLite3.@PackageLoad
 0001:0002843C       .pck_SQLite3.@PackageUnload
 0002:00000104       Data.DB.Data.DB
 0001:00003E4C       Data.DB.Finalization
 0001:00003C4C       Data.DB.TDataSet.ActivateBuffers
 0001:00003CAC       Data.DB.TDataSet.Append
 0001:00003B74       Data.DB.TDataSet.BindFields
 0001:00003C94       Data.DB.TDataSet.BlockReadNext
 0001:00003C74       Data.DB.TDataSet.CalculateFields
 0001:00003B0C       Data.DB.TDataSet.CheckActive
 0001:00003B6C       Data.DB.TDataSet.CheckFieldCompatibility
 0001:00003B04       Data.DB.TDataSet.CheckInactive
 0001:00003C44       Data.DB.TDataSet.ClearBuffers
 0001:00003BC4       Data.DB.TDataSet.CloseBlob
 0001:00003B5C       Data.DB.TDataSet.CreateFields
 0001:00003AFC       Data.DB.TDataSet.CreateNestedDataSet
 0001:00003CB4       Data.DB.TDataSet.Delete
 0001:00003B64       Data.DB.TDataSet.DestroyFields
 0001:00003C0C       Data.DB.TDataSet.DisableControls
 0001:00003CFC       Data.DB.TDataSet.DoAfterCancel
 0001:00003D04       Data.DB.TDataSet.DoAfterClose
 0001:00003D0C       Data.DB.TDataSet.DoAfterDelete
 0001:00003D14       Data.DB.TDataSet.DoAfterEdit
 0001:00003D1C       Data.DB.TDataSet.DoAfterInsert
 0001:00003D24       Data.DB.TDataSet.DoAfterOpen
 0001:00003D2C       Data.DB.TDataSet.DoAfterPost
 0001:00003D34       Data.DB.TDataSet.DoAfterRefresh
 0001:00003D3C       Data.DB.TDataSet.DoAfterScroll
 0001:00003D44       Data.DB.TDataSet.DoBeforeCancel
 0001:00003D4C       Data.DB.TDataSet.DoBeforeClose
 0001:00003D54       Data.DB.TDataSet.DoBeforeDelete
 0001:00003D5C       Data.DB.TDataSet.DoBeforeEdit
 0001:00003D64       Data.DB.TDataSet.DoBeforeOpen
 0001:00003D6C       Data.DB.TDataSet.DoBeforePost
 0001:00003D74       Data.DB.TDataSet.DoBeforeRefresh
 0001:00003D7C       Data.DB.TDataSet.DoBeforeScroll
 0001:00003D84       Data.DB.TDataSet.DoOnCalcFields
 0001:00003CA4       Data.DB.TDataSet.Edit
 0001:00003C14       Data.DB.TDataSet.EnableControls
 0001:00003B9C       Data.DB.TDataSet.FieldByName
 0001:00003BA4       Data.DB.TDataSet.FindField
 0001:00003C7C       Data.DB.TDataSet.First
 0001:00003CCC       Data.DB.TDataSet.FreeBookmark
 0001:00003B7C       Data.DB.TDataSet.FreeFieldBuffers
 0001:00003B14       Data.DB.TDataSet.GetActive
 0001:00003BDC       Data.DB.TDataSet.GetAggFieldsClass
 0001:00003CEC       Data.DB.TDataSet.GetAggRecordCount
 0001:00003B84       Data.DB.TDataSet.GetBlobFieldData
 0001:00003CC4       Data.DB.TDataSet.GetBookmark
 0001:00003CD4       Data.DB.TDataSet.GetBookmarkStr
 0001:00003C6C       Data.DB.TDataSet.GetCalcFields
 0001:00003C04       Data.DB.TDataSet.GetCheckConstraintsClass
 0001:00003B24       Data.DB.TDataSet.GetDetailDataSets
 0001:00003B2C       Data.DB.TDataSet.GetDetailLinkFields
 0001:00003B44       Data.DB.TDataSet.GetFieldClass
 0001:00003B4C       Data.DB.TDataSet.GetFieldClass
 0001:00003B8C       Data.DB.TDataSet.GetFieldData
 0001:00003BFC       Data.DB.TDataSet.GetFieldDefListClass
 0001:00003BEC       Data.DB.TDataSet.GetFieldDefsClass
 0001:00003B54       Data.DB.TDataSet.GetFieldFullName
 0001:00003BE4       Data.DB.TDataSet.GetFieldListClass
 0001:00003BB4       Data.DB.TDataSet.GetFieldNames
 0001:00003BAC       Data.DB.TDataSet.GetFieldNames
 0001:00003BD4       Data.DB.TDataSet.GetFieldsClass
 0001:00003BF4       Data.DB.TDataSet.GetIndexDefsClass
 0001:00003B34       Data.DB.TDataSet.GetLookupListClass
 0001:00003C2C       Data.DB.TDataSet.GetNextRecord
 0001:00003C5C       Data.DB.TDataSet.GetNextRecords
 0001:00003BCC       Data.DB.TDataSet.GetParamsClass
 0001:00003C34       Data.DB.TDataSet.GetPriorRecord
 0001:00003C64       Data.DB.TDataSet.GetPriorRecords
 0001:00003CE4       Data.DB.TDataSet.GotoBookmark
 0001:00003B3C       Data.DB.TDataSet.InitFieldDefs
 0001:00003CF4       Data.DB.TDataSet.IsSequenced
 0001:00003C84       Data.DB.TDataSet.MoveBy
 0001:00003C8C       Data.DB.TDataSet.Next
 0001:00003D8C       Data.DB.TDataSet.PSEndTransaction
 0001:00003D94       Data.DB.TDataSet.PSExecute
 0001:00003D9C       Data.DB.TDataSet.PSExecuteStatement
 0001:00003DA4       Data.DB.TDataSet.PSExecuteStatement
 0001:00003DAC       Data.DB.TDataSet.PSGetAttributes
 0001:00003DB4       Data.DB.TDataSet.PSGetCommandTextW
 0001:00003DBC       Data.DB.TDataSet.PSGetDefaultOrder
 0001:00003DC4       Data.DB.TDataSet.PSGetKeyFields
 0001:00003DCC       Data.DB.TDataSet.PSGetKeyFieldsW
 0001:00003DD4       Data.DB.TDataSet.PSGetParams
 0001:00003DDC       Data.DB.TDataSet.PSGetQuoteChar
 0001:00003DE4       Data.DB.TDataSet.PSGetQuoteCharW
 0001:00003DEC       Data.DB.TDataSet.PSGetTableName
 0001:00003DF4       Data.DB.TDataSet.PSGetTableNameW
 0001:00003DFC       Data.DB.TDataSet.PSGetUpdateException
 0001:00003E04       Data.DB.TDataSet.PSInTransaction
 0001:00003E0C       Data.DB.TDataSet.PSIsSQLBased
 0001:00003E14       Data.DB.TDataSet.PSIsSQLSupported
 0001:00003E1C       Data.DB.TDataSet.PSReset
 0001:00003E24       Data.DB.TDataSet.PSSetCommandText
 0001:00003E2C       Data.DB.TDataSet.PSSetCommandText
 0001:00003E34       Data.DB.TDataSet.PSSetParams
 0001:00003E3C       Data.DB.TDataSet.PSStartTransaction
 0001:00003E44       Data.DB.TDataSet.PSUpdateRecord
 0001:00003C3C       Data.DB.TDataSet.Resync
 0001:00003B1C       Data.DB.TDataSet.SetActive
 0001:00003C9C       Data.DB.TDataSet.SetBlockReadSize
 0001:00003CDC       Data.DB.TDataSet.SetBookmarkStr
 0001:00003C1C       Data.DB.TDataSet.SetBufListSize
 0001:00003C24       Data.DB.TDataSet.SetCurrentRecord
 0001:00003B94       Data.DB.TDataSet.SetFieldData
 0001:00003AF4       Data.DB.TDataSet.SetName
 0001:00003BBC       Data.DB.TDataSet.SetStateFieldValue
 0001:00003CBC       Data.DB.TDataSet.Translate
 0001:00003C54       Data.DB.TDataSet.UpdateCursorPos
 0001:00003ADC       Data.DB.TField.GetOldValue
 0001:00003ACC       Data.DB.TFieldDefs.Add
 0001:00003AD4       Data.DB.TFields.GetField
 0001:00003AEC       Data.DB.TParam.GetAsVariant
 0001:00003AE4       Data.DB.TParams.GetItem
 0002:000000FC       Data.FmtBcd.Data.FmtBcd
 0001:00003AC4       Data.FmtBcd.Finalization
 0002:000000F4       Data.SqlTimSt.Data.SqlTimSt
 0001:00003ABC       Data.SqlTimSt.Finalization
 0002:00000174       Datasnap.DBClient.Datasnap.DBClient
 0001:00023158       Datasnap.DBClient.Finalization
 0001:00022E48       Datasnap.DBClient.TCustomClientDataSet.AddDataPacket
 0001:00022EE8       Datasnap.DBClient.TCustomClientDataSet.AllocRecordBuffer
 0001:00022EA8       Datasnap.DBClient.TCustomClientDataSet.ApplyUpdates
 0001:00023020       Datasnap.DBClient.TCustomClientDataSet.BookmarkValid
 0001:00022FD8       Datasnap.DBClient.TCustomClientDataSet.Cancel
 0001:00023028       Datasnap.DBClient.TCustomClientDataSet.CancelUpdates
 0001:00023048       Datasnap.DBClient.TCustomClientDataSet.CheckDetailRecords
 0001:00022E40       Datasnap.DBClient.TCustomClientDataSet.CheckProviderEOF
 0001:00022F00       Datasnap.DBClient.TCustomClientDataSet.ClearCalcFields
 0001:00022EB8       Datasnap.DBClient.TCustomClientDataSet.CloneCursor
 0001:00022DF8       Datasnap.DBClient.TCustomClientDataSet.CloseCursor
 0001:00023018       Datasnap.DBClient.TCustomClientDataSet.CompareBookmarks
 0001:00022DC0       Datasnap.DBClient.TCustomClientDataSet.Create
 0001:00022F78       Datasnap.DBClient.TCustomClientDataSet.CreateBlobStream
 0001:00022EC0       Datasnap.DBClient.TCustomClientDataSet.CreateDataSet
 0001:00022F88       Datasnap.DBClient.TCustomClientDataSet.DataConvert
 0001:00022E88       Datasnap.DBClient.TCustomClientDataSet.DataEvent
 0001:00022EA0       Datasnap.DBClient.TCustomClientDataSet.DataRequest
 0001:00022E00       Datasnap.DBClient.TCustomClientDataSet.DefChanged
 0001:00023070       Datasnap.DBClient.TCustomClientDataSet.DefineProperties
 0001:00022DC8       Datasnap.DBClient.TCustomClientDataSet.Destroy
 0001:000230A8       Datasnap.DBClient.TCustomClientDataSet.DestroyLookupCursor
 0001:000230D8       Datasnap.DBClient.TCustomClientDataSet.DoAfterApplyUpdates
 0001:00023120       Datasnap.DBClient.TCustomClientDataSet.DoAfterExecute
 0001:00022DE8       Datasnap.DBClient.TCustomClientDataSet.DoAfterGetParams
 0001:000230F8       Datasnap.DBClient.TCustomClientDataSet.DoAfterGetRecords
 0001:00023108       Datasnap.DBClient.TCustomClientDataSet.DoAfterRowRequest
 0001:000230E8       Datasnap.DBClient.TCustomClientDataSet.DoApplyUpdates
 0001:000230E0       Datasnap.DBClient.TCustomClientDataSet.DoBeforeApplyUpdates
 0001:00023128       Datasnap.DBClient.TCustomClientDataSet.DoBeforeExecute
 0001:00022DF0       Datasnap.DBClient.TCustomClientDataSet.DoBeforeGetParams
 0001:000230F0       Datasnap.DBClient.TCustomClientDataSet.DoBeforeGetRecords
 0001:00022FC0       Datasnap.DBClient.TCustomClientDataSet.DoBeforeInsert
 0001:00023110       Datasnap.DBClient.TCustomClientDataSet.DoBeforeRowRequest
 0001:00023130       Datasnap.DBClient.TCustomClientDataSet.DoExecute
 0001:00023100       Datasnap.DBClient.TCustomClientDataSet.DoGetRecords
 0001:00023068       Datasnap.DBClient.TCustomClientDataSet.DoOnNewRecord
 0001:00023118       Datasnap.DBClient.TCustomClientDataSet.DoRowRequest
 0001:00022EC8       Datasnap.DBClient.TCustomClientDataSet.EmptyDataSet
 0001:00022E90       Datasnap.DBClient.TCustomClientDataSet.Execute
 0001:00022E98       Datasnap.DBClient.TCustomClientDataSet.ExecuteCommand
 0001:00022E38       Datasnap.DBClient.TCustomClientDataSet.FetchMoreData
 0001:00023040       Datasnap.DBClient.TCustomClientDataSet.FindKey
 0001:000230A0       Datasnap.DBClient.TCustomClientDataSet.FindRecord
 0001:00022EF0       Datasnap.DBClient.TCustomClientDataSet.FreeRecordBuffer
 0001:000230C8       Datasnap.DBClient.TCustomClientDataSet.GetAggregateValue
 0001:00022E58       Datasnap.DBClient.TCustomClientDataSet.GetAppServer
 0001:00023008       Datasnap.DBClient.TCustomClientDataSet.GetBookmarkData
 0001:00022FF8       Datasnap.DBClient.TCustomClientDataSet.GetBookmarkFlag
 0001:00022EE0       Datasnap.DBClient.TCustomClientDataSet.GetCanModify
 0001:00022F40       Datasnap.DBClient.TCustomClientDataSet.GetChangeCount
 0001:00022F48       Datasnap.DBClient.TCustomClientDataSet.GetCommandStates
 0001:00022F18       Datasnap.DBClient.TCustomClientDataSet.GetCurrentRecord
 0001:00023060       Datasnap.DBClient.TCustomClientDataSet.GetDataSource
 0001:00022F58       Datasnap.DBClient.TCustomClientDataSet.GetFieldData
 0001:00022F60       Datasnap.DBClient.TCustomClientDataSet.GetFieldData
 0001:00023150       Datasnap.DBClient.TCustomClientDataSet.GetIsClone
 0001:00023038       Datasnap.DBClient.TCustomClientDataSet.GetIsIndexField
 0001:00022ED8       Datasnap.DBClient.TCustomClientDataSet.GetLogChanges
 0001:00022E50       Datasnap.DBClient.TCustomClientDataSet.GetNextPacket
 0001:00022F28       Datasnap.DBClient.TCustomClientDataSet.GetRecNo
 0001:00022F10       Datasnap.DBClient.TCustomClientDataSet.GetRecord
 0001:00022F20       Datasnap.DBClient.TCustomClientDataSet.GetRecordCount
 0001:00022F38       Datasnap.DBClient.TCustomClientDataSet.GetRecordSize
 0001:00022E70       Datasnap.DBClient.TCustomClientDataSet.GetRemoteServer
 0001:00022F68       Datasnap.DBClient.TCustomClientDataSet.GetStateFieldValue
 0001:00022F08       Datasnap.DBClient.TCustomClientDataSet.InitRecord
 0001:00022FE0       Datasnap.DBClient.TCustomClientDataSet.InternalAddRecord
 0001:00022FA8       Datasnap.DBClient.TCustomClientDataSet.InternalCancel
 0001:00022E18       Datasnap.DBClient.TCustomClientDataSet.InternalClose
 0001:00022FB0       Datasnap.DBClient.TCustomClientDataSet.InternalDelete
 0001:00022FB8       Datasnap.DBClient.TCustomClientDataSet.InternalEdit
 0001:00022F90       Datasnap.DBClient.TCustomClientDataSet.InternalFirst
 0001:00022FE8       Datasnap.DBClient.TCustomClientDataSet.InternalGotoBookmark
 0001:00022E30       Datasnap.DBClient.TCustomClientDataSet.InternalHandleException
 0001:00022E08       Datasnap.DBClient.TCustomClientDataSet.InternalInitFieldDefs
 0001:00022EF8       Datasnap.DBClient.TCustomClientDataSet.InternalInitRecord
 0001:00022FC8       Datasnap.DBClient.TCustomClientDataSet.InternalInsert
 0001:00022F98       Datasnap.DBClient.TCustomClientDataSet.InternalLast
 0001:00022E10       Datasnap.DBClient.TCustomClientDataSet.InternalOpen
 0001:00022FA0       Datasnap.DBClient.TCustomClientDataSet.InternalPost
 0001:00022E20       Datasnap.DBClient.TCustomClientDataSet.InternalRefresh
 0001:00022FF0       Datasnap.DBClient.TCustomClientDataSet.InternalSetToRecord
 0001:00022E28       Datasnap.DBClient.TCustomClientDataSet.IsCursorOpen
 0001:00023058       Datasnap.DBClient.TCustomClientDataSet.Loaded
 0001:000230B8       Datasnap.DBClient.TCustomClientDataSet.Locate
 0001:000230B0       Datasnap.DBClient.TCustomClientDataSet.Lookup
 0001:00022EB0       Datasnap.DBClient.TCustomClientDataSet.MergeChangeLog
 0001:00022E80       Datasnap.DBClient.TCustomClientDataSet.Notification
 0001:00022DE0       Datasnap.DBClient.TCustomClientDataSet.OpenCursor
 0001:00022FD0       Datasnap.DBClient.TCustomClientDataSet.Post
 0001:00023140       Datasnap.DBClient.TCustomClientDataSet.PSGetCommandText
 0001:00023148       Datasnap.DBClient.TCustomClientDataSet.PSGetCommandType
 0001:00023138       Datasnap.DBClient.TCustomClientDataSet.PSGetIndexDefs
 0001:00022F80       Datasnap.DBClient.TCustomClientDataSet.RefreshInternalCalcFields
 0001:000230D0       Datasnap.DBClient.TCustomClientDataSet.ResetAggField
 0001:000230C0       Datasnap.DBClient.TCustomClientDataSet.SetAggregates
 0001:00022E60       Datasnap.DBClient.TCustomClientDataSet.SetAppServer
 0001:00023010       Datasnap.DBClient.TCustomClientDataSet.SetBookmarkData
 0001:00023000       Datasnap.DBClient.TCustomClientDataSet.SetBookmarkFlag
 0001:00022DD0       Datasnap.DBClient.TCustomClientDataSet.SetCommandText
 0001:00023050       Datasnap.DBClient.TCustomClientDataSet.SetDataSetField
 0001:00022F70       Datasnap.DBClient.TCustomClientDataSet.SetFieldData
 0001:00023090       Datasnap.DBClient.TCustomClientDataSet.SetFiltered
 0001:00023080       Datasnap.DBClient.TCustomClientDataSet.SetFilterOptions
 0001:00023078       Datasnap.DBClient.TCustomClientDataSet.SetFilterText
 0001:00022ED0       Datasnap.DBClient.TCustomClientDataSet.SetLogChanges
 0001:00023088       Datasnap.DBClient.TCustomClientDataSet.SetOnFilterRecord
 0001:00022DD8       Datasnap.DBClient.TCustomClientDataSet.SetOptionalParam
 0001:00022E68       Datasnap.DBClient.TCustomClientDataSet.SetProviderEOF
 0001:00022F30       Datasnap.DBClient.TCustomClientDataSet.SetRecNo
 0001:00022E78       Datasnap.DBClient.TCustomClientDataSet.SetRemoteServer
 0001:00023098       Datasnap.DBClient.TCustomClientDataSet.SetStatusFilter
 0001:00023030       Datasnap.DBClient.TCustomClientDataSet.UpdateIndexDefs
 0001:00022F50       Datasnap.DBClient.TCustomClientDataSet.UpdateStatus
 0002:00000164       Datasnap.DSIntf.Datasnap.DSIntf
 0001:00022DB0       Datasnap.DSIntf.Finalization
 0002:0000016C       Datasnap.Provider.Datasnap.Provider
 0001:00022DB8       Datasnap.Provider.Finalization
 0004:00000194       SQLite3..1
 0001:00003A70       SQLite3.Finalization
 0001:00002024       SQLite3.LoadProc
 0001:00002110       SQLite3.LoadProcSilent
 0001:00002138       SQLite3.LoadSQLite
 0002:00000098       SQLite3.SQLite3
 0004:00000158       SQLite3.sqlite3_aggregate_context
 0004:000000E8       SQLite3.SQLite3_Backup_Finish
 0004:000000E0       SQLite3.SQLite3_Backup_Init
 0004:000000F0       SQLite3.SQLite3_Backup_Pagecount
 0004:000000EC       SQLite3.SQLite3_Backup_Remaining
 0004:000000E4       SQLite3.SQLite3_Backup_Step
 0004:000000F4       SQLite3.sqlite3_bind_blob
 0004:00000100       SQLite3.sqlite3_bind_double
 0004:00000104       SQLite3.sqlite3_bind_int
 0004:00000108       SQLite3.sqlite3_bind_int64
 0004:0000010C       SQLite3.sqlite3_bind_null
 0004:0000011C       SQLite3.sqlite3_bind_parameter_count
 0004:00000114       SQLite3.sqlite3_bind_parameter_index
 0004:00000118       SQLite3.sqlite3_bind_parameter_name
 0004:000000F8       SQLite3.sqlite3_bind_text
 0004:000000FC       SQLite3.sqlite3_bind_text16
 0004:00000058       SQLite3.SQLite3_BusyHandler
 0004:0000005C       SQLite3.SQLite3_BusyTimeout
 0004:00000060       SQLite3.SQLite3_Changes
 0004:00000110       SQLite3.sqlite3_clear_bindings
 0004:0000002C       SQLite3.SQLite3_Close
 0004:000000B4       SQLite3.SQLite3_ColumnBlob
 0004:000000B8       SQLite3.SQLite3_ColumnBytes
 0004:000000BC       SQLite3.SQLite3_ColumnBytes16
 0004:00000078       SQLite3.SQLite3_ColumnCount
 0004:00000084       SQLite3.SQLite3_ColumnDeclType
 0004:00000088       SQLite3.SQLite3_ColumnDeclType16
 0004:000000C0       SQLite3.SQLite3_ColumnDouble
 0004:000000C4       SQLite3.SQLite3_ColumnInt
 0004:000000D4       SQLite3.SQLite3_ColumnInt64
 0004:0000007C       SQLite3.SQLite3_ColumnName
 0004:00000080       SQLite3.SQLite3_ColumnName16
 0004:000000C8       SQLite3.SQLite3_ColumnText
 0004:000000CC       SQLite3.SQLite3_ColumnText16
 0004:000000D0       SQLite3.SQLite3_ColumnType
 0004:0000004C       SQLite3.SQLite3_Complete
 0004:0000018C       SQLite3.SQLite3_create_collation
 0004:00000190       SQLite3.SQLite3_create_collation16
 0004:00000120       SQLite3.sqlite3_create_function
 0004:00000090       SQLite3.SQLite3_DataCount
 0004:000000AC       SQLite3.sqlite3_enable_load_extension
 0004:00000188       SQLite3.sqlite3_enable_shared_cache
 0004:0000003C       SQLite3.SQLite3_ErrCode
 0004:00000038       SQLite3.SQLite3_ErrMsg
 0004:00000030       SQLite3.SQLite3_Exec
 0004:000000D8       SQLite3.SQLite3_Finalize
 0004:00000040       SQLite3.SQlite3_Free
 0004:00000048       SQLite3.SQLite3_FreeTable
 0004:00000044       SQLite3.SQLite3_GetTable
 0004:00000054       SQLite3.SQLite3_Interrupt
 0004:00000098       SQLite3.sqlite3_key
 0004:00000050       SQLite3.SQLite3_LastInsertRowID
 0004:000000B0       SQLite3.sqlite3_load_extension
 0004:00000094       SQLite3.sqlite3_memory_used
 0004:00000024       SQLite3.sqlite3_open
 0004:00000028       SQLite3.sqlite3_open16
 0004:00000068       SQLite3.SQLite3_Prepare
 0004:00000070       SQLite3.SQLite3_Prepare16
 0004:00000074       SQLite3.SQLite3_Prepare16_v2
 0004:0000006C       SQLite3.SQLite3_Prepare_v2
 0004:0000009C       SQLite3.sqlite3_rekey
 0004:000000DC       SQLite3.SQLite3_Reset
 0004:00000124       SQLite3.sqlite3_result_blob
 0004:00000128       SQLite3.sqlite3_result_double
 0004:0000012C       SQLite3.sqlite3_result_error
 0004:00000130       SQLite3.sqlite3_result_error16
 0004:00000134       SQLite3.sqlite3_result_int
 0004:00000138       SQLite3.sqlite3_result_int64
 0004:0000013C       SQLite3.sqlite3_result_null
 0004:00000140       SQLite3.sqlite3_result_text
 0004:00000144       SQLite3.sqlite3_result_text16
 0004:00000148       SQLite3.sqlite3_result_text16be
 0004:0000014C       SQLite3.sqlite3_result_text16le
 0004:00000150       SQLite3.sqlite3_result_value
 0004:000000A0       SQLite3.sqlite3_set_authorizer
 0004:0000008C       SQLite3.SQLite3_Step
 0004:000000A8       SQLite3.sqlite3_table_column_metadata
 0004:00000064       SQLite3.SQLite3_TotalChanges
 0004:000000A4       SQLite3.sqlite3_update_hook
 0004:00000154       SQLite3.sqlite3_user_data
 0004:0000015C       SQLite3.sqlite3_value_blob
 0004:00000160       SQLite3.sqlite3_value_bytes
 0004:00000164       SQLite3.sqlite3_value_bytes16
 0004:00000168       SQLite3.sqlite3_value_double
 0004:0000016C       SQLite3.sqlite3_value_int
 0004:00000170       SQLite3.sqlite3_value_int64
 0004:00000174       SQLite3.sqlite3_value_text
 0004:00000178       SQLite3.sqlite3_value_text16
 0004:0000017C       SQLite3.sqlite3_value_text16be
 0004:00000180       SQLite3.sqlite3_value_text16le
 0004:00000184       SQLite3.sqlite3_value_type
 0004:00000034       SQLite3.SQLite3_Version
 0001:000013B8       SQLite3.SQLiteErrorStr
 0001:00001204       SQLite3.SQLiteFieldType
 0003:00000094       SQLite3.SQLite_Handle
 0001:00003A50       SQLite3.UnloadSQLite
 0004:000001A0       SQLite3Dataset..3
 0001:000233C4       SQLite3Dataset..TSQLiteDataset
 0001:00023160       SQLite3Dataset..TSQLiteUpdateSQL
 0001:00023D24       SQLite3Dataset..{System.Generics.Collections}TEnumerable<SQLite3Dataset.T3<System.string,System.Boolean,Data.DB.TField>>
 0001:00023B98       SQLite3Dataset..{System.Generics.Collections}TEnumerator<SQLite3Dataset.T3<System.string,System.Boolean,Data.DB.TField>>
 0001:000243D0       SQLite3Dataset..{System.Generics.Collections}TList<SQLite3Dataset.T3<System.string,System.Boolean,Data.DB.TField>>
 0001:000241D0       SQLite3Dataset..{System.Generics.Collections}TList<SQLite3Dataset.T3<System.string,System.Boolean,Data.DB.TField>>.TEnumerator
 0001:00027AF8       SQLite3Dataset..{System.Generics.Defaults}TComparer<SQLite3Dataset.T3<System.string,System.Boolean,Data.DB.TField>>
 0001:00027D94       SQLite3Dataset..{System.Generics.Defaults}TDelegatedComparer<SQLite3Dataset.T3<System.string,System.Boolean,Data.DB.TField>>
 0001:00025168       SQLite3Dataset.DoApplyUpdate
 0001:00025350       SQLite3Dataset.FillParams
 0001:00025FB8       SQLite3Dataset.Finalization
 0002:0000017C       SQLite3Dataset.SQLite3Dataset
 0001:00027710       SQLite3Dataset.TArray.BinarySearch<SQLite3Dataset.T3<System.string,System.Boolean,Data.DB.TField>>
 0001:00027870       SQLite3Dataset.TArray.QuickSort<SQLite3Dataset.T3<System.string,System.Boolean,Data.DB.TField>>
 0001:0002768C       SQLite3Dataset.TArray.Sort<SQLite3Dataset.T3<System.string,System.Boolean,Data.DB.TField>>
 0001:0002576C       SQLite3Dataset.TSQLiteDataset.ApplyUpdates
 0001:000253AC       SQLite3Dataset.TSQLiteDataset.ApplyUpdates
 0001:0002578C       SQLite3Dataset.TSQLiteDataset.Create
 0001:0002582C       SQLite3Dataset.TSQLiteDataset.Destroy
 0001:0002588C       SQLite3Dataset.TSQLiteDataset.DoInitFields
 0001:00025A14       SQLite3Dataset.TSQLiteDataset.DoInternalOpen
 0001:00025B28       SQLite3Dataset.TSQLiteDataset.DoInternalRefreshRecord
 0001:00024E58       SQLite3Dataset.TSQLiteDataset.GetPair
 0001:0002510C       SQLite3Dataset.TSQLiteDataset.Notification
 0001:00025D38       SQLite3Dataset.TSQLiteDataset.RefreshRecord
 0001:00025D88       SQLite3Dataset.TSQLiteDataset.SetActive
 0001:00025EC8       SQLite3Dataset.TSQLiteUpdateSQL.Create
 0001:00025F58       SQLite3Dataset.TSQLiteUpdateSQL.Destroy
 0001:00025FF8       SQLite3Dataset.{SQLite3Dataset}T3<System.string,System.Boolean,Data.DB.TField>.Create
 0001:0002611C       SQLite3Dataset.{System.Generics.Collections}TEnumerable<SQLite3Dataset.T3<System.string,System.Boolean,Data.DB.TField>>.GetEnumerator
 0001:00026138       SQLite3Dataset.{System.Generics.Collections}TEnumerable<SQLite3Dataset.T3<System.string,System.Boolean,Data.DB.TField>>.ToArray
 0001:00026030       SQLite3Dataset.{System.Generics.Collections}TEnumerable<SQLite3Dataset.T3<System.string,System.Boolean,Data.DB.TField>>.ToArrayImpl
 0001:00026234       SQLite3Dataset.{System.Generics.Collections}TEnumerator<SQLite3Dataset.T3<System.string,System.Boolean,Data.DB.TField>>.MoveNext
 0001:0002685C       SQLite3Dataset.{System.Generics.Collections}TList<SQLite3Dataset.T3<System.string,System.Boolean,Data.DB.TField>>.Add
 0001:000268BC       SQLite3Dataset.{System.Generics.Collections}TList<SQLite3Dataset.T3<System.string,System.Boolean,Data.DB.TField>>.AddRange
 0001:00026908       SQLite3Dataset.{System.Generics.Collections}TList<SQLite3Dataset.T3<System.string,System.Boolean,Data.DB.TField>>.AddRange
 0001:000268E4       SQLite3Dataset.{System.Generics.Collections}TList<SQLite3Dataset.T3<System.string,System.Boolean,Data.DB.TField>>.AddRange
 0001:000273A8       SQLite3Dataset.{System.Generics.Collections}TList<SQLite3Dataset.T3<System.string,System.Boolean,Data.DB.TField>>.BinarySearch
 0001:000273F8       SQLite3Dataset.{System.Generics.Collections}TList<SQLite3Dataset.T3<System.string,System.Boolean,Data.DB.TField>>.BinarySearch
 0001:00027154       SQLite3Dataset.{System.Generics.Collections}TList<SQLite3Dataset.T3<System.string,System.Boolean,Data.DB.TField>>.Clear
 0001:00027174       SQLite3Dataset.{System.Generics.Collections}TList<SQLite3Dataset.T3<System.string,System.Boolean,Data.DB.TField>>.Contains
 0001:00026654       SQLite3Dataset.{System.Generics.Collections}TList<SQLite3Dataset.T3<System.string,System.Boolean,Data.DB.TField>>.Create
 0001:000266D8       SQLite3Dataset.{System.Generics.Collections}TList<SQLite3Dataset.T3<System.string,System.Boolean,Data.DB.TField>>.Create
 0001:00026780       SQLite3Dataset.{System.Generics.Collections}TList<SQLite3Dataset.T3<System.string,System.Boolean,Data.DB.TField>>.Create
 0001:00026CCC       SQLite3Dataset.{System.Generics.Collections}TList<SQLite3Dataset.T3<System.string,System.Boolean,Data.DB.TField>>.Delete
 0001:00026CEC       SQLite3Dataset.{System.Generics.Collections}TList<SQLite3Dataset.T3<System.string,System.Boolean,Data.DB.TField>>.DeleteRange
 0001:00026820       SQLite3Dataset.{System.Generics.Collections}TList<SQLite3Dataset.T3<System.string,System.Boolean,Data.DB.TField>>.Destroy
 0001:000264D8       SQLite3Dataset.{System.Generics.Collections}TList<SQLite3Dataset.T3<System.string,System.Boolean,Data.DB.TField>>.DoDelete
 0001:00026604       SQLite3Dataset.{System.Generics.Collections}TList<SQLite3Dataset.T3<System.string,System.Boolean,Data.DB.TField>>.DoGetEnumerator
 0001:00026EF0       SQLite3Dataset.{System.Generics.Collections}TList<SQLite3Dataset.T3<System.string,System.Boolean,Data.DB.TField>>.Exchange
 0001:00026E84       SQLite3Dataset.{System.Generics.Collections}TList<SQLite3Dataset.T3<System.string,System.Boolean,Data.DB.TField>>.Extract
 0001:00027110       SQLite3Dataset.{System.Generics.Collections}TList<SQLite3Dataset.T3<System.string,System.Boolean,Data.DB.TField>>.First
 0001:00026250       SQLite3Dataset.{System.Generics.Collections}TList<SQLite3Dataset.T3<System.string,System.Boolean,Data.DB.TField>>.GetCapacity
 0001:00027514       SQLite3Dataset.{System.Generics.Collections}TList<SQLite3Dataset.T3<System.string,System.Boolean,Data.DB.TField>>.GetEnumerator
 0001:00026324       SQLite3Dataset.{System.Generics.Collections}TList<SQLite3Dataset.T3<System.string,System.Boolean,Data.DB.TField>>.GetItem
 0001:0002644C       SQLite3Dataset.{System.Generics.Collections}TList<SQLite3Dataset.T3<System.string,System.Boolean,Data.DB.TField>>.Grow
 0001:000264A0       SQLite3Dataset.{System.Generics.Collections}TList<SQLite3Dataset.T3<System.string,System.Boolean,Data.DB.TField>>.GrowCheck
 0001:00027198       SQLite3Dataset.{System.Generics.Collections}TList<SQLite3Dataset.T3<System.string,System.Boolean,Data.DB.TField>>.IndexOf
 0001:0002692C       SQLite3Dataset.{System.Generics.Collections}TList<SQLite3Dataset.T3<System.string,System.Boolean,Data.DB.TField>>.Insert
 0001:00026B38       SQLite3Dataset.{System.Generics.Collections}TList<SQLite3Dataset.T3<System.string,System.Boolean,Data.DB.TField>>.InsertRange
 0001:00026A04       SQLite3Dataset.{System.Generics.Collections}TList<SQLite3Dataset.T3<System.string,System.Boolean,Data.DB.TField>>.InsertRange
 0001:00026BD8       SQLite3Dataset.{System.Generics.Collections}TList<SQLite3Dataset.T3<System.string,System.Boolean,Data.DB.TField>>.InsertRange
 0001:00027130       SQLite3Dataset.{System.Generics.Collections}TList<SQLite3Dataset.T3<System.string,System.Boolean,Data.DB.TField>>.Last
 0001:000271FC       SQLite3Dataset.{System.Generics.Collections}TList<SQLite3Dataset.T3<System.string,System.Boolean,Data.DB.TField>>.LastIndexOf
 0001:00026FA8       SQLite3Dataset.{System.Generics.Collections}TList<SQLite3Dataset.T3<System.string,System.Boolean,Data.DB.TField>>.Move
 0001:00026620       SQLite3Dataset.{System.Generics.Collections}TList<SQLite3Dataset.T3<System.string,System.Boolean,Data.DB.TField>>.Notify
 0001:00026C98       SQLite3Dataset.{System.Generics.Collections}TList<SQLite3Dataset.T3<System.string,System.Boolean,Data.DB.TField>>.Remove
 0001:0002725C       SQLite3Dataset.{System.Generics.Collections}TList<SQLite3Dataset.T3<System.string,System.Boolean,Data.DB.TField>>.Reverse
 0001:00026270       SQLite3Dataset.{System.Generics.Collections}TList<SQLite3Dataset.T3<System.string,System.Boolean,Data.DB.TField>>.SetCapacity
 0001:000262B4       SQLite3Dataset.{System.Generics.Collections}TList<SQLite3Dataset.T3<System.string,System.Boolean,Data.DB.TField>>.SetCount
 0001:0002637C       SQLite3Dataset.{System.Generics.Collections}TList<SQLite3Dataset.T3<System.string,System.Boolean,Data.DB.TField>>.SetItem
 0001:0002736C       SQLite3Dataset.{System.Generics.Collections}TList<SQLite3Dataset.T3<System.string,System.Boolean,Data.DB.TField>>.Sort
 0001:00027330       SQLite3Dataset.{System.Generics.Collections}TList<SQLite3Dataset.T3<System.string,System.Boolean,Data.DB.TField>>.Sort
 0001:00027594       SQLite3Dataset.{System.Generics.Collections}TList<SQLite3Dataset.T3<System.string,System.Boolean,Data.DB.TField>>.TEnumerator.Create
 0001:0002755C       SQLite3Dataset.{System.Generics.Collections}TList<SQLite3Dataset.T3<System.string,System.Boolean,Data.DB.TField>>.TEnumerator.DoGetCurrent
 0001:00027578       SQLite3Dataset.{System.Generics.Collections}TList<SQLite3Dataset.T3<System.string,System.Boolean,Data.DB.TField>>.TEnumerator.DoMoveNext
 0001:00027538       SQLite3Dataset.{System.Generics.Collections}TList<SQLite3Dataset.T3<System.string,System.Boolean,Data.DB.TField>>.TEnumerator.GetCurrent
 0001:000275EC       SQLite3Dataset.{System.Generics.Collections}TList<SQLite3Dataset.T3<System.string,System.Boolean,Data.DB.TField>>.TEnumerator.MoveNext
 0001:00027460       SQLite3Dataset.{System.Generics.Collections}TList<SQLite3Dataset.T3<System.string,System.Boolean,Data.DB.TField>>.ToArray
 0001:00027448       SQLite3Dataset.{System.Generics.Collections}TList<SQLite3Dataset.T3<System.string,System.Boolean,Data.DB.TField>>.TrimExcess
 0001:00027C7C       SQLite3Dataset.{System.Generics.Defaults}TComparer<SQLite3Dataset.T3<System.string,System.Boolean,Data.DB.TField>>.Compare
 0001:00027658       SQLite3Dataset.{System.Generics.Defaults}TComparer<SQLite3Dataset.T3<System.string,System.Boolean,Data.DB.TField>>.Construct
 0001:0002762C       SQLite3Dataset.{System.Generics.Defaults}TComparer<SQLite3Dataset.T3<System.string,System.Boolean,Data.DB.TField>>.Default
 0001:00027844       SQLite3Dataset.{System.Generics.Defaults}TDelegatedComparer<SQLite3Dataset.T3<System.string,System.Boolean,Data.DB.TField>>.Compare
 0001:000277FC       SQLite3Dataset.{System.Generics.Defaults}TDelegatedComparer<SQLite3Dataset.T3<System.string,System.Boolean,Data.DB.TField>>.Create
 0004:000001A4       SQLite3Register..1
 0001:00027FD8       SQLite3Register.Finalization
 0001:00027F88       SQLite3Register.Register
 0002:00000184       SQLite3Register.SQLite3Register
 0004:0000019C       SQLiteTable3..01
 0001:00003EA0       SQLiteTable3..ESQLiteException
 0001:00004960       SQLiteTable3..TSQLiteDatabase
 0001:00007120       SQLiteTable3..TSQLiteField
 0001:0000447C       SQLiteTable3..TSQLiteFunctions
 0001:00003F50       SQLiteTable3..TSQliteParam
 0001:00006594       SQLiteTable3..TSQLitePreparedStatement
 0001:00005C84       SQLiteTable3..TSQLiteTable
 0001:000079CC       SQLiteTable3..TSQLiteUniTable
 0001:00007608       SQLiteTable3..TUniTableEnumerator
 0001:0000D75C       SQLiteTable3..TVarDataRecordType
 0001:0000A9C8       SQLiteTable3..{System.Generics.Collections}TDictionary<System.string,System.Integer>
 0001:00009F50       SQLiteTable3..{System.Generics.Collections}TDictionary<System.string,System.Integer>.TKeyCollection
 0001:00009D74       SQLiteTable3..{System.Generics.Collections}TDictionary<System.string,System.Integer>.TKeyEnumerator
 0001:0000A7EC       SQLiteTable3..{System.Generics.Collections}TDictionary<System.string,System.Integer>.TPairEnumerator
 0001:0000A5E0       SQLiteTable3..{System.Generics.Collections}TDictionary<System.string,System.Integer>.TValueCollection
 0001:0000A400       SQLiteTable3..{System.Generics.Collections}TDictionary<System.string,System.Integer>.TValueEnumerator
 0001:000084F4       SQLiteTable3..{System.Generics.Collections}TEnumerable<SQLiteTable3.PSQLiteFuncs>
 0001:000096A0       SQLiteTable3..{System.Generics.Collections}TEnumerable<SQLiteTable3.TPair<System.string,System.Integer>>
 0001:0000C5E4       SQLiteTable3..{System.Generics.Collections}TEnumerable<SQLiteTable3.TSQLiteField>
 0001:0000B2E4       SQLiteTable3..{System.Generics.Collections}TEnumerable<SQLiteTable3.TSQliteParam>
 0001:0000A2BC       SQLiteTable3..{System.Generics.Collections}TEnumerable<System.Integer>
 0001:00009C34       SQLiteTable3..{System.Generics.Collections}TEnumerable<System.string>
 0001:000083B0       SQLiteTable3..{System.Generics.Collections}TEnumerator<SQLiteTable3.PSQLiteFuncs>
 0001:00009530       SQLiteTable3..{System.Generics.Collections}TEnumerator<SQLiteTable3.TPair<System.string,System.Integer>>
 0001:0000C4A0       SQLiteTable3..{System.Generics.Collections}TEnumerator<SQLiteTable3.TSQLiteField>
 0001:0000B1A0       SQLiteTable3..{System.Generics.Collections}TEnumerator<SQLiteTable3.TSQliteParam>
 0001:0000A190       SQLiteTable3..{System.Generics.Collections}TEnumerator<System.Integer>
 0001:00009B08       SQLiteTable3..{System.Generics.Collections}TEnumerator<System.string>
 0001:00008A30       SQLiteTable3..{System.Generics.Collections}TList<SQLiteTable3.PSQLiteFuncs>
 0001:00008878       SQLiteTable3..{System.Generics.Collections}TList<SQLiteTable3.PSQLiteFuncs>.TEnumerator
 0001:0001F148       SQLiteTable3..{System.Generics.Collections}TList<SQLiteTable3.TPair<System.string,System.Integer>>
 0001:0001EF64       SQLiteTable3..{System.Generics.Collections}TList<SQLiteTable3.TPair<System.string,System.Integer>>.TEnumerator
 0001:0000CB20       SQLiteTable3..{System.Generics.Collections}TList<SQLiteTable3.TSQLiteField>
 0001:0000C968       SQLiteTable3..{System.Generics.Collections}TList<SQLiteTable3.TSQLiteField>.TEnumerator
 0001:0000B820       SQLiteTable3..{System.Generics.Collections}TList<SQLiteTable3.TSQliteParam>
 0001:0000B668       SQLiteTable3..{System.Generics.Collections}TList<SQLiteTable3.TSQliteParam>.TEnumerator
 0001:00020B04       SQLiteTable3..{System.Generics.Collections}TList<System.Integer>
 0001:00020964       SQLiteTable3..{System.Generics.Collections}TList<System.Integer>.TEnumerator
 0001:0001FE48       SQLiteTable3..{System.Generics.Collections}TList<System.string>
 0001:0001FCA8       SQLiteTable3..{System.Generics.Collections}TList<System.string>.TEnumerator
 0001:0000D530       SQLiteTable3..{System.Generics.Collections}TObjectList<SQLiteTable3.TSQLiteField>
 0001:0000C230       SQLiteTable3..{System.Generics.Collections}TObjectList<SQLiteTable3.TSQliteParam>
 0001:0001EAE8       SQLiteTable3..{System.Generics.Defaults}TComparer<SQLiteTable3.PSQLiteFuncs>
 0001:00021D5C       SQLiteTable3..{System.Generics.Defaults}TComparer<SQLiteTable3.TPair<System.string,System.Integer>>
 0001:000218AC       SQLiteTable3..{System.Generics.Defaults}TComparer<SQLiteTable3.TSQLiteField>
 0001:000215C0       SQLiteTable3..{System.Generics.Defaults}TComparer<SQLiteTable3.TSQliteParam>
 0001:0002233C       SQLiteTable3..{System.Generics.Defaults}TComparer<System.Integer>
 0001:0002207C       SQLiteTable3..{System.Generics.Defaults}TComparer<System.string>
 0001:00021AD8       SQLiteTable3..{System.Generics.Defaults}TDelegatedComparer<SQLiteTable3.PSQLiteFuncs>
 0001:0002289C       SQLiteTable3..{System.Generics.Defaults}TDelegatedComparer<SQLiteTable3.TPair<System.string,System.Integer>>
 0001:000226F0       SQLiteTable3..{System.Generics.Defaults}TDelegatedComparer<SQLiteTable3.TSQLiteField>
 0001:00022544       SQLiteTable3..{System.Generics.Defaults}TDelegatedComparer<SQLiteTable3.TSQliteParam>
 0001:00022C0C       SQLiteTable3..{System.Generics.Defaults}TDelegatedComparer<System.Integer>
 0001:00022A78       SQLiteTable3..{System.Generics.Defaults}TDelegatedComparer<System.string>
 0001:0000DCEC       SQLiteTable3.AggFinalDefFunc
 0001:0000DD5C       SQLiteTable3.AggStepDefFunc
 0003:000000C0       SQLiteTable3.DEF_COLTYPES
 0003:0000009C       SQLiteTable3.DEF_COLTYPES_NAMES
 0001:0000DCD8       SQLiteTable3.DisposePointer
 0001:0000DE88       SQLiteTable3.DoAuthorize
 0001:0000DF48       SQLiteTable3.DoUpdateHook
 0001:00014CB4       SQLiteTable3.Finalization
 0001:0000DDD8       SQLiteTable3.ScalarDefFunc
 0001:0000E000       SQLiteTable3.SQLiteDataTypeToDelphiFieldType
 0002:00000114       SQLiteTable3.SQLiteTable3
 0001:0000DFD4       SQLiteTable3.SystemCollate
 0001:0001A050       SQLiteTable3.TArray.BinarySearch<SQLiteTable3.PSQLiteFuncs>
 0001:0001DD68       SQLiteTable3.TArray.BinarySearch<SQLiteTable3.TPair<System.string,System.Integer>>
 0001:0001DA20       SQLiteTable3.TArray.BinarySearch<SQLiteTable3.TSQLiteField>
 0001:0001D854       SQLiteTable3.TArray.BinarySearch<SQLiteTable3.TSQliteParam>
 0001:0001E100       SQLiteTable3.TArray.BinarySearch<System.Integer>
 0001:0001DF34       SQLiteTable3.TArray.BinarySearch<System.string>
 0001:0001DB7C       SQLiteTable3.TArray.QuickSort<SQLiteTable3.PSQLiteFuncs>
 0001:0001E554       SQLiteTable3.TArray.QuickSort<SQLiteTable3.TPair<System.string,System.Integer>>
 0001:0001E3D8       SQLiteTable3.TArray.QuickSort<SQLiteTable3.TSQLiteField>
 0001:0001E25C       SQLiteTable3.TArray.QuickSort<SQLiteTable3.TSQliteParam>
 0001:0001E920       SQLiteTable3.TArray.QuickSort<System.Integer>
 0001:0001E754       SQLiteTable3.TArray.QuickSort<System.string>
 0001:00019FCC       SQLiteTable3.TArray.Sort<SQLiteTable3.PSQLiteFuncs>
 0001:0001DCE4       SQLiteTable3.TArray.Sort<SQLiteTable3.TPair<System.string,System.Integer>>
 0001:0001D99C       SQLiteTable3.TArray.Sort<SQLiteTable3.TSQLiteField>
 0001:0001D7D0       SQLiteTable3.TArray.Sort<SQLiteTable3.TSQliteParam>
 0001:0001E07C       SQLiteTable3.TArray.Sort<System.Integer>
 0001:0001DEB0       SQLiteTable3.TArray.Sort<System.string>
 0001:000102A4       SQLiteTable3.TSQLiteDatabase.AddCustomCollate
 0001:000104AC       SQLiteTable3.TSQLiteDatabase.AddNewSupportedColumnType
 0001:00010518       SQLiteTable3.TSQLiteDatabase.AddParamFloat
 0001:00010454       SQLiteTable3.TSQLiteDatabase.AddParamInt
 0001:000105C8       SQLiteTable3.TSQLiteDatabase.AddParamNull
 0001:00010570       SQLiteTable3.TSQLiteDatabase.AddParamText
 0001:000102DC       SQLiteTable3.TSQLiteDatabase.AddSystemCollate
 0001:00010318       SQLiteTable3.TSQLiteDatabase.Analyze
 0001:0001034C       SQLiteTable3.TSQLiteDatabase.Attach
 0001:000109E8       SQLiteTable3.TSQLiteDatabase.Backup
 0001:00010B34       SQLiteTable3.TSQLiteDatabase.Backup
 0001:0000FDC4       SQLiteTable3.TSQLiteDatabase.BeginTransaction
 0001:0000ED74       SQLiteTable3.TSQLiteDatabase.BindSQL
 0001:0000EE70       SQLiteTable3.TSQLiteDatabase.BindSQL
 0001:0000FE74       SQLiteTable3.TSQLiteDatabase.ChangePassword
 0001:0000FFCC       SQLiteTable3.TSQLiteDatabase.Close
 0001:00010034       SQLiteTable3.TSQLiteDatabase.Commit
 0001:0000E254       SQLiteTable3.TSQLiteDatabase.Create
 0001:0000E078       SQLiteTable3.TSQLiteDatabase.Create
 0001:0000E2A0       SQLiteTable3.TSQLiteDatabase.Destroy
 0001:000109BC       SQLiteTable3.TSQLiteDatabase.DoQuery
 0001:0000EB9C       SQLiteTable3.TSQLiteDatabase.ExecSQL
 0001:0000E8E8       SQLiteTable3.TSQLiteDatabase.ExecSQL
 0001:0000EA94       SQLiteTable3.TSQLiteDatabase.ExecSQL
 0001:0000EBC8       SQLiteTable3.TSQLiteDatabase.ExecSQL
 0001:0000EC3C       SQLiteTable3.TSQLiteDatabase.ExecSQL
 0004:00000198       SQLiteTable3.TSQLiteDatabase.FColumnTypes
 0001:0000E41C       SQLiteTable3.TSQLiteDatabase.GetLastChangedRows
 0001:0000E300       SQLiteTable3.TSQLiteDatabase.GetLastInsertRowID
 0001:0000E32C       SQLiteTable3.TSQLiteDatabase.GetMemoryUsed
 0001:0000E3F0       SQLiteTable3.TSQLiteDatabase.GetPreparedStatement
 0001:0000E350       SQLiteTable3.TSQLiteDatabase.GetPreparedStatement
 0001:0000E3B8       SQLiteTable3.TSQLiteDatabase.GetPreparedStatementIntf
 0001:0000E388       SQLiteTable3.TSQLiteDatabase.GetPreparedStatementIntf
 0001:00010984       SQLiteTable3.TSQLiteDatabase.GetRowsChanged
 0001:0000F3F0       SQLiteTable3.TSQLiteDatabase.GetTable
 0001:0000F41C       SQLiteTable3.TSQLiteDatabase.GetTableColumnMetadata
 0001:0000FC54       SQLiteTable3.TSQLiteDatabase.GetTableString
 0001:0000FCE0       SQLiteTable3.TSQLiteDatabase.GetTableStrings
 0001:0000FBBC       SQLiteTable3.TSQLiteDatabase.GetTableValue
 0001:0000F5AC       SQLiteTable3.TSQLiteDatabase.GetUniTable
 0001:0000F5D4       SQLiteTable3.TSQLiteDatabase.GetUniTable
 0001:0000F6B4       SQLiteTable3.TSQLiteDatabase.GetUniTableIntf
 0001:0000F640       SQLiteTable3.TSQLiteDatabase.GetUniTableIntf
 0001:0000F718       SQLiteTable3.TSQLiteDatabase.InitDefaultColumnTypes
 0001:0000F75C       SQLiteTable3.TSQLiteDatabase.LoadExtension
 0001:0000F838       SQLiteTable3.TSQLiteDatabase.Open
 0001:00010404       SQLiteTable3.TSQLiteDatabase.ParamsClear
 0001:0000EC64       SQLiteTable3.TSQLiteDatabase.PrepareSQL
 0001:0000E5C0       SQLiteTable3.TSQLiteDatabase.RaiseError
 0001:0000E440       SQLiteTable3.TSQLiteDatabase.RaiseError
 0001:0000EF7C       SQLiteTable3.TSQLiteDatabase.Reindex
 0001:0000EFB0       SQLiteTable3.TSQLiteDatabase.ReleaseSQL
 0001:00010070       SQLiteTable3.TSQLiteDatabase.Rollback
 0001:00010610       SQLiteTable3.TSQLiteDatabase.SetConnected
 0001:0001066C       SQLiteTable3.TSQLiteDatabase.SetEvents
 0001:000106A4       SQLiteTable3.TSQLiteDatabase.SetExtEnabled
 0001:000106F4       SQLiteTable3.TSQLiteDatabase.SetFilename
 0001:00010728       SQLiteTable3.TSQLiteDatabase.SetOnAuthorize
 0001:00010798       SQLiteTable3.TSQLiteDatabase.SetOnUpdate
 0001:00010808       SQLiteTable3.TSQLiteDatabase.SetParams
 0001:0000E7B8       SQLiteTable3.TSQLiteDatabase.SetReadUncommitted
 0001:0000E6E4       SQLiteTable3.TSQLiteDatabase.SetSynchronised
 0001:00010224       SQLiteTable3.TSQLiteDatabase.SetTimeout
 0001:000100B0       SQLiteTable3.TSQLiteDatabase.TableExists
 0001:0000F094       SQLiteTable3.TSQLiteDatabase.UpdateBlob
 0001:0001024C       SQLiteTable3.TSQLiteDatabase.Vacuum
 0001:00010280       SQLiteTable3.TSQLiteDatabase.Version
 0001:00014184       SQLiteTable3.TSQLiteField.AsBlob
 0001:000141A8       SQLiteTable3.TSQLiteField.AsBlobPtr
 0001:000141D4       SQLiteTable3.TSQLiteField.AsBlobText
 0001:000141F8       SQLiteTable3.TSQLiteField.AsBlobTextDef
 0001:00014258       SQLiteTable3.TSQLiteField.AsDateTime
 0001:000142B8       SQLiteTable3.TSQLiteField.AsDateTimeDef
 0001:00014318       SQLiteTable3.TSQLiteField.AsDouble
 0001:00014340       SQLiteTable3.TSQLiteField.AsDoubleDef
 0001:000143A0       SQLiteTable3.TSQLiteField.AsInteger
 0001:000143CC       SQLiteTable3.TSQLiteField.AsIntegerDef
 0001:00014430       SQLiteTable3.TSQLiteField.AsString
 0001:00014454       SQLiteTable3.TSQLiteField.AsStringDef
 0001:000144B4       SQLiteTable3.TSQLiteField.Create
 0001:000144F8       SQLiteTable3.TSQLiteField.Destroy
 0001:00014534       SQLiteTable3.TSQLiteField.IsNull
 0001:00014558       SQLiteTable3.TSQLiteField.Value
 0001:00014580       SQLiteTable3.TSQLiteField.ValueDef
 0001:000145E0       SQLiteTable3.TSQLiteFunctions.AddAggregateFunction
 0001:00014788       SQLiteTable3.TSQLiteFunctions.AddScalarFunction
 0001:00014910       SQLiteTable3.TSQLiteFunctions.Clear
 0001:00014998       SQLiteTable3.TSQLiteFunctions.Create
 0001:000149F8       SQLiteTable3.TSQLiteFunctions.Destroy
 0001:00014A44       SQLiteTable3.TSQLiteFunctions.GetValueType
 0001:00014A6C       SQLiteTable3.TSQLiteFunctions.ResultAsFloat
 0001:00014A94       SQLiteTable3.TSQLiteFunctions.ResultAsInteger
 0001:00014ABC       SQLiteTable3.TSQLiteFunctions.ResultAsNull
 0001:00014ADC       SQLiteTable3.TSQLiteFunctions.ResultAsString
 0001:00014B40       SQLiteTable3.TSQLiteFunctions.ValueAsFloat
 0001:00014B68       SQLiteTable3.TSQLiteFunctions.ValueAsInteger
 0001:00014B94       SQLiteTable3.TSQLiteFunctions.ValueAsString
 0001:00012AFC       SQLiteTable3.TSQliteParam.Create
 0001:00013E78       SQLiteTable3.TSQLitePreparedStatement.BindParameterCount
 0001:00013EAC       SQLiteTable3.TSQLitePreparedStatement.BindParameterName
 0001:00013EF0       SQLiteTable3.TSQLitePreparedStatement.BindParams
 0001:000136D8       SQLiteTable3.TSQLitePreparedStatement.ClearParams
 0001:00013878       SQLiteTable3.TSQLitePreparedStatement.Create
 0001:00013718       SQLiteTable3.TSQLitePreparedStatement.Create
 0001:000138CC       SQLiteTable3.TSQLitePreparedStatement.Create
 0001:00013950       SQLiteTable3.TSQLitePreparedStatement.Destroy
 0001:000139C0       SQLiteTable3.TSQLitePreparedStatement.ExecQuery
 0001:000139E4       SQLiteTable3.TSQLitePreparedStatement.ExecQuery
 0001:00013A0C       SQLiteTable3.TSQLitePreparedStatement.ExecQuery
 0001:00013A70       SQLiteTable3.TSQLitePreparedStatement.ExecQueryIntf
 0001:00013AD4       SQLiteTable3.TSQLitePreparedStatement.ExecQueryIntf
 0001:00013AA8       SQLiteTable3.TSQLitePreparedStatement.ExecQueryIntf
 0001:00013C94       SQLiteTable3.TSQLitePreparedStatement.ExecSQL
 0001:00013CBC       SQLiteTable3.TSQLitePreparedStatement.ExecSQL
 0001:00013B04       SQLiteTable3.TSQLitePreparedStatement.ExecSQL
 0001:00013C2C       SQLiteTable3.TSQLitePreparedStatement.ExecSQL
 0001:00013C50       SQLiteTable3.TSQLitePreparedStatement.ExecSQL
 0001:00013CE0       SQLiteTable3.TSQLitePreparedStatement.ExecSQLAndMapData
 0001:00013CE0       SQLiteTable3.TSQLitePreparedStatement.GetParamCount
 0001:00013CFC       SQLiteTable3.TSQLitePreparedStatement.GetParams
 0001:00013D50       SQLiteTable3.TSQLitePreparedStatement.PrepareStatement
 0001:00013D20       SQLiteTable3.TSQLitePreparedStatement.PrepareStatement
 0001:00012C30       SQLiteTable3.TSQLitePreparedStatement.SetParamBlob
 0001:00012C54       SQLiteTable3.TSQLitePreparedStatement.SetParamBlob
 0001:00012C78       SQLiteTable3.TSQLitePreparedStatement.SetParamBlobInternal
 0001:00012DD4       SQLiteTable3.TSQLitePreparedStatement.SetParamDate
 0001:00012BC8       SQLiteTable3.TSQLitePreparedStatement.SetParamDate
 0001:00012E3C       SQLiteTable3.TSQLitePreparedStatement.SetParamDateTime
 0001:00012B60       SQLiteTable3.TSQLitePreparedStatement.SetParamDateTime
 0001:00012EA4       SQLiteTable3.TSQLitePreparedStatement.SetParamFloat
 0001:00012F30       SQLiteTable3.TSQLitePreparedStatement.SetParamFloat
 0001:00012ECC       SQLiteTable3.TSQLitePreparedStatement.SetParamFloatInternal
 0001:00012F58       SQLiteTable3.TSQLitePreparedStatement.SetParamInt
 0001:00012F80       SQLiteTable3.TSQLitePreparedStatement.SetParamInt
 0001:00012FA8       SQLiteTable3.TSQLitePreparedStatement.SetParamIntInternal
 0001:0001302C       SQLiteTable3.TSQLitePreparedStatement.SetParamNull
 0001:0001300C       SQLiteTable3.TSQLitePreparedStatement.SetParamNull
 0001:0001304C       SQLiteTable3.TSQLitePreparedStatement.SetParamNullInternal
 0001:000130A0       SQLiteTable3.TSQLitePreparedStatement.SetParams
 0001:00013388       SQLiteTable3.TSQLitePreparedStatement.SetParamText
 0001:000133AC       SQLiteTable3.TSQLitePreparedStatement.SetParamText
 0001:000133D0       SQLiteTable3.TSQLitePreparedStatement.SetParamTextInternal
 0001:00013434       SQLiteTable3.TSQLitePreparedStatement.SetParamVariant
 0001:00013458       SQLiteTable3.TSQLitePreparedStatement.SetParamVariant
 0001:0001347C       SQLiteTable3.TSQLitePreparedStatement.SetParamVariantInternal
 0001:0001365C       SQLiteTable3.TSQLitePreparedStatement.SetSQL
 0001:00010B78       SQLiteTable3.TSQLiteTable.Create
 0001:0001118C       SQLiteTable3.TSQLiteTable.Destroy
 0001:00011708       SQLiteTable3.TSQLiteTable.FieldAsBlob
 0001:00011818       SQLiteTable3.TSQLiteTable.FieldAsBlobText
 0001:00011A58       SQLiteTable3.TSQLiteTable.FieldAsDouble
 0001:000118D0       SQLiteTable3.TSQLiteTable.FieldAsInteger
 0001:00011BC8       SQLiteTable3.TSQLiteTable.FieldAsString
 0001:00011C70       SQLiteTable3.TSQLiteTable.FieldIsNull
 0001:000113E8       SQLiteTable3.TSQLiteTable.GetBOF
 0001:000112F4       SQLiteTable3.TSQLiteTable.GetColumns
 0001:00011388       SQLiteTable3.TSQLiteTable.GetCount
 0001:0001131C       SQLiteTable3.TSQLiteTable.GetCountResult
 0001:000113A4       SQLiteTable3.TSQLiteTable.GetEOF
 0001:00011430       SQLiteTable3.TSQLiteTable.GetFieldIndex
 0001:000115E0       SQLiteTable3.TSQLiteTable.GetFields
 0001:00011404       SQLiteTable3.TSQLiteTable.GetFieldValByName
 0001:000113C4       SQLiteTable3.TSQLiteTable.GetIsLastRow
 0001:00011D60       SQLiteTable3.TSQLiteTable.MoveFirst
 0001:00011D8C       SQLiteTable3.TSQLiteTable.MoveLast
 0001:00011DBC       SQLiteTable3.TSQLiteTable.MoveTo
 0001:00011D08       SQLiteTable3.TSQLiteTable.Next
 0001:00011D34       SQLiteTable3.TSQLiteTable.Previous
 0001:00011DF4       SQLiteTable3.TSQLiteUniTable.Create
 0001:00011EE4       SQLiteTable3.TSQLiteUniTable.Create
 0001:00011E50       SQLiteTable3.TSQLiteUniTable.Create
 0001:00011F40       SQLiteTable3.TSQLiteUniTable.Destroy
 0001:0001221C       SQLiteTable3.TSQLiteUniTable.FieldAsBlob
 0001:000122B4       SQLiteTable3.TSQLiteUniTable.FieldAsBlobPtr
 0001:00012300       SQLiteTable3.TSQLiteUniTable.FieldAsBlobText
 0001:000123E4       SQLiteTable3.TSQLiteUniTable.FieldAsDouble
 0001:00012414       SQLiteTable3.TSQLiteUniTable.FieldAsInteger
 0001:00012448       SQLiteTable3.TSQLiteUniTable.FieldAsString
 0001:0001246C       SQLiteTable3.TSQLiteUniTable.FieldIsNull
 0001:0001249C       SQLiteTable3.TSQLiteUniTable.FindField
 0001:00012518       SQLiteTable3.TSQLiteUniTable.GetColumns
 0001:00012540       SQLiteTable3.TSQLiteUniTable.GetCurrentRec
 0001:00011FAC       SQLiteTable3.TSQLiteUniTable.GetDataTypes
 0001:000121DC       SQLiteTable3.TSQLiteUniTable.GetEnumerator
 0001:00012200       SQLiteTable3.TSQLiteUniTable.GetEOF
 0001:0001255C       SQLiteTable3.TSQLiteUniTable.GetField
 0001:00012580       SQLiteTable3.TSQLiteUniTable.GetFieldByName
 0001:000125AC       SQLiteTable3.TSQLiteUniTable.GetFieldByNameAsString
 0001:000125D8       SQLiteTable3.TSQLiteUniTable.GetFieldCount
 0001:000125F4       SQLiteTable3.TSQLiteUniTable.GetFieldIndex
 0001:000127A4       SQLiteTable3.TSQLiteUniTable.GetFieldsAsString
 0001:000127D8       SQLiteTable3.TSQLiteUniTable.GetFieldsVal
 0001:000129EC       SQLiteTable3.TSQLiteUniTable.GetRow
 0001:00012A08       SQLiteTable3.TSQLiteUniTable.Next
 0001:00012AC0       SQLiteTable3.TSQLiteUniTable.SetField
 0001:00012AD4       SQLiteTable3.TSQLiteUniTable.SetFieldByName
 0001:00012AE8       SQLiteTable3.TSQLiteUniTable.SetFields
 0001:00014BC4       SQLiteTable3.TUniTableEnumerator.Create
 0001:00014C18       SQLiteTable3.TUniTableEnumerator.Destroy
 0001:00014C54       SQLiteTable3.TUniTableEnumerator.GetCurrent
 0001:00014C74       SQLiteTable3.TUniTableEnumerator.MoveNext
 0001:0000D9E4       SQLiteTable3.TVarDataRecordType.Clear
 0001:0000DA00       SQLiteTable3.TVarDataRecordType.Copy
 0001:0000DA28       SQLiteTable3.TVarDataRecordType.GetProperty
 0001:0000DAB0       SQLiteTable3.TVarDataRecordType.SetProperty
 0001:0000D9A0       SQLiteTable3.VarDataRecord
 0001:0000D9B8       SQLiteTable3.VarDataRecordCreate
 0003:00000098       SQLiteTable3.VarDataRecordType
 0001:00016BE0       SQLiteTable3.{System.Generics.Collections}TDictionary<System.string,System.Integer>.Add
 0001:00016E58       SQLiteTable3.{System.Generics.Collections}TDictionary<System.string,System.Integer>.AddOrSetValue
 0001:00016CF0       SQLiteTable3.{System.Generics.Collections}TDictionary<System.string,System.Integer>.Clear
 0001:00016ED0       SQLiteTable3.{System.Generics.Collections}TDictionary<System.string,System.Integer>.ContainsKey
 0001:00016F04       SQLiteTable3.{System.Generics.Collections}TDictionary<System.string,System.Integer>.ContainsValue
 0001:000169AC       SQLiteTable3.{System.Generics.Collections}TDictionary<System.string,System.Integer>.Create
 0001:000168DC       SQLiteTable3.{System.Generics.Collections}TDictionary<System.string,System.Integer>.Create
 0001:00016A9C       SQLiteTable3.{System.Generics.Collections}TDictionary<System.string,System.Integer>.Create
 0001:00016844       SQLiteTable3.{System.Generics.Collections}TDictionary<System.string,System.Integer>.Create
 0001:00016890       SQLiteTable3.{System.Generics.Collections}TDictionary<System.string,System.Integer>.Create
 0001:00016B90       SQLiteTable3.{System.Generics.Collections}TDictionary<System.string,System.Integer>.Destroy
 0001:00016594       SQLiteTable3.{System.Generics.Collections}TDictionary<System.string,System.Integer>.DoAdd
 0001:000167C0       SQLiteTable3.{System.Generics.Collections}TDictionary<System.string,System.Integer>.DoGetEnumerator
 0001:00016660       SQLiteTable3.{System.Generics.Collections}TDictionary<System.string,System.Integer>.DoRemove
 0001:00016608       SQLiteTable3.{System.Generics.Collections}TDictionary<System.string,System.Integer>.DoSetValue
 0001:00016C8C       SQLiteTable3.{System.Generics.Collections}TDictionary<System.string,System.Integer>.ExtractPair
 0001:00016358       SQLiteTable3.{System.Generics.Collections}TDictionary<System.string,System.Integer>.GetBucketIndex
 0001:00017044       SQLiteTable3.{System.Generics.Collections}TDictionary<System.string,System.Integer>.GetEnumerator
 0001:0001643C       SQLiteTable3.{System.Generics.Collections}TDictionary<System.string,System.Integer>.GetItem
 0001:00016FD4       SQLiteTable3.{System.Generics.Collections}TDictionary<System.string,System.Integer>.GetKeys
 0001:0001700C       SQLiteTable3.{System.Generics.Collections}TDictionary<System.string,System.Integer>.GetValues
 0001:00016320       SQLiteTable3.{System.Generics.Collections}TDictionary<System.string,System.Integer>.Grow
 0001:0001640C       SQLiteTable3.{System.Generics.Collections}TDictionary<System.string,System.Integer>.Hash
 0001:000167DC       SQLiteTable3.{System.Generics.Collections}TDictionary<System.string,System.Integer>.KeyNotify
 0001:000161D0       SQLiteTable3.{System.Generics.Collections}TDictionary<System.string,System.Integer>.Rehash
 0001:0001652C       SQLiteTable3.{System.Generics.Collections}TDictionary<System.string,System.Integer>.RehashAdd
 0001:00016C60       SQLiteTable3.{System.Generics.Collections}TDictionary<System.string,System.Integer>.Remove
 0001:00016164       SQLiteTable3.{System.Generics.Collections}TDictionary<System.string,System.Integer>.SetCapacity
 0001:0001649C       SQLiteTable3.{System.Generics.Collections}TDictionary<System.string,System.Integer>.SetItem
 0001:0001729C       SQLiteTable3.{System.Generics.Collections}TDictionary<System.string,System.Integer>.TKeyCollection.Create
 0001:00017280       SQLiteTable3.{System.Generics.Collections}TDictionary<System.string,System.Integer>.TKeyCollection.DoGetEnumerator
 0001:00017264       SQLiteTable3.{System.Generics.Collections}TDictionary<System.string,System.Integer>.TKeyCollection.GetCount
 0001:000172EC       SQLiteTable3.{System.Generics.Collections}TDictionary<System.string,System.Integer>.TKeyCollection.GetEnumerator
 0001:00017314       SQLiteTable3.{System.Generics.Collections}TDictionary<System.string,System.Integer>.TKeyCollection.ToArray
 0001:000173A0       SQLiteTable3.{System.Generics.Collections}TDictionary<System.string,System.Integer>.TKeyEnumerator.Create
 0001:00017368       SQLiteTable3.{System.Generics.Collections}TDictionary<System.string,System.Integer>.TKeyEnumerator.DoGetCurrent
 0001:00017384       SQLiteTable3.{System.Generics.Collections}TDictionary<System.string,System.Integer>.TKeyEnumerator.DoMoveNext
 0001:00017338       SQLiteTable3.{System.Generics.Collections}TDictionary<System.string,System.Integer>.TKeyEnumerator.GetCurrent
 0001:000173F8       SQLiteTable3.{System.Generics.Collections}TDictionary<System.string,System.Integer>.TKeyEnumerator.MoveNext
 0001:00016FB0       SQLiteTable3.{System.Generics.Collections}TDictionary<System.string,System.Integer>.ToArray
 0001:00017848       SQLiteTable3.{System.Generics.Collections}TDictionary<System.string,System.Integer>.TPairEnumerator.Create
 0001:00017810       SQLiteTable3.{System.Generics.Collections}TDictionary<System.string,System.Integer>.TPairEnumerator.DoGetCurrent
 0001:0001782C       SQLiteTable3.{System.Generics.Collections}TDictionary<System.string,System.Integer>.TPairEnumerator.DoMoveNext
 0001:000177C4       SQLiteTable3.{System.Generics.Collections}TDictionary<System.string,System.Integer>.TPairEnumerator.GetCurrent
 0001:000178A0       SQLiteTable3.{System.Generics.Collections}TDictionary<System.string,System.Integer>.TPairEnumerator.MoveNext
 0001:00016DDC       SQLiteTable3.{System.Generics.Collections}TDictionary<System.string,System.Integer>.TrimExcess
 0001:00016DF8       SQLiteTable3.{System.Generics.Collections}TDictionary<System.string,System.Integer>.TryGetValue
 0001:00017618       SQLiteTable3.{System.Generics.Collections}TDictionary<System.string,System.Integer>.TValueCollection.Create
 0001:000175FC       SQLiteTable3.{System.Generics.Collections}TDictionary<System.string,System.Integer>.TValueCollection.DoGetEnumerator
 0001:000175E0       SQLiteTable3.{System.Generics.Collections}TDictionary<System.string,System.Integer>.TValueCollection.GetCount
 0001:00017668       SQLiteTable3.{System.Generics.Collections}TDictionary<System.string,System.Integer>.TValueCollection.GetEnumerator
 0001:00017690       SQLiteTable3.{System.Generics.Collections}TDictionary<System.string,System.Integer>.TValueCollection.ToArray
 0001:00017718       SQLiteTable3.{System.Generics.Collections}TDictionary<System.string,System.Integer>.TValueEnumerator.Create
 0001:000176E0       SQLiteTable3.{System.Generics.Collections}TDictionary<System.string,System.Integer>.TValueEnumerator.DoGetCurrent
 0001:000176FC       SQLiteTable3.{System.Generics.Collections}TDictionary<System.string,System.Integer>.TValueEnumerator.DoMoveNext
 0001:000176B4       SQLiteTable3.{System.Generics.Collections}TDictionary<System.string,System.Integer>.TValueEnumerator.GetCurrent
 0001:00017770       SQLiteTable3.{System.Generics.Collections}TDictionary<System.string,System.Integer>.TValueEnumerator.MoveNext
 0001:00016810       SQLiteTable3.{System.Generics.Collections}TDictionary<System.string,System.Integer>.ValueNotify
 0001:00014DB0       SQLiteTable3.{System.Generics.Collections}TEnumerable<SQLiteTable3.PSQLiteFuncs>.GetEnumerator
 0001:00014DCC       SQLiteTable3.{System.Generics.Collections}TEnumerable<SQLiteTable3.PSQLiteFuncs>.ToArray
 0001:00014D10       SQLiteTable3.{System.Generics.Collections}TEnumerable<SQLiteTable3.PSQLiteFuncs>.ToArrayImpl
 0001:00016030       SQLiteTable3.{System.Generics.Collections}TEnumerable<SQLiteTable3.TPair<System.string,System.Integer>>.GetEnumerator
 0001:0001604C       SQLiteTable3.{System.Generics.Collections}TEnumerable<SQLiteTable3.TPair<System.string,System.Integer>>.ToArray
 0001:00015F48       SQLiteTable3.{System.Generics.Collections}TEnumerable<SQLiteTable3.TPair<System.string,System.Integer>>.ToArrayImpl
 0001:00018CD0       SQLiteTable3.{System.Generics.Collections}TEnumerable<SQLiteTable3.TSQLiteField>.GetEnumerator
 0001:00018CEC       SQLiteTable3.{System.Generics.Collections}TEnumerable<SQLiteTable3.TSQLiteField>.ToArray
 0001:00018C30       SQLiteTable3.{System.Generics.Collections}TEnumerable<SQLiteTable3.TSQLiteField>.ToArrayImpl
 0001:00017994       SQLiteTable3.{System.Generics.Collections}TEnumerable<SQLiteTable3.TSQliteParam>.GetEnumerator
 0001:000179B0       SQLiteTable3.{System.Generics.Collections}TEnumerable<SQLiteTable3.TSQliteParam>.ToArray
 0001:000178F4       SQLiteTable3.{System.Generics.Collections}TEnumerable<SQLiteTable3.TSQliteParam>.ToArrayImpl
 0001:000174EC       SQLiteTable3.{System.Generics.Collections}TEnumerable<System.Integer>.GetEnumerator
 0001:00017508       SQLiteTable3.{System.Generics.Collections}TEnumerable<System.Integer>.ToArray
 0001:0001744C       SQLiteTable3.{System.Generics.Collections}TEnumerable<System.Integer>.ToArrayImpl
 0001:00017140       SQLiteTable3.{System.Generics.Collections}TEnumerable<System.string>.GetEnumerator
 0001:0001715C       SQLiteTable3.{System.Generics.Collections}TEnumerable<System.string>.ToArray
 0001:00017068       SQLiteTable3.{System.Generics.Collections}TEnumerable<System.string>.ToArrayImpl
 0001:00014E88       SQLiteTable3.{System.Generics.Collections}TEnumerator<SQLiteTable3.PSQLiteFuncs>.MoveNext
 0001:00016148       SQLiteTable3.{System.Generics.Collections}TEnumerator<SQLiteTable3.TPair<System.string,System.Integer>>.MoveNext
 0001:00018DA8       SQLiteTable3.{System.Generics.Collections}TEnumerator<SQLiteTable3.TSQLiteField>.MoveNext
 0001:00017A6C       SQLiteTable3.{System.Generics.Collections}TEnumerator<SQLiteTable3.TSQliteParam>.MoveNext
 0001:000175C4       SQLiteTable3.{System.Generics.Collections}TEnumerator<System.Integer>.MoveNext
 0001:00017248       SQLiteTable3.{System.Generics.Collections}TEnumerator<System.string>.MoveNext
 0001:000153E0       SQLiteTable3.{System.Generics.Collections}TList<SQLiteTable3.PSQLiteFuncs>.Add
 0001:0001545C       SQLiteTable3.{System.Generics.Collections}TList<SQLiteTable3.PSQLiteFuncs>.AddRange
 0001:00015434       SQLiteTable3.{System.Generics.Collections}TList<SQLiteTable3.PSQLiteFuncs>.AddRange
 0001:00015480       SQLiteTable3.{System.Generics.Collections}TList<SQLiteTable3.PSQLiteFuncs>.AddRange
 0001:00015CE8       SQLiteTable3.{System.Generics.Collections}TList<SQLiteTable3.PSQLiteFuncs>.BinarySearch
 0001:00015D38       SQLiteTable3.{System.Generics.Collections}TList<SQLiteTable3.PSQLiteFuncs>.BinarySearch
 0001:00015B08       SQLiteTable3.{System.Generics.Collections}TList<SQLiteTable3.PSQLiteFuncs>.Clear
 0001:00015B28       SQLiteTable3.{System.Generics.Collections}TList<SQLiteTable3.PSQLiteFuncs>.Contains
 0001:000151D8       SQLiteTable3.{System.Generics.Collections}TList<SQLiteTable3.PSQLiteFuncs>.Create
 0001:0001525C       SQLiteTable3.{System.Generics.Collections}TList<SQLiteTable3.PSQLiteFuncs>.Create
 0001:00015304       SQLiteTable3.{System.Generics.Collections}TList<SQLiteTable3.PSQLiteFuncs>.Create
 0001:000157AC       SQLiteTable3.{System.Generics.Collections}TList<SQLiteTable3.PSQLiteFuncs>.Delete
 0001:000157CC       SQLiteTable3.{System.Generics.Collections}TList<SQLiteTable3.PSQLiteFuncs>.DeleteRange
 0001:000153A4       SQLiteTable3.{System.Generics.Collections}TList<SQLiteTable3.PSQLiteFuncs>.Destroy
 0001:000150C8       SQLiteTable3.{System.Generics.Collections}TList<SQLiteTable3.PSQLiteFuncs>.DoDelete
 0001:00015188       SQLiteTable3.{System.Generics.Collections}TList<SQLiteTable3.PSQLiteFuncs>.DoGetEnumerator
 0001:00015990       SQLiteTable3.{System.Generics.Collections}TList<SQLiteTable3.PSQLiteFuncs>.Exchange
 0001:00015944       SQLiteTable3.{System.Generics.Collections}TList<SQLiteTable3.PSQLiteFuncs>.Extract
 0001:00015AC4       SQLiteTable3.{System.Generics.Collections}TList<SQLiteTable3.PSQLiteFuncs>.First
 0001:00014EA4       SQLiteTable3.{System.Generics.Collections}TList<SQLiteTable3.PSQLiteFuncs>.GetCapacity
 0001:00015E04       SQLiteTable3.{System.Generics.Collections}TList<SQLiteTable3.PSQLiteFuncs>.GetEnumerator
 0001:00014F78       SQLiteTable3.{System.Generics.Collections}TList<SQLiteTable3.PSQLiteFuncs>.GetItem
 0001:0001503C       SQLiteTable3.{System.Generics.Collections}TList<SQLiteTable3.PSQLiteFuncs>.Grow
 0001:00015090       SQLiteTable3.{System.Generics.Collections}TList<SQLiteTable3.PSQLiteFuncs>.GrowCheck
 0001:00015B4C       SQLiteTable3.{System.Generics.Collections}TList<SQLiteTable3.PSQLiteFuncs>.IndexOf
 0001:000154A4       SQLiteTable3.{System.Generics.Collections}TList<SQLiteTable3.PSQLiteFuncs>.Insert
 0001:000156F8       SQLiteTable3.{System.Generics.Collections}TList<SQLiteTable3.PSQLiteFuncs>.InsertRange
 0001:00015564       SQLiteTable3.{System.Generics.Collections}TList<SQLiteTable3.PSQLiteFuncs>.InsertRange
 0001:00015674       SQLiteTable3.{System.Generics.Collections}TList<SQLiteTable3.PSQLiteFuncs>.InsertRange
 0001:00015AE4       SQLiteTable3.{System.Generics.Collections}TList<SQLiteTable3.PSQLiteFuncs>.Last
 0001:00015BAC       SQLiteTable3.{System.Generics.Collections}TList<SQLiteTable3.PSQLiteFuncs>.LastIndexOf
 0001:000159DC       SQLiteTable3.{System.Generics.Collections}TList<SQLiteTable3.PSQLiteFuncs>.Move
 0001:000151A4       SQLiteTable3.{System.Generics.Collections}TList<SQLiteTable3.PSQLiteFuncs>.Notify
 0001:00015778       SQLiteTable3.{System.Generics.Collections}TList<SQLiteTable3.PSQLiteFuncs>.Remove
 0001:00015C08       SQLiteTable3.{System.Generics.Collections}TList<SQLiteTable3.PSQLiteFuncs>.Reverse
 0001:00014EC4       SQLiteTable3.{System.Generics.Collections}TList<SQLiteTable3.PSQLiteFuncs>.SetCapacity
 0001:00014F08       SQLiteTable3.{System.Generics.Collections}TList<SQLiteTable3.PSQLiteFuncs>.SetCount
 0001:00014FC4       SQLiteTable3.{System.Generics.Collections}TList<SQLiteTable3.PSQLiteFuncs>.SetItem
 0001:00015C70       SQLiteTable3.{System.Generics.Collections}TList<SQLiteTable3.PSQLiteFuncs>.Sort
 0001:00015CAC       SQLiteTable3.{System.Generics.Collections}TList<SQLiteTable3.PSQLiteFuncs>.Sort
 0001:00015E84       SQLiteTable3.{System.Generics.Collections}TList<SQLiteTable3.PSQLiteFuncs>.TEnumerator.Create
 0001:00015E4C       SQLiteTable3.{System.Generics.Collections}TList<SQLiteTable3.PSQLiteFuncs>.TEnumerator.DoGetCurrent
 0001:00015E68       SQLiteTable3.{System.Generics.Collections}TList<SQLiteTable3.PSQLiteFuncs>.TEnumerator.DoMoveNext
 0001:00015E28       SQLiteTable3.{System.Generics.Collections}TList<SQLiteTable3.PSQLiteFuncs>.TEnumerator.GetCurrent
 0001:00015EDC       SQLiteTable3.{System.Generics.Collections}TList<SQLiteTable3.PSQLiteFuncs>.TEnumerator.MoveNext
 0001:00015DA0       SQLiteTable3.{System.Generics.Collections}TList<SQLiteTable3.PSQLiteFuncs>.ToArray
 0001:00015D88       SQLiteTable3.{System.Generics.Collections}TList<SQLiteTable3.PSQLiteFuncs>.TrimExcess
 0001:0001A730       SQLiteTable3.{System.Generics.Collections}TList<SQLiteTable3.TPair<System.string,System.Integer>>.Add
 0001:0001A7B8       SQLiteTable3.{System.Generics.Collections}TList<SQLiteTable3.TPair<System.string,System.Integer>>.AddRange
 0001:0001A790       SQLiteTable3.{System.Generics.Collections}TList<SQLiteTable3.TPair<System.string,System.Integer>>.AddRange
 0001:0001A7DC       SQLiteTable3.{System.Generics.Collections}TList<SQLiteTable3.TPair<System.string,System.Integer>>.AddRange
 0001:0001B244       SQLiteTable3.{System.Generics.Collections}TList<SQLiteTable3.TPair<System.string,System.Integer>>.BinarySearch
 0001:0001B1F4       SQLiteTable3.{System.Generics.Collections}TList<SQLiteTable3.TPair<System.string,System.Integer>>.BinarySearch
 0001:0001AFB4       SQLiteTable3.{System.Generics.Collections}TList<SQLiteTable3.TPair<System.string,System.Integer>>.Clear
 0001:0001AFD4       SQLiteTable3.{System.Generics.Collections}TList<SQLiteTable3.TPair<System.string,System.Integer>>.Contains
 0001:0001A528       SQLiteTable3.{System.Generics.Collections}TList<SQLiteTable3.TPair<System.string,System.Integer>>.Create
 0001:0001A5AC       SQLiteTable3.{System.Generics.Collections}TList<SQLiteTable3.TPair<System.string,System.Integer>>.Create
 0001:0001A654       SQLiteTable3.{System.Generics.Collections}TList<SQLiteTable3.TPair<System.string,System.Integer>>.Create
 0001:0001AB78       SQLiteTable3.{System.Generics.Collections}TList<SQLiteTable3.TPair<System.string,System.Integer>>.Delete
 0001:0001AB98       SQLiteTable3.{System.Generics.Collections}TList<SQLiteTable3.TPair<System.string,System.Integer>>.DeleteRange
 0001:0001A6F4       SQLiteTable3.{System.Generics.Collections}TList<SQLiteTable3.TPair<System.string,System.Integer>>.Destroy
 0001:0001A3BC       SQLiteTable3.{System.Generics.Collections}TList<SQLiteTable3.TPair<System.string,System.Integer>>.DoDelete
 0001:0001A4D8       SQLiteTable3.{System.Generics.Collections}TList<SQLiteTable3.TPair<System.string,System.Integer>>.DoGetEnumerator
 0001:0001AD78       SQLiteTable3.{System.Generics.Collections}TList<SQLiteTable3.TPair<System.string,System.Integer>>.Exchange
 0001:0001AD10       SQLiteTable3.{System.Generics.Collections}TList<SQLiteTable3.TPair<System.string,System.Integer>>.Extract
 0001:0001AF70       SQLiteTable3.{System.Generics.Collections}TList<SQLiteTable3.TPair<System.string,System.Integer>>.First
 0001:0001A138       SQLiteTable3.{System.Generics.Collections}TList<SQLiteTable3.TPair<System.string,System.Integer>>.GetCapacity
 0001:0001B358       SQLiteTable3.{System.Generics.Collections}TList<SQLiteTable3.TPair<System.string,System.Integer>>.GetEnumerator
 0001:0001A20C       SQLiteTable3.{System.Generics.Collections}TList<SQLiteTable3.TPair<System.string,System.Integer>>.GetItem
 0001:0001A330       SQLiteTable3.{System.Generics.Collections}TList<SQLiteTable3.TPair<System.string,System.Integer>>.Grow
 0001:0001A384       SQLiteTable3.{System.Generics.Collections}TList<SQLiteTable3.TPair<System.string,System.Integer>>.GrowCheck
 0001:0001AFF8       SQLiteTable3.{System.Generics.Collections}TList<SQLiteTable3.TPair<System.string,System.Integer>>.IndexOf
 0001:0001A800       SQLiteTable3.{System.Generics.Collections}TList<SQLiteTable3.TPair<System.string,System.Integer>>.Insert
 0001:0001A8C8       SQLiteTable3.{System.Generics.Collections}TList<SQLiteTable3.TPair<System.string,System.Integer>>.InsertRange
 0001:0001A9E4       SQLiteTable3.{System.Generics.Collections}TList<SQLiteTable3.TPair<System.string,System.Integer>>.InsertRange
 0001:0001AA84       SQLiteTable3.{System.Generics.Collections}TList<SQLiteTable3.TPair<System.string,System.Integer>>.InsertRange
 0001:0001AF90       SQLiteTable3.{System.Generics.Collections}TList<SQLiteTable3.TPair<System.string,System.Integer>>.Last
 0001:0001B058       SQLiteTable3.{System.Generics.Collections}TList<SQLiteTable3.TPair<System.string,System.Integer>>.LastIndexOf
 0001:0001AE24       SQLiteTable3.{System.Generics.Collections}TList<SQLiteTable3.TPair<System.string,System.Integer>>.Move
 0001:0001A4F4       SQLiteTable3.{System.Generics.Collections}TList<SQLiteTable3.TPair<System.string,System.Integer>>.Notify
 0001:0001AB44       SQLiteTable3.{System.Generics.Collections}TList<SQLiteTable3.TPair<System.string,System.Integer>>.Remove
 0001:0001B0B4       SQLiteTable3.{System.Generics.Collections}TList<SQLiteTable3.TPair<System.string,System.Integer>>.Reverse
 0001:0001A158       SQLiteTable3.{System.Generics.Collections}TList<SQLiteTable3.TPair<System.string,System.Integer>>.SetCapacity
 0001:0001A19C       SQLiteTable3.{System.Generics.Collections}TList<SQLiteTable3.TPair<System.string,System.Integer>>.SetCount
 0001:0001A264       SQLiteTable3.{System.Generics.Collections}TList<SQLiteTable3.TPair<System.string,System.Integer>>.SetItem
 0001:0001B17C       SQLiteTable3.{System.Generics.Collections}TList<SQLiteTable3.TPair<System.string,System.Integer>>.Sort
 0001:0001B1B8       SQLiteTable3.{System.Generics.Collections}TList<SQLiteTable3.TPair<System.string,System.Integer>>.Sort
 0001:0001B3D8       SQLiteTable3.{System.Generics.Collections}TList<SQLiteTable3.TPair<System.string,System.Integer>>.TEnumerator.Create
 0001:0001B3A0       SQLiteTable3.{System.Generics.Collections}TList<SQLiteTable3.TPair<System.string,System.Integer>>.TEnumerator.DoGetCurrent
 0001:0001B3BC       SQLiteTable3.{System.Generics.Collections}TList<SQLiteTable3.TPair<System.string,System.Integer>>.TEnumerator.DoMoveNext
 0001:0001B37C       SQLiteTable3.{System.Generics.Collections}TList<SQLiteTable3.TPair<System.string,System.Integer>>.TEnumerator.GetCurrent
 0001:0001B430       SQLiteTable3.{System.Generics.Collections}TList<SQLiteTable3.TPair<System.string,System.Integer>>.TEnumerator.MoveNext
 0001:0001B2AC       SQLiteTable3.{System.Generics.Collections}TList<SQLiteTable3.TPair<System.string,System.Integer>>.ToArray
 0001:0001B294       SQLiteTable3.{System.Generics.Collections}TList<SQLiteTable3.TPair<System.string,System.Integer>>.TrimExcess
 0001:00019300       SQLiteTable3.{System.Generics.Collections}TList<SQLiteTable3.TSQLiteField>.Add
 0001:00019354       SQLiteTable3.{System.Generics.Collections}TList<SQLiteTable3.TSQLiteField>.AddRange
 0001:000193A0       SQLiteTable3.{System.Generics.Collections}TList<SQLiteTable3.TSQLiteField>.AddRange
 0001:0001937C       SQLiteTable3.{System.Generics.Collections}TList<SQLiteTable3.TSQLiteField>.AddRange
 0001:00019C58       SQLiteTable3.{System.Generics.Collections}TList<SQLiteTable3.TSQLiteField>.BinarySearch
 0001:00019C08       SQLiteTable3.{System.Generics.Collections}TList<SQLiteTable3.TSQLiteField>.BinarySearch
 0001:00019A28       SQLiteTable3.{System.Generics.Collections}TList<SQLiteTable3.TSQLiteField>.Clear
 0001:00019A48       SQLiteTable3.{System.Generics.Collections}TList<SQLiteTable3.TSQLiteField>.Contains
 0001:0001917C       SQLiteTable3.{System.Generics.Collections}TList<SQLiteTable3.TSQLiteField>.Create
 0001:000190F8       SQLiteTable3.{System.Generics.Collections}TList<SQLiteTable3.TSQLiteField>.Create
 0001:00019224       SQLiteTable3.{System.Generics.Collections}TList<SQLiteTable3.TSQLiteField>.Create
 0001:000196CC       SQLiteTable3.{System.Generics.Collections}TList<SQLiteTable3.TSQLiteField>.Delete
 0001:000196EC       SQLiteTable3.{System.Generics.Collections}TList<SQLiteTable3.TSQLiteField>.DeleteRange
 0001:000192C4       SQLiteTable3.{System.Generics.Collections}TList<SQLiteTable3.TSQLiteField>.Destroy
 0001:00018FE8       SQLiteTable3.{System.Generics.Collections}TList<SQLiteTable3.TSQLiteField>.DoDelete
 0001:000190A8       SQLiteTable3.{System.Generics.Collections}TList<SQLiteTable3.TSQLiteField>.DoGetEnumerator
 0001:000198B0       SQLiteTable3.{System.Generics.Collections}TList<SQLiteTable3.TSQLiteField>.Exchange
 0001:00019864       SQLiteTable3.{System.Generics.Collections}TList<SQLiteTable3.TSQLiteField>.Extract
[...]

Line numbers for SQLiteTable3(System.Generics.Defaults.pas) segment .text

  1502 0001:0001E528  1503 0001:0001E538  1504 0001:0001E54C

Line numbers for SQLiteTable3(System.Generics.Collections.pas) segment .text

   533 0001:0001E554   534 0001:0001E58E   537 0001:0001E5A8   538 0001:0001E5AE
   539 0001:0001E5B4   542 0001:0001E5D5   541 0001:0001E5D8   544 0001:0001E5F2
   543 0001:0001E5F5   545 0001:0001E60D   547 0001:0001E615   549 0001:0001E61D
   550 0001:0001E634   551 0001:0001E651   553 0001:0001E668   554 0001:0001E66B
   556 0001:0001E66E   557 0001:0001E67A   558 0001:0001E682   559 0001:0001E69C
   560 0001:0001E6A2   561 0001:0001E6AE

Line numbers for SQLiteTable3(System.Generics.Defaults.pas) segment .text

  1497 0001:0001E6E0  1498 0001:0001E6FB  1499 0001:0001E709

Line numbers for SQLiteTable3(System.Generics.Defaults.pas) segment .text

  1502 0001:0001E728  1503 0001:0001E738  1504 0001:0001E74C

Line numbers for SQLiteTable3(System.Generics.Collections.pas) segment .text

   533 0001:0001E754   534 0001:0001E77A   537 0001:0001E794   538 0001:0001E79A
   539 0001:0001E7A0   542 0001:0001E7BB   541 0001:0001E7BE   544 0001:0001E7D8
   543 0001:0001E7DB   545 0001:0001E7F3   547 0001:0001E7FB   549 0001:0001E803
   550 0001:0001E814   551 0001:0001E82B   553 0001:0001E83C   554 0001:0001E83F
   556 0001:0001E842   557 0001:0001E84E   558 0001:0001E856   559 0001:0001E870
   560 0001:0001E876   561 0001:0001E882

Line numbers for SQLiteTable3(System.Generics.Defaults.pas) segment .text

  1497 0001:0001E8AC  1498 0001:0001E8C7  1499 0001:0001E8D5

Line numbers for SQLiteTable3(System.Generics.Defaults.pas) segment .text

  1502 0001:0001E8F4  1503 0001:0001E904  1504 0001:0001E918

Line numbers for SQLiteTable3(System.Generics.Collections.pas) segment .text

   533 0001:0001E920   534 0001:0001E930   537 0001:0001E94A   538 0001:0001E950
   539 0001:0001E956   542 0001:0001E96C   541 0001:0001E96F   544 0001:0001E989
   543 0001:0001E98C   545 0001:0001E9A4   547 0001:0001E9AC   549 0001:0001E9B4
   550 0001:0001E9C0   551 0001:0001E9D2   553 0001:0001E9DE   554 0001:0001E9E1
   556 0001:0001E9E4   557 0001:0001E9EC   558 0001:0001E9F4   559 0001:0001EA0E
   560 0001:0001EA14   561 0001:0001EA20

Line numbers for SQLite3Dataset(SQLite3Dataset.pas) segment .text

   120 0001:00024E58   121 0001:00024E9B   123 0001:00024EB5   124 0001:00024ECE
   127 0001:00024ED2   130 0001:00024EDE   134 0001:00024EFC   137 0001:00024F20
   138 0001:00024F2E   141 0001:00024F38   142 0001:00024F4D   144 0001:00024F53
   146 0001:00024F79   148 0001:00024F7F   153 0001:00024FBB   155 0001:00024FC1
   156 0001:00024FC7   160 0001:00024FD4   162 0001:00024FFC   121 0001:00024FFF
   163 0001:00025008   166 0001:0002510C   167 0001:0002511B   168 0001:00025129
   170 0001:0002512F   171 0001:0002513D   172 0001:0002514A   173 0001:00025158
   175 0001:00025163   199 0001:00025168   200 0001:00025199   203 0001:0002519D
   206 0001:000251B1   207 0001:000251BA   211 0001:000251CB   212 0001:000251D4
   216 0001:000251E5   217 0001:000251EE   225 0001:000251FD   227 0001:00025211
   229 0001:00025220   230 0001:00025226   232 0001:00025241   233 0001:0002525D
   225 0001:00025260   235 0001:00025265   236 0001:00025273   237 0001:0002527E
   239 0001:00025284   241 0001:00025293   243 0001:000252AA   245 0001:000252B6
   247 0001:000252C1   249 0001:000252E8   258 0001:00025305   261 0001:0002530E
   264 0001:00025350   265 0001:00025353   266 0001:00025370   267 0001:0002538D
   268 0001:000253AA   270 0001:000253AC   271 0001:000253DA   272 0001:000253DF
   274 0001:000253E4   275 0001:000253F3   277 0001:000253FE   280 0001:00025430
   282 0001:0002544A   284 0001:00025458   285 0001:00025464   286 0001:0002546C
   288 0001:0002547A   289 0001:000254B0   290 0001:000254E6   294 0001:0002551C
   295 0001:0002552B   296 0001:0002553A   298 0001:00025549   299 0001:0002554F
   300 0001:0002555D   301 0001:0002556B   305 0001:00025572   307 0001:00025580
   311 0001:0002558A   312 0001:00025598   314 0001:0002559E   315 0001:000255A6
   318 0001:000255A8   319 0001:000255B6   321 0001:000255BB   323 0001:000255BE
   309 0001:000255C6   326 0001:000255D2   328 0001:000255E0   332 0001:000255EA
   333 0001:000255F8   335 0001:000255FE   336 0001:00025606   339 0001:00025608
   340 0001:00025616   342 0001:0002561B   344 0001:0002561E   330 0001:00025626
   347 0001:00025632   350 0001:00025647   351 0001:00025655   352 0001:00025663
   353 0001:00025671   354 0001:00025679   355 0001:00025681   357 0001:00025689
   359 0001:0002568F   360 0001:0002569D   362 0001:000256AD   365 0001:000256BB
   367 0001:000256C6   368 0001:000256D4   369 0001:000256E6   372 0001:000256F3
   376 0001:00025710   377 0001:00025715   379 0001:00025728   382 0001:0002576C
   383 0001:00025775   384 0001:00025784   387 0001:0002578C   388 0001:000257A7
   389 0001:000257B4   390 0001:000257BF   391 0001:000257CA   392 0001:000257D5
   393 0001:000257E0   394 0001:000257EB   395 0001:000257F6   396 0001:00025803
   397 0001:0002580D   400 0001:0002582C   401 0001:0002583D   402 0001:00025848
   403 0001:00025853   404 0001:0002585E   405 0001:0002586B   406 0001:00025879
   412 0001:0002588C   413 0001:000258B4   414 0001:000258B9   415 0001:000258C1
   416 0001:000258CB   417 0001:000258D9   419 0001:000258F5   420 0001:0002591D
   417 0001:00025920   422 0001:00025925   424 0001:00025930   425 0001:0002593B
   427 0001:00025953   428 0001:00025969   432 0001:00025974   436 0001:00025999
   440 0001:000259B9   425 0001:000259BC   442 0001:000259C1   445 0001:000259D6
   446 0001:000259DE   448 0001:000259F0   453 0001:00025A14   454 0001:00025A3C
   457 0001:00025A52   458 0001:00025A5A   461 0001:00025A6A   463 0001:00025A72
   465 0001:00025A8A   466 0001:00025AB8   463 0001:00025ABB   468 0001:00025AC0
   470 0001:00025ACB   459 0001:00025AD3   473 0001:00025ADF   476 0001:00025AF4
   478 0001:00025B04   487 0001:00025B28   488 0001:00025B56   489 0001:00025B86
   490 0001:00025B95   491 0001:00025BA3   493 0001:00025BB1   495 0001:00025BC5
   497 0001:00025BD4   498 0001:00025BDA   500 0001:00025BF5   501 0001:00025C11
   493 0001:00025C14   503 0001:00025C19   504 0001:00025C24   505 0001:00025C32
   507 0001:00025C3E   508 0001:00025C46   510 0001:00025C5E   511 0001:00025C94
   508 0001:00025C97   513 0001:00025C9C   518 0001:00025CA9   521 0001:00025CBE
   525 0001:00025CDB   526 0001:00025CE3   528 0001:00025CF3   531 0001:00025D38
   532 0001:00025D3F   534 0001:00025D4A   537 0001:00025D57   538 0001:00025D64
   540 0001:00025D6F   542 0001:00025D77   543 0001:00025D82   550 0001:00025D88
   551 0001:00025DA7   553 0001:00025DD5   554 0001:00025DDA   555 0001:00025DDF
   557 0001:00025DE5   558 0001:00025E12   562 0001:00025E22   567 0001:00025E2A
   569 0001:00025E35   571 0001:00025E3B   572 0001:00025E46   573 0001:00025E50
   574 0001:00025E5E   576 0001:00025E76   581 0001:00025E89   582 0001:00025E8F
   584 0001:00025E97   585 0001:00025E9D   587 0001:00025EA5   592 0001:00025EC8
   593 0001:00025EE3   594 0001:00025EF0   595 0001:00025F02   596 0001:00025F14
   597 0001:00025F26   598 0001:00025F38   601 0001:00025F58   602 0001:00025F69
   603 0001:00025F74   604 0001:00025F7F   605 0001:00025F8A   606 0001:00025F95
   607 0001:00025FA3

Line numbers for SQLite3Dataset(SQLite3Dataset.pas) segment .itext

   618 0002:0000017C

Line numbers for SQLite3Dataset(SQLite3Dataset.pas) segment .text

   612 0001:00025FF8   613 0001:00026007   614 0001:00026012   615 0001:0002601B
   616 0001:00026024

Line numbers for SQLite3Dataset(System.Generics.Collections.pas) segment .text

  2076 0001:00026030  2078 0001:0002605B  2079 0001:00026075  2080 0001:0002607A
  2082 0001:0002609F  2083 0001:000260BB  2080 0001:000260BE  2084 0001:000260D7
  2085 0001:000260F4

Line numbers for SQLite3Dataset(System.Generics.Collections.pas) segment .text

  2054 0001:0002611C  2055 0001:00026125  2056 0001:0002612F

Line numbers for SQLite3Dataset(System.Generics.Collections.pas) segment .text

  2062 0001:00026138  2063 0001:00026160  2064 0001:0002616F  2065 0001:0002617D
  2066 0001:000261A2  2065 0001:000261AD  2066 0001:000261C6  2067 0001:000261E3
  2069 0001:000261FB  2071 0001:0002620B

Line numbers for SQLite3Dataset(System.Generics.Collections.pas) segment .text

  2047 0001:00026234  2048 0001:0002623D  2049 0001:00026248

Line numbers for SQLite3Dataset(System.Generics.Collections.pas) segment .text

   588 0001:00026250   589 0001:00026259   590 0001:00026267

Line numbers for SQLite3Dataset(System.Generics.Collections.pas) segment .text

   593 0001:00026270   594 0001:0002627C   595 0001:00026287   596 0001:00026292
   597 0001:000262AF

Line numbers for SQLite3Dataset(System.Generics.Collections.pas) segment .text

   600 0001:000262B4   601 0001:000262C0   602 0001:000262C6   603 0001:000262DD
   604 0001:000262EA   605 0001:000262F5   606 0001:00026300   607 0001:00026314
   608 0001:0002631D

Line numbers for SQLite3Dataset(System.Generics.Collections.pas) segment .text

   611 0001:00026324   612 0001:00026333   613 0001:00026344   614 0001:0002635B
   615 0001:00026378

Line numbers for SQLite3Dataset(System.Generics.Collections.pas) segment .text

   620 0001:0002637C   621 0001:000263A8   622 0001:000263B9   624 0001:000263D0
   625 0001:000263ED   627 0001:0002640A   628 0001:00026417   629 0001:00026424

Line numbers for SQLite3Dataset(System.Generics.Collections.pas) segment .text

   634 0001:0002644C   635 0001:00026458   636 0001:00026466   637 0001:0002646C
   640 0001:00026474   641 0001:0002647C   642 0001:00026482   643 0001:00026487
   644 0001:0002648F   645 0001:0002649A

Line numbers for SQLite3Dataset(System.Generics.Collections.pas) segment .text

   648 0001:000264A0   649 0001:000264AC   650 0001:000264BC   651 0001:000264C9
   652 0001:000264CF   653 0001:000264D4

Line numbers for SQLite3Dataset(System.Generics.Collections.pas) segment .text

   826 0001:000264D8   827 0001:00026505   828 0001:00026516   829 0001:0002652D
   830 0001:0002654A   831 0001:0002656B   832 0001:00026571   834 0001:0002657C
   835 0001:000265AF   837 0001:000265CD   838 0001:000265DB

Line numbers for SQLite3Dataset(System.Generics.Collections.pas) segment .text

   688 0001:00026604   689 0001:0002660D   690 0001:00026618

Line numbers for SQLite3Dataset(System.Generics.Collections.pas) segment .text

   656 0001:00026620   657 0001:00026630   658 0001:0002663A   659 0001:0002664D

Line numbers for SQLite3Dataset(System.Generics.Defaults.pas) segment .text

    38 0001:00027A9A

Line numbers for SQLite3Dataset(System.Generics.Collections.pas) segment .text

   662 0001:00026654   663 0001:0002667F   664 0001:00026699

Line numbers for SQLite3Dataset(System.Generics.Collections.pas) segment .text

   667 0001:000266D8   668 0001:00026707   669 0001:00026711   670 0001:0002671F
   671 0001:00026728   672 0001:00026743

Line numbers for SQLite3Dataset(System.Generics.Collections.pas) segment .text

   675 0001:00026780   676 0001:000267AF   677 0001:000267B9   678 0001:000267D4
   679 0001:000267E1

Line numbers for SQLite3Dataset(System.Generics.Collections.pas) segment .text

   682 0001:00026820   683 0001:00026831   684 0001:0002683B   685 0001:00026849

Line numbers for SQLite3Dataset(System.Generics.Collections.pas) segment .text

   693 0001:0002685C   694 0001:00026869   695 0001:00026878   696 0001:00026881
   697 0001:000268A1   698 0001:000268A7   699 0001:000268B4

Line numbers for SQLite3Dataset(System.Generics.Collections.pas) segment .text

   702 0001:000268BC   703 0001:000268CB   704 0001:000268E0

Line numbers for SQLite3Dataset(System.Generics.Collections.pas) segment .text

   707 0001:000268E4   708 0001:000268F0   709 0001:00026901

Line numbers for SQLite3Dataset(System.Generics.Collections.pas) segment .text

   712 0001:00026908   713 0001:00026914   714 0001:00026925

Line numbers for SQLite3Dataset(System.Generics.Collections.pas) segment .text

   728 0001:0002692C   729 0001:0002693C   730 0001:0002694D   732 0001:00026964
   733 0001:00026973   735 0001:0002697E   736 0001:000269B1   738 0001:000269CC
   739 0001:000269E9   740 0001:000269EF   741 0001:000269FC

Line numbers for SQLite3Dataset(System.Generics.Collections.pas) segment .text

   746 0001:00026A04   747 0001:00026A14   748 0001:00026A25   750 0001:00026A3C
   751 0001:00026A4E   753 0001:00026A59   754 0001:00026A8F   757 0001:00026AAF
   758 0001:00026AC3   757 0001:00026AEF   760 0001:00026AF4   762 0001:00026AFE
   763 0001:00026B12   762 0001:00026B2B   764 0001:00026B30

Line numbers for SQLite3Dataset(System.Generics.Collections.pas) segment .text

   769 0001:00026B38   770 0001:00026B69   772 0001:00026B81   773 0001:00026B8F
   770 0001:00026B92   774 0001:00026B9E   775 0001:00026BA6

Line numbers for SQLite3Dataset(System.Generics.Collections.pas) segment .text

   780 0001:00026BD8   781 0001:00026C03   783 0001:00026C28   784 0001:00026C36
   781 0001:00026C39   785 0001:00026C52   786 0001:00026C6F

Line numbers for SQLite3Dataset(System.Generics.Collections.pas) segment .text

   817 0001:00026C98   818 0001:00026CA4   819 0001:00026CB2   820 0001:00026CB8
   821 0001:00026CC3

Line numbers for SQLite3Dataset(System.Generics.Collections.pas) segment .text

   841 0001:00026CCC   842 0001:00026CD8   843 0001:00026CE5

Line numbers for SQLite3Dataset(System.Generics.Collections.pas) segment .text

   849 0001:00026CEC   850 0001:00026D0F   852 0001:00026D33   853 0001:00026D4A
   856 0001:00026D54   857 0001:00026D6E   859 0001:00026D8E   860 0001:00026D9F
   862 0001:00026DA5   863 0001:00026DD4   867 0001:00026DFB   869 0001:00026E1A
   871 0001:00026E23   872 0001:00026E3B   871 0001:00026E54   873 0001:00026E59

Line numbers for SQLite3Dataset(System.Generics.Collections.pas) segment .text

   800 0001:00026E84   801 0001:00026E94   802 0001:00026EA2   803 0001:00026EA8
   806 0001:00026EBF   807 0001:00026EDC   809 0001:00026EE9

Line numbers for SQLite3Dataset(System.Generics.Collections.pas) segment .text

   791 0001:00026EF0   792 0001:00026F1B   793 0001:00026F38   794 0001:00026F61
   795 0001:00026F7E

Line numbers for SQLite3Dataset(System.Generics.Collections.pas) segment .text

   914 0001:00026FA8   915 0001:00026FD4   917 0001:00026FE0   918 0001:00026FF1
   920 0001:00027008   921 0001:00027025   922 0001:00027046   923 0001:0002704E
   925 0001:00027080   927 0001:000270B0   928 0001:000270CB   929 0001:000270E8

Line numbers for SQLite3Dataset(System.Generics.Collections.pas) segment .text

   812 0001:00027110   813 0001:0002711C   814 0001:00027129

Line numbers for SQLite3Dataset(System.Generics.Collections.pas) segment .text

   897 0001:00027130   898 0001:0002713C   899 0001:0002714E

Line numbers for SQLite3Dataset(System.Generics.Collections.pas) segment .text

   876 0001:00027154   877 0001:0002715B   878 0001:00027165   879 0001:0002716F

Line numbers for SQLite3Dataset(System.Generics.Collections.pas) segment .text

   882 0001:00027174   883 0001:00027180   884 0001:00027191

Line numbers for SQLite3Dataset(System.Generics.Collections.pas) segment .text

   889 0001:00027198   890 0001:000271A5   891 0001:000271BB   892 0001:000271DC
   890 0001:000271E7   893 0001:000271EC   894 0001:000271F3

Line numbers for SQLite3Dataset(System.Generics.Collections.pas) segment .text

   904 0001:000271FC   905 0001:00027209   906 0001:00027218   907 0001:00027239
   905 0001:00027244   908 0001:0002724A   909 0001:00027251

Line numbers for SQLite3Dataset(System.Generics.Collections.pas) segment .text

   935 0001:0002725C   936 0001:00027281   937 0001:00027286   938 0001:00027290
   940 0001:00027298   941 0001:000272B5   942 0001:000272DE   943 0001:000272FB
   944 0001:000272FE   938 0001:00027301   946 0001:00027309

Line numbers for SQLite3Dataset(System.Generics.Collections.pas) segment .text

   949 0001:00027330   950 0001:00027339   951 0001:00027366

Line numbers for SQLite3Dataset(System.Generics.Collections.pas) segment .text

   954 0001:0002736C   955 0001:00027378   956 0001:000273A2

Line numbers for SQLite3Dataset(System.Generics.Collections.pas) segment .text

   717 0001:000273A8   718 0001:000273B7   719 0001:000273EF

Line numbers for SQLite3Dataset(System.Generics.Collections.pas) segment .text

   723 0001:000273F8   724 0001:00027407   725 0001:0002743C

Line numbers for SQLite3Dataset(System.Generics.Collections.pas) segment .text

   968 0001:00027448   969 0001:0002744F   970 0001:0002745D

Line numbers for SQLite3Dataset(System.Generics.Collections.pas) segment .text

   961 0001:00027460   962 0001:00027485   963 0001:000274A2   964 0001:000274B8
   963 0001:000274E5   965 0001:000274EA

Line numbers for SQLite3Dataset(System.Generics.Collections.pas) segment .text

   973 0001:00027514   974 0001:0002751D   975 0001:0002752F

Line numbers for SQLite3Dataset(System.Generics.Collections.pas) segment .text

   997 0001:00027538   998 0001:00027544   999 0001:00027558

Line numbers for SQLite3Dataset(System.Generics.Collections.pas) segment .text

   987 0001:0002755C   988 0001:00027568   989 0001:00027573

Line numbers for SQLite3Dataset(System.Generics.Collections.pas) segment .text

   992 0001:00027578   993 0001:00027581   994 0001:0002758C

Line numbers for SQLite3Dataset(System.Generics.Collections.pas) segment .text

   980 0001:00027594   981 0001:000275AF   982 0001:000275B9   983 0001:000275C2
   984 0001:000275CC

Line numbers for SQLite3Dataset(System.Generics.Collections.pas) segment .text

  1002 0001:000275EC  1003 0001:000275F5  1004 0001:00027606  1005 0001:0002760C
  1006 0001:00027612  1007 0001:00027625

Line numbers for SQLite3Dataset(System.Generics.Defaults.pas) segment .text

  1641 0001:0002762C  1642 0001:00027638  1643 0001:00027654

Line numbers for SQLite3Dataset(System.Generics.Defaults.pas) segment .text

  1646 0001:00027658  1647 0001:00027667  1648 0001:00027687

Line numbers for SQLite3Dataset(System.Generics.Collections.pas) segment .text

   575 0001:0002768C   576 0001:0002769B   579 0001:000276CD   580 0001:000276E4
   582 0001:000276EA   583 0001:00027708

Line numbers for SQLite3Dataset(System.Generics.Collections.pas) segment .text

   484 0001:00027710   485 0001:00027720   488 0001:00027752   489 0001:00027769
   491 0001:0002776F   492 0001:00027777   495 0001:0002777D   496 0001:00027781
   497 0001:00027787   498 0001:00027791   500 0001:00027799   501 0001:000277A7
   502 0001:000277C1   503 0001:000277C7   506 0001:000277D0   507 0001:000277D7
   508 0001:000277DD   498 0001:000277E1   511 0001:000277E9   512 0001:000277F1

Line numbers for SQLite3Dataset(System.Generics.Defaults.pas) segment .text

  1497 0001:000277FC  1498 0001:00027817  1499 0001:00027825

Line numbers for SQLite3Dataset(System.Generics.Defaults.pas) segment .text

  1502 0001:00027844  1503 0001:00027854  1504 0001:00027868

Line numbers for SQLite3Dataset(System.Generics.Collections.pas) segment .text

   533 0001:00027870   534 0001:000278AA   537 0001:000278C4   538 0001:000278CA
   539 0001:000278D0   542 0001:000278F4   541 0001:000278F7   544 0001:00027914
   543 0001:00027917   545 0001:00027932   547 0001:0002793A   549 0001:00027942
   550 0001:0002795C   551 0001:0002797F   553 0001:00027999   554 0001:0002799C
   556 0001:0002799F   557 0001:000279AB   558 0001:000279B3   559 0001:000279CD
   560 0001:000279D3   561 0001:000279DF

Line numbers for SQLite3Register(SQLite3Register.pas) segment .text

    13 0001:00027F88    14 0001:00027F8E    16 0001:00027FB8

Line numbers for SQLite3Register(SQLite3Register.pas) segment .itext

    18 0002:00000184

Line numbers for .pck_SQLite3(pck_SQLite3.dpk) segment .itext

    38 0002:0000018C

Bound resource files

pck_SQLite3.res
pck_SQLite3.drf


Program entry point at 0002:0000018C
